Archive member included to satisfy reference by file (symbol)

Z:\Motoman_EnIP_ToolChanger\DX200_ToolChanger\..\LwIP\Release\libLwIP.a(sockets.o)
                              OpENer/source/src/ports/generic_networkhandler.o (lwip_accept)
Z:\Motoman_EnIP_ToolChanger\DX200_ToolChanger\..\LwIP\Release\libLwIP.a(tcpip.o)
                              Z:\Motoman_EnIP_ToolChanger\DX200_ToolChanger\..\LwIP\Release\libLwIP.a(sockets.o) (lock_tcpip_core)
Z:\Motoman_EnIP_ToolChanger\DX200_ToolChanger\..\LwIP\Release\libLwIP.a(def.o)
                              OpENer/source/src/cip/cipioconnection.o (lwip_htons)
Z:\Motoman_EnIP_ToolChanger\DX200_ToolChanger\..\LwIP\Release\libLwIP.a(init.o)
                              Z:\Motoman_EnIP_ToolChanger\DX200_ToolChanger\..\LwIP\Release\libLwIP.a(tcpip.o) (lwip_init)
Z:\Motoman_EnIP_ToolChanger\DX200_ToolChanger\..\LwIP\Release\libLwIP.a(ip4.o)
                              Z:\Motoman_EnIP_ToolChanger\DX200_ToolChanger\..\LwIP\Release\libLwIP.a(tcpip.o) (ip4_input)
Z:\Motoman_EnIP_ToolChanger\DX200_ToolChanger\..\LwIP\Release\libLwIP.a(ip4_addr.o)
                              Z:\Motoman_EnIP_ToolChanger\DX200_ToolChanger\..\LwIP\Release\libLwIP.a(ip4.o) (ip4_addr_isbroadcast_u32)
Z:\Motoman_EnIP_ToolChanger\DX200_ToolChanger\..\LwIP\Release\libLwIP.a(ip4_frag.o)
                              Z:\Motoman_EnIP_ToolChanger\DX200_ToolChanger\..\LwIP\Release\libLwIP.a(ip4.o) (ip4_reass)
Z:\Motoman_EnIP_ToolChanger\DX200_ToolChanger\..\LwIP\Release\libLwIP.a(mem.o)
                              Z:\Motoman_EnIP_ToolChanger\DX200_ToolChanger\..\LwIP\Release\libLwIP.a(init.o) (mem_init)
Z:\Motoman_EnIP_ToolChanger\DX200_ToolChanger\..\LwIP\Release\libLwIP.a(memp.o)
                              Z:\Motoman_EnIP_ToolChanger\DX200_ToolChanger\..\LwIP\Release\libLwIP.a(init.o) (memp_init)
Z:\Motoman_EnIP_ToolChanger\DX200_ToolChanger\..\LwIP\Release\libLwIP.a(netif.o)
                              Z:\Motoman_EnIP_ToolChanger\DX200_ToolChanger\..\LwIP\Release\libLwIP.a(init.o) (netif_init)
Z:\Motoman_EnIP_ToolChanger\DX200_ToolChanger\..\LwIP\Release\libLwIP.a(pbuf.o)
                              OpENer/source/src/enet_encap/encap.o (pbuf_alloc)
Z:\Motoman_EnIP_ToolChanger\DX200_ToolChanger\..\LwIP\Release\libLwIP.a(raw.o)
                              Z:\Motoman_EnIP_ToolChanger\DX200_ToolChanger\..\LwIP\Release\libLwIP.a(ip4.o) (raw_input)
Z:\Motoman_EnIP_ToolChanger\DX200_ToolChanger\..\LwIP\Release\libLwIP.a(tcp.o)
                              Z:\Motoman_EnIP_ToolChanger\DX200_ToolChanger\..\LwIP\Release\libLwIP.a(pbuf.o) (tcp_active_pcbs)
Z:\Motoman_EnIP_ToolChanger\DX200_ToolChanger\..\LwIP\Release\libLwIP.a(tcp_in.o)
                              Z:\Motoman_EnIP_ToolChanger\DX200_ToolChanger\..\LwIP\Release\libLwIP.a(ip4.o) (tcp_input)
Z:\Motoman_EnIP_ToolChanger\DX200_ToolChanger\..\LwIP\Release\libLwIP.a(tcp_out.o)
                              Z:\Motoman_EnIP_ToolChanger\DX200_ToolChanger\..\LwIP\Release\libLwIP.a(tcp.o) (tcp_split_unsent_seg)
Z:\Motoman_EnIP_ToolChanger\DX200_ToolChanger\..\LwIP\Release\libLwIP.a(timeouts.o)
                              Z:\Motoman_EnIP_ToolChanger\DX200_ToolChanger\..\LwIP\Release\libLwIP.a(tcp.o) (tcp_timer_needed)
Z:\Motoman_EnIP_ToolChanger\DX200_ToolChanger\..\LwIP\Release\libLwIP.a(udp.o)
                              Z:\Motoman_EnIP_ToolChanger\DX200_ToolChanger\..\LwIP\Release\libLwIP.a(init.o) (udp_init)
Z:\Motoman_EnIP_ToolChanger\DX200_ToolChanger\..\LwIP\Release\libLwIP.a(ethernet.o)
                              Z:\Motoman_EnIP_ToolChanger\DX200_ToolChanger\..\LwIP\Release\libLwIP.a(tcpip.o) (ethernet_input)
Z:\Motoman_EnIP_ToolChanger\DX200_ToolChanger\..\LwIP\Release\libLwIP.a(sys_arch.o)
                              Z:\Motoman_EnIP_ToolChanger\DX200_ToolChanger\..\LwIP\Release\libLwIP.a(init.o) (sys_init)
Z:\Motoman_EnIP_ToolChanger\DX200_ToolChanger\..\LwIP\Release\libLwIP.a(api_lib.o)
                              Z:\Motoman_EnIP_ToolChanger\DX200_ToolChanger\..\LwIP\Release\libLwIP.a(sockets.o) (netconn_new_with_proto_and_callback)
Z:\Motoman_EnIP_ToolChanger\DX200_ToolChanger\..\LwIP\Release\libLwIP.a(api_msg.o)
                              Z:\Motoman_EnIP_ToolChanger\DX200_ToolChanger\..\LwIP\Release\libLwIP.a(api_lib.o) (lwip_netconn_is_err_msg)
Z:\Motoman_EnIP_ToolChanger\DX200_ToolChanger\..\LwIP\Release\libLwIP.a(err.o)
                              Z:\Motoman_EnIP_ToolChanger\DX200_ToolChanger\..\LwIP\Release\libLwIP.a(sockets.o) (err_to_errno)
Z:\Motoman_EnIP_ToolChanger\DX200_ToolChanger\..\LwIP\Release\libLwIP.a(netbuf.o)
                              Z:\Motoman_EnIP_ToolChanger\DX200_ToolChanger\..\LwIP\Release\libLwIP.a(sockets.o) (netbuf_delete)
Z:\Motoman_EnIP_ToolChanger\DX200_ToolChanger\..\LwIP\Release\libLwIP.a(dns.o)
                              Z:\Motoman_EnIP_ToolChanger\DX200_ToolChanger\..\LwIP\Release\libLwIP.a(init.o) (dns_init)
[...]
Memory Configuration

Name             Origin             Length             Attributes
FLASH            0x00004000         0x0007c000         xr
RAM              0x20000000         0x00030000         xrw
*default*        0x00000000         0xffffffff

Linker script and memory map

LOAD c:/program files (x86)/atmel/studio/7.0/toolchain/arm/arm-gnu-toolchain/bin/../lib/gcc/arm-none-eabi/6.3.1/thumb/v7e-m/fpv4-sp/hard/crti.o
LOAD c:/program files (x86)/atmel/studio/7.0/toolchain/arm/arm-gnu-toolchain/bin/../lib/gcc/arm-none-eabi/6.3.1/thumb/v7e-m/fpv4-sp/hard/crtbegin.o
LOAD c:/program files (x86)/atmel/studio/7.0/toolchain/arm/arm-gnu-toolchain/bin/../lib/gcc/arm-none-eabi/6.3.1/../../../../arm-none-eabi/lib/thumb/v7e-m/fpv4-sp/hard/rdimon-crt0.o
LOAD Device_Startup/startup_same53.o
LOAD main.o
LOAD diablo16_serial.o
LOAD toolchanger_hmi.o
LOAD OpENer/source/src/cip/appcontype.o
LOAD OpENer/source/src/cip/cipassembly.o
LOAD OpENer/source/src/cip/cipclass3connection.o
LOAD OpENer/source/src/cip/cipcommon.o
LOAD OpENer/source/src/cip/cipconnectionmanager.o
LOAD OpENer/source/src/cip/cipconnectionobject.o
LOAD OpENer/source/src/cip/cipdlr.o
LOAD OpENer/source/src/cip/cipelectronickey.o
LOAD OpENer/source/src/cip/cipepath.o
LOAD OpENer/source/src/cip/cipethernetlink.o
LOAD OpENer/source/src/cip/cipidentity.o
LOAD OpENer/source/src/cip/cipioconnection.o
LOAD OpENer/source/src/cip/cipmessagerouter.o
LOAD OpENer/source/src/cip/cipqos.o
LOAD OpENer/source/src/cip/cipstring.o
LOAD OpENer/source/src/cip/cipstringi.o
LOAD OpENer/source/src/cip/ciptcpipinterface.o
LOAD OpENer/source/src/cip/ciptypes.o
LOAD OpENer/source/src/enet_encap/cpf.o
LOAD OpENer/source/src/enet_encap/encap.o
LOAD OpENer/source/src/enet_encap/endianconv.o
LOAD OpENer/source/src/ports/generic_networkhandler.o
LOAD OpENer/source/src/ports/socket_timer.o
LOAD OpENer/source/src/ports/nvdata/conffile.o
LOAD OpENer/source/src/ports/nvdata/nvdata.o
LOAD OpENer/source/src/ports/nvdata/nvqos.o
LOAD OpENer/source/src/ports/nvdata/nvtcpip.o
LOAD OpENer/source/src/ports/ClearCore/networkconfig.o
LOAD OpENer/source/src/ports/ClearCore/networkhandler.o
LOAD OpENer/source/src/ports/ClearCore/clearcore_wrapper.o
LOAD OpENer/source/src/ports/ClearCore/opener.o
LOAD OpENer/source/src/ports/ClearCore/opener_error.o
LOAD OpENer/source/src/ports/ClearCore/dx200_toolchanger/ethlinkcbs.o
LOAD OpENer/source/src/ports/ClearCore/dx200_toolchanger/dx200_toolchanger.o
LOAD OpENer/source/src/utils/doublylinkedlist.o
LOAD OpENer/source/src/utils/enipmessage.o
LOAD OpENer/source/src/utils/random.o
LOAD OpENer/source/src/utils/xorshiftrandom.o
START GROUP
LOAD C:\Program Files (x86)\Atmel\Studio\7.0\Packs\arm\CMSIS\4.5.0\CMSIS\Lib\GCC\libarm_cortexM4lf_math.a
LOAD Z:\Motoman_EnIP_ToolChanger\DX200_ToolChanger\..\LwIP\Release\libLwIP.a
LOAD Z:\Motoman_EnIP_ToolChanger\libClearCore\Release\libClearCore.a
LOAD Z:\Motoman_EnIP_ToolChanger\DX200_ToolChanger\..\LwIP\Release\libLwIP.a
END GROUP
LOAD c:/program files (x86)/atmel/studio/7.0/toolchain/arm/arm-gnu-toolchain/bin/../lib/gcc/arm-none-eabi/6.3.1/../../../../arm-none-eabi/lib/thumb/v7e-m/fpv4-sp/hard\libstdc++.a
LOAD c:/program files (x86)/atmel/studio/7.0/toolchain/arm/arm-gnu-toolchain/bin/../lib/gcc/arm-none-eabi/6.3.1/../../../../arm-none-eabi/lib/thumb/v7e-m/fpv4-sp/hard\libm.a
START GROUP
LOAD c:/program files (x86)/atmel/studio/7.0/toolchain/arm/arm-gnu-toolchain/bin/../lib/gcc/arm-none-eabi/6.3.1/thumb/v7e-m/fpv4-sp/hard\libgcc.a
LOAD c:/program files (x86)/atmel/studio/7.0/toolchain/arm/arm-gnu-toolchain/bin/../lib/gcc/arm-none-eabi/6.3.1/../../../../arm-none-eabi/lib/thumb/v7e-m/fpv4-sp/hard\libc.a
END GROUP
START GROUP
LOAD c:/program files (x86)/atmel/studio/7.0/toolchain/arm/arm-gnu-toolchain/bin/../lib/gcc/arm-none-eabi/6.3.1/thumb/v7e-m/fpv4-sp/hard\libgcc.a
LOAD c:/program files (x86)/atmel/studio/7.0/toolchain/arm/arm-gnu-toolchain/bin/../lib/gcc/arm-none-eabi/6.3.1/../../../../arm-none-eabi/lib/thumb/v7e-m/fpv4-sp/hard\libc.a
LOAD c:/program files (x86)/atmel/studio/7.0/toolchain/arm/arm-gnu-toolchain/bin/../lib/gcc/arm-none-eabi/6.3.1/../../../../arm-none-eabi/lib/thumb/v7e-m/fpv4-sp/hard\librdimon.a
END GROUP
LOAD c:/program files (x86)/atmel/studio/7.0/toolchain/arm/arm-gnu-toolchain/bin/../lib/gcc/arm-none-eabi/6.3.1/thumb/v7e-m/fpv4-sp/hard/crtend.o
LOAD c:/program files (x86)/atmel/studio/7.0/toolchain/arm/arm-gnu-toolchain/bin/../lib/gcc/arm-none-eabi/6.3.1/thumb/v7e-m/fpv4-sp/hard/crtn.o

.text           0x00004000    0x41f0c
                0x00004000                __text_start__ = .
 *(.sketch_boot)
                0x00004000                . = ALIGN (0x4000)
 *(.vectors)
 .vectors       0x00004000      0x264 Device_Startup/startup_same53.o
                0x00004000                exception_table
 *(.text*)
 .text          0x00004264       0x6c c:/program files (x86)/atmel/studio/7.0/toolchain/arm/arm-gnu-toolchain/bin/../lib/gcc/arm-none-eabi/6.3.1/thumb/v7e-m/fpv4-sp/hard/crtbegin.o
 .text.Dummy_Handler
                0x000042d0        0x4 Device_Startup/startup_same53.o
                0x000042d0                SVCall_Handler
                0x000042d0                EVSYS_0_Handler
                0x000042d0                TCC1_3_Handler
                0x000042d0                DAC_3_Handler
                0x000042d0                TRNG_Handler
                0x000042d0                HardFault_Handler
                0x000042d0                TC2_Handler
                0x000042d0                PDEC_2_Handler
                0x000042d0                AC_Handler
                0x000042d0                SERCOM3_1_Handler
                0x000042d0                TCC2_3_Handler
                0x000042d0                SERCOM3_2_Handler
                0x000042d0                PendSV_Handler
                0x000042d0                TC7_Handler
                0x000042d0                ADC1_1_Handler
                0x000042d0                EVSYS_3_Handler
                0x000042d0                PDEC_0_Handler
                0x000042d0                QSPI_Handler
                0x000042d0                NonMaskableInt_Handler
                0x000042d0                MemManagement_Handler
                0x000042d0                DAC_2_Handler
                0x000042d0                RTC_Handler
                0x000042d0                UsageFault_Handler
                0x000042d0                SERCOM4_0_Handler
                0x000042d0                OSC32KCTRL_Handler
                0x000042d0                TCC2_1_Handler
                0x000042d0                SUPC_1_Handler
                0x000042d0                TCC0_5_Handler
                0x000042d0                TCC0_6_Handler
                0x000042d0                SERCOM6_2_Handler
                0x000042d0                EVSYS_1_Handler
                0x000042d0                TCC1_4_Handler
                0x000042d0                TC6_Handler
                0x000042d0                DMAC_0_Handler
                0x000042d0                WDT_Handler
                0x000042d0                SERCOM6_0_Handler
                0x000042d0                SERCOM5_0_Handler
                0x000042d0                TC4_Handler
                0x000042d0                TC1_Handler
                0x000042d0                OSCCTRL_4_Handler
                0x000042d0                SERCOM4_3_Handler
                0x000042d0                DMAC_4_Handler
                0x000042d0                TCC4_2_Handler
                0x000042d0                PAC_Handler
                0x000042d0                TCC1_0_Handler
                0x000042d0                OSCCTRL_0_Handler
                0x000042d0                OSCCTRL_3_Handler
                0x000042d0                SERCOM4_1_Handler
                0x000042d0                TC3_Handler
                0x000042d0                Dummy_Handler
                0x000042d0                TCC2_2_Handler
                0x000042d0                SERCOM5_1_Handler
                0x000042d0                TCC1_1_Handler
                0x000042d0                DMAC_2_Handler
                0x000042d0                ADC0_0_Handler
                0x000042d0                SERCOM0_1_Handler
                0x000042d0                OSCCTRL_2_Handler
                0x000042d0                ADC1_0_Handler
                0x000042d0                TCC1_2_Handler
                0x000042d0                SERCOM7_1_Handler
                0x000042d0                PM_Handler
                0x000042d0                SERCOM6_3_Handler
                0x000042d0                DAC_4_Handler
                0x000042d0                TCC3_2_Handler
                0x000042d0                TCC0_2_Handler
                0x000042d0                DMAC_1_Handler
                0x000042d0                SDHC1_Handler
                0x000042d0                TCC2_0_Handler
                0x000042d0                PDEC_1_Handler
                0x000042d0                TCC4_1_Handler
                0x000042d0                SERCOM5_3_Handler
                0x000042d0                SERCOM6_1_Handler
                0x000042d0                SDHC0_Handler
                0x000042d0                SERCOM1_1_Handler
                0x000042d0                I2S_Handler
                0x000042d0                PCC_Handler
                0x000042d0                DAC_0_Handler
                0x000042d0                TCC0_1_Handler
                0x000042d0                SERCOM1_3_Handler
                0x000042d0                OSCCTRL_1_Handler
                0x000042d0                SERCOM1_0_Handler
                0x000042d0                PUKCC_Handler
                0x000042d0                SERCOM2_1_Handler
                0x000042d0                SERCOM1_2_Handler
                0x000042d0                SERCOM3_0_Handler
                0x000042d0                SERCOM4_2_Handler
                0x000042d0                EVSYS_4_Handler
                0x000042d0                NVMCTRL_1_Handler
                0x000042d0                SERCOM5_2_Handler
                0x000042d0                SERCOM3_3_Handler
                0x000042d0                ADC0_1_Handler
                0x000042d0                TCC3_1_Handler
                0x000042d0                DAC_1_Handler
                0x000042d0                NVMCTRL_0_Handler
                0x000042d0                MCLK_Handler
                0x000042d0                EVSYS_2_Handler
                0x000042d0                SUPC_0_Handler
                0x000042d0                BusFault_Handler
                0x000042d0                FREQM_Handler
                0x000042d0                TC0_Handler
                0x000042d0                TCC0_3_Handler
                0x000042d0                DMAC_3_Handler
                0x000042d0                DebugMonitor_Handler
                0x000042d0                TCC0_4_Handler
                0x000042d0                RAMECC_Handler
                0x000042d0                TC5_Handler
                0x000042d0                AES_Handler
                0x000042d0                ICM_Handler
 .text._ZN9ClearCore7ISerial8SendLineEPKc.constprop.2
                0x000042d4       0x44 main.o
 .text.startup.main
                0x00004318      0x468 main.o
                0x00004318                main
 .text._ZN14Diablo16SerialC2Ev
                0x00004780       0x28 diablo16_serial.o
                0x00004780                Diablo16Serial::Diablo16Serial()
                0x00004780                Diablo16Serial::Diablo16Serial()
 .text._ZN14Diablo16Serial5BeginERN9ClearCore7ISerialE
                0x000047a8       0x24 diablo16_serial.o
                0x000047a8                Diablo16Serial::Begin(ClearCore::ISerial&)
 .text._ZN14Diablo16Serial14resetTextCacheEv
                0x000047cc       0x14 diablo16_serial.o
                0x000047cc                Diablo16Serial::resetTextCache()
 .text._ZN14Diablo16Serial7drainRxEv
                0x000047e0       0x20 diablo16_serial.o
                0x000047e0                Diablo16Serial::drainRx()
 .text._ZN14Diablo16Serial6getAckEv
                0x00004800       0x74 diablo16_serial.o
                0x00004800                Diablo16Serial::getAck()
 .text._ZN14Diablo16Serial10getAckRespEv
                0x00004874       0x78 diablo16_serial.o
                0x00004874                Diablo16Serial::getAckResp()
 .text._ZN14Diablo16Serial7gfx_ClsEv
                0x000048ec       0x24 diablo16_serial.o
                0x000048ec                Diablo16Serial::gfx_Cls()
 .text._ZN14Diablo16Serial16gfx_CircleFilledEtttt
                0x00004910       0x74 diablo16_serial.o
                0x00004910                Diablo16Serial::gfx_CircleFilled(unsigned short, unsigned short, unsigned short, unsigned short)
 .text._ZN14Diablo16Serial8gfx_LineEttttt
                0x00004984       0x74 diablo16_serial.o
                0x00004984                Diablo16Serial::gfx_Line(unsigned short, unsigned short, unsigned short, unsigned short, unsigned short)
 .text._ZN14Diablo16Serial13gfx_RectangleEttttt
                0x000049f8       0x74 diablo16_serial.o
                0x000049f8                Diablo16Serial::gfx_Rectangle(unsigned short, unsigned short, unsigned short, unsigned short, unsigned short)
 .text._ZN14Diablo16Serial19gfx_RectangleFilledEttttt
                0x00004a6c       0x74 diablo16_serial.o
                0x00004a6c                Diablo16Serial::gfx_RectangleFilled(unsigned short, unsigned short, unsigned short, unsigned short, unsigned short)
 .text._ZN14Diablo16Serial12gfx_BGcolourEt
                0x00004ae0       0xa8 diablo16_serial.o
                0x00004ae0                Diablo16Serial::gfx_BGcolour(unsigned short)
 .text._ZN14Diablo16Serial14gfx_ScreenModeEt
                0x00004b88       0xa8 diablo16_serial.o
                0x00004b88                Diablo16Serial::gfx_ScreenMode(unsigned short)
 .text._ZN14Diablo16Serial14sys_GetVersionEv
                0x00004c30       0x90 diablo16_serial.o
                0x00004c30                Diablo16Serial::sys_GetVersion()
 .text._ZN14Diablo16Serial10drawTextAtEttPKctttt
                0x00004cc0      0x214 diablo16_serial.o
                0x00004cc0                Diablo16Serial::drawTextAt(unsigned short, unsigned short, char const*, unsigned short, unsigned short, unsigned short, unsigned short)
 .text._ZL15updateBottomBarthb.isra.0
                0x00004ed4      0x17c toolchanger_hmi.o
 .text._ZL10drawPockethtt
                0x00005050       0xe8 toolchanger_hmi.o
 .text.HMI_Cyclic
                0x00005138      0x6f0 toolchanger_hmi.o
                0x00005138                HMI_Cyclic
 .text.startup._GLOBAL__sub_I_HMI_Init
                0x00005828        0xc toolchanger_hmi.o
 *fill*         0x00005834        0x4 
 .text.HMI_Init
                0x00005838      0x9fc toolchanger_hmi.o
                0x00005838                HMI_Init
 .text.ConfigureExclusiveOwnerConnectionPoint
                0x00006234       0x10 OpENer/source/src/cip/appcontype.o
                0x00006234                ConfigureExclusiveOwnerConnectionPoint
 .text.GetListenOnlyConnection
                0x00006244       0xfc OpENer/source/src/cip/appcontype.o
                0x00006244                GetListenOnlyConnection
 .text.GetIoConnectionForConnectionData
                0x00006340      0x160 OpENer/source/src/cip/appcontype.o
                0x00006340                GetIoConnectionForConnectionData
 .text.GetExistingProducerIoConnection
                0x000064a0       0x80 OpENer/source/src/cip/appcontype.o
                0x000064a0                GetExistingProducerIoConnection
 .text.GetNextNonControlMasterConnection
                0x00006520       0x4c OpENer/source/src/cip/appcontype.o
                0x00006520                GetNextNonControlMasterConnection
 .text.CloseAllConnectionsForInputWithSameType
                0x0000656c       0x44 OpENer/source/src/cip/appcontype.o
                0x0000656c                CloseAllConnectionsForInputWithSameType
 .text.CloseAllConnections
                0x000065b0       0x1c OpENer/source/src/cip/appcontype.o
                0x000065b0                CloseAllConnections
 .text.ConnectionWithSameConfigPointExists
                0x000065cc       0x30 OpENer/source/src/cip/appcontype.o
                0x000065cc                ConnectionWithSameConfigPointExists
 .text.InitializeIoConnectionData
                0x000065fc       0x38 OpENer/source/src/cip/appcontype.o
                0x000065fc                InitializeIoConnectionData
 .text.AssemblyPostSetCallback
                0x00006634        0x4 OpENer/source/src/cip/cipassembly.o
 .text.AssemblyPreGetCallback
                0x00006638        0xc OpENer/source/src/cip/cipassembly.o
 .text.DecodeCipAssemblyAttribute3
                0x00006644       0x50 OpENer/source/src/cip/cipassembly.o
                0x00006644                DecodeCipAssemblyAttribute3
 .text.CipAssemblyInitialize
                0x00006694       0x94 OpENer/source/src/cip/cipassembly.o
                0x00006694                CipAssemblyInitialize
 .text.CreateAssemblyObject
                0x00006728       0xf8 OpENer/source/src/cip/cipassembly.o
                0x00006728                CreateAssemblyObject
 .text.NotifyAssemblyConnectedDataReceived
                0x00006820       0x34 OpENer/source/src/cip/cipassembly.o
                0x00006820                NotifyAssemblyConnectedDataReceived
 .text.Class3ConnectionTimeoutHandler
                0x00006854       0x18 OpENer/source/src/cip/cipclass3connection.o
                0x00006854                Class3ConnectionTimeoutHandler
 .text.EstablishClass3Connection
                0x0000686c       0x74 OpENer/source/src/cip/cipclass3connection.o
                0x0000686c                EstablishClass3Connection
 .text.InitializeClass3ConnectionData
                0x000068e0       0x10 OpENer/source/src/cip/cipclass3connection.o
                0x000068e0                InitializeClass3ConnectionData
 .text.GetAttributeSingle
                0x000068f0       0xc4 OpENer/source/src/cip/cipcommon.o
                0x000068f0                GetAttributeSingle
 .text.GetAttributeAll
                0x000069b4       0xdc OpENer/source/src/cip/cipcommon.o
                0x000069b4                GetAttributeAll
 .text.AddCipInstances.constprop.1
                0x00006a90       0xb4 OpENer/source/src/cip/cipcommon.o
 .text.EncodeCipUint
                0x00006b44        0x8 OpENer/source/src/cip/cipcommon.o
                0x00006b44                EncodeCipUint
 .text.CipStackInit
                0x00006b4c       0x2c OpENer/source/src/cip/cipcommon.o
                0x00006b4c                CipStackInit
 .text.NotifyClass
                0x00006b78       0x7c OpENer/source/src/cip/cipcommon.o
                0x00006b78                NotifyClass
 .text.AddCipInstances
                0x00006bf4      0x108 OpENer/source/src/cip/cipcommon.o
                0x00006bf4                AddCipInstances
 .text.AddCipInstance
                0x00006cfc       0x34 OpENer/source/src/cip/cipcommon.o
                0x00006cfc                AddCipInstance
 .text.CreateCipClass
                0x00006d30      0x484 OpENer/source/src/cip/cipcommon.o
                0x00006d30                CreateCipClass
 .text.InsertAttribute
                0x000071b4       0x98 OpENer/source/src/cip/cipcommon.o
                0x000071b4                InsertAttribute
 .text.InsertService
                0x0000724c       0x38 OpENer/source/src/cip/cipcommon.o
                0x0000724c                InsertService
 .text.InsertGetSetCallback
                0x00007284       0x1c OpENer/source/src/cip/cipcommon.o
                0x00007284                InsertGetSetCallback
 .text.GetCipAttribute
                0x000072a0       0x30 OpENer/source/src/cip/cipcommon.o
                0x000072a0                GetCipAttribute
 .text.EncodeCipBool
                0x000072d0        0x8 OpENer/source/src/cip/cipcommon.o
                0x000072d0                EncodeCipBool
 .text.EncodeCipWord
                0x000072d8        0x8 OpENer/source/src/cip/cipcommon.o
                0x000072d8                EncodeCipWord
 .text.EncodeCipDword
                0x000072e0        0x8 OpENer/source/src/cip/cipcommon.o
                0x000072e0                EncodeCipDword
 .text.EncodeCipUsint
                0x000072e8        0x8 OpENer/source/src/cip/cipcommon.o
                0x000072e8                EncodeCipUsint
 .text.EncodeCipUdint
                0x000072f0        0x8 OpENer/source/src/cip/cipcommon.o
                0x000072f0                EncodeCipUdint
 .text.EncodeCipShortString
                0x000072f8       0x30 OpENer/source/src/cip/cipcommon.o
                0x000072f8                EncodeCipShortString
 .text.EncodeCipString
                0x00007328       0x44 OpENer/source/src/cip/cipcommon.o
                0x00007328                EncodeCipString
 .text.EncodeCipByteArray
                0x0000736c       0x2c OpENer/source/src/cip/cipcommon.o
                0x0000736c                EncodeCipByteArray
 .text.EncodeCipEPath
                0x00007398       0xac OpENer/source/src/cip/cipcommon.o
                0x00007398                EncodeCipEPath
 .text.EncodeCipEthernetLinkPhyisicalAddress
                0x00007444       0x24 OpENer/source/src/cip/cipcommon.o
                0x00007444                EncodeCipEthernetLinkPhyisicalAddress
 .text.SetAttributeSingle
                0x00007468       0xd4 OpENer/source/src/cip/cipcommon.o
                0x00007468                SetAttributeSingle
 .text.GetAttributeList
                0x0000753c      0x198 OpENer/source/src/cip/cipcommon.o
                0x0000753c                GetAttributeList
 .text.SetAttributeList
                0x000076d4      0x1c4 OpENer/source/src/cip/cipcommon.o
                0x000076d4                SetAttributeList
 .text.DecodePaddedEPath
                0x00007898       0xf4 OpENer/source/src/cip/cipcommon.o
                0x00007898                DecodePaddedEPath
 .text.CipResetService
                0x0000798c       0x4c OpENer/source/src/cip/cipcommon.o
                0x0000798c                CipResetService
 .text.GetConnectionOwner
                0x000079d8        0x4 OpENer/source/src/cip/cipconnectionmanager.o
                0x000079d8                GetConnectionOwner
 .text.InitializeConnectionManager
                0x000079dc       0xdc OpENer/source/src/cip/cipconnectionmanager.o
                0x000079dc                InitializeConnectionManager
 .text.EncodeConnectionEntryList
                0x00007ab8       0x88 OpENer/source/src/cip/cipconnectionmanager.o
 .text.HandleNullMatchingForwardOpenRequest
                0x00007b40       0x8c OpENer/source/src/cip/cipconnectionmanager.o
                0x00007b40                HandleNullMatchingForwardOpenRequest
 .text.HandleNullNonMatchingForwardOpenRequest
                0x00007bcc       0x8c OpENer/source/src/cip/cipconnectionmanager.o
                0x00007bcc                HandleNullNonMatchingForwardOpenRequest
 .text.HandleNonNullMatchingForwardOpenRequest
                0x00007c58       0x8c OpENer/source/src/cip/cipconnectionmanager.o
                0x00007c58                HandleNonNullMatchingForwardOpenRequest
 .text.GetConnectionId
                0x00007ce4       0x1c OpENer/source/src/cip/cipconnectionmanager.o
                0x00007ce4                GetConnectionId
 .text.ConnectionManagerInit
                0x00007d00      0x2d8 OpENer/source/src/cip/cipconnectionmanager.o
                0x00007d00                ConnectionManagerInit
 .text.HandleReceivedConnectedData
                0x00007fd8       0xac OpENer/source/src/cip/cipconnectionmanager.o
                0x00007fd8                HandleReceivedConnectedData
 .text.ForwardOpenRoutine
                0x00008084      0x210 OpENer/source/src/cip/cipconnectionmanager.o
                0x00008084                ForwardOpenRoutine
 .text.LargeForwardOpen
                0x00008294       0x14 OpENer/source/src/cip/cipconnectionmanager.o
                0x00008294                LargeForwardOpen
 .text.ForwardOpen
                0x000082a8       0x14 OpENer/source/src/cip/cipconnectionmanager.o
                0x000082a8                ForwardOpen
 .text.AssembleConnectionDataResponseMessage
                0x000082bc       0xd8 OpENer/source/src/cip/cipconnectionmanager.o
                0x000082bc                AssembleConnectionDataResponseMessage
 .text.GetConnectionData
                0x00008394       0x4c OpENer/source/src/cip/cipconnectionmanager.o
                0x00008394                GetConnectionData
 .text.SearchConnectionData
                0x000083e0       0x64 OpENer/source/src/cip/cipconnectionmanager.o
                0x000083e0                SearchConnectionData
 .text.ManageConnections
                0x00008444      0x128 OpENer/source/src/cip/cipconnectionmanager.o
                0x00008444                ManageConnections
 .text.AssembleForwardOpenResponse
                0x0000856c      0x16c OpENer/source/src/cip/cipconnectionmanager.o
                0x0000856c                AssembleForwardOpenResponse
 .text.AssembleForwardCloseResponse
                0x000086d8       0xe0 OpENer/source/src/cip/cipconnectionmanager.o
                0x000086d8                AssembleForwardCloseResponse
 .text.ForwardClose
                0x000087b8       0xb4 OpENer/source/src/cip/cipconnectionmanager.o
                0x000087b8                ForwardClose
 .text.GetConnectedObject
                0x0000886c       0x30 OpENer/source/src/cip/cipconnectionmanager.o
                0x0000886c                GetConnectedObject
 .text.GetConnectedOutputAssembly
                0x0000889c       0x40 OpENer/source/src/cip/cipconnectionmanager.o
                0x0000889c                GetConnectedOutputAssembly
 .text.CheckElectronicKeyData
                0x000088dc       0xec OpENer/source/src/cip/cipconnectionmanager.o
                0x000088dc                CheckElectronicKeyData
 .text.ParseConnectionPath
                0x000089c8      0x398 OpENer/source/src/cip/cipconnectionmanager.o
                0x000089c8                ParseConnectionPath
 .text.HandleNonNullNonMatchingForwardOpenRequest
                0x00008d60      0x1cc OpENer/source/src/cip/cipconnectionmanager.o
                0x00008d60                HandleNonNullNonMatchingForwardOpenRequest
 .text.CloseConnection
                0x00008f2c       0x74 OpENer/source/src/cip/cipconnectionmanager.o
                0x00008f2c                CloseConnection
 .text.AddNewActiveConnection
                0x00008fa0       0x1c OpENer/source/src/cip/cipconnectionmanager.o
                0x00008fa0                AddNewActiveConnection
 .text.RemoveFromActiveConnections
                0x00008fbc       0x44 OpENer/source/src/cip/cipconnectionmanager.o
                0x00008fbc                RemoveFromActiveConnections
 .text.CheckForTimedOutConnectionsAndCloseTCPConnections
                0x00009000       0x40 OpENer/source/src/cip/cipconnectionmanager.o
                0x00009000                CheckForTimedOutConnectionsAndCloseTCPConnections
 .text.CipConnectionObjectListArrayAllocator
                0x00009040       0xd4 OpENer/source/src/cip/cipconnectionobject.o
                0x00009040                CipConnectionObjectListArrayAllocator
 .text.CipConnectionObjectListArrayFree
                0x00009114       0x28 OpENer/source/src/cip/cipconnectionobject.o
                0x00009114                CipConnectionObjectListArrayFree
 .text.ConnectionObjectInitializeEmpty
                0x0000913c       0x20 OpENer/source/src/cip/cipconnectionobject.o
                0x0000913c                ConnectionObjectInitializeEmpty
 .text.ConnectionObjectGetState
                0x0000915c       0x14 OpENer/source/src/cip/cipconnectionobject.o
                0x0000915c                ConnectionObjectGetState
 .text.ConnectionObjectSetState
                0x00009170       0x3c OpENer/source/src/cip/cipconnectionobject.o
                0x00009170                ConnectionObjectSetState
 .text.ConnectionObjectGetInstanceType
                0x000091ac        0x4 OpENer/source/src/cip/cipconnectionobject.o
                0x000091ac                ConnectionObjectGetInstanceType
 .text.ConnectionObjectSetInstanceType
                0x000091b0        0x4 OpENer/source/src/cip/cipconnectionobject.o
                0x000091b0                ConnectionObjectSetInstanceType
 .text.ConnectionObjectIsTypeNonLOIOConnection
                0x000091b4       0x10 OpENer/source/src/cip/cipconnectionobject.o
                0x000091b4                ConnectionObjectIsTypeNonLOIOConnection
 .text.ConnectionObjectIsTypeIOConnection
                0x000091c4       0x10 OpENer/source/src/cip/cipconnectionobject.o
                0x000091c4                ConnectionObjectIsTypeIOConnection
 .text.ConnectionObjectGetTransportClassTriggerDirection
                0x000091d4        0x8 OpENer/source/src/cip/cipconnectionobject.o
                0x000091d4                ConnectionObjectGetTransportClassTriggerDirection
 .text.ConnectionObjectGetTransportClassTriggerProductionTrigger
                0x000091dc       0x24 OpENer/source/src/cip/cipconnectionobject.o
                0x000091dc                ConnectionObjectGetTransportClassTriggerProductionTrigger
 .text.ConnectionObjectGetTransportClassTriggerTransportClass
                0x00009200       0x18 OpENer/source/src/cip/cipconnectionobject.o
                0x00009200                ConnectionObjectGetTransportClassTriggerTransportClass
 .text.ConnectionObjectGetExpectedPacketRate
                0x00009218        0x4 OpENer/source/src/cip/cipconnectionobject.o
                0x00009218                ConnectionObjectGetExpectedPacketRate
 .text.ConnectionObjectGetRequestedPacketInterval
                0x0000921c       0x40 OpENer/source/src/cip/cipconnectionobject.o
                0x0000921c                ConnectionObjectGetRequestedPacketInterval
 .text.ConnectionObjectGetCipConsumedConnectionID
                0x0000925c        0x4 OpENer/source/src/cip/cipconnectionobject.o
                0x0000925c                ConnectionObjectGetCipConsumedConnectionID
 .text.ConnectionObjectGetProductionInhibitTime
                0x00009260        0x4 OpENer/source/src/cip/cipconnectionobject.o
                0x00009260                ConnectionObjectGetProductionInhibitTime
 .text.ConnectionObjectSetProductionInhibitTime
                0x00009264        0x4 OpENer/source/src/cip/cipconnectionobject.o
                0x00009264                ConnectionObjectSetProductionInhibitTime
 .text.ConnectionObjectResetInactivityWatchdogTimerValue
                0x00009268       0x34 OpENer/source/src/cip/cipconnectionobject.o
                0x00009268                ConnectionObjectResetInactivityWatchdogTimerValue
 .text.ConnectionObjectResetLastPackageInactivityTimerValue
                0x0000929c       0x34 OpENer/source/src/cip/cipconnectionobject.o
                0x0000929c                ConnectionObjectResetLastPackageInactivityTimerValue
 .text.GenerateRandomConnectionNumber
                0x000092d0      0x15c OpENer/source/src/cip/cipconnectionobject.o
                0x000092d0                GenerateRandomConnectionNumber
 .text.ConnectionObjectInitializeFromMessage
                0x0000942c      0x16c OpENer/source/src/cip/cipconnectionobject.o
                0x0000942c                ConnectionObjectInitializeFromMessage
 .text.ConnectionObjectGetTToORequestedPacketInterval
                0x00009598        0x8 OpENer/source/src/cip/cipconnectionobject.o
                0x00009598                ConnectionObjectGetTToORequestedPacketInterval
 .text.ConnectionObjectGetOToTConnectionType
                0x000095a0       0x24 OpENer/source/src/cip/cipconnectionobject.o
                0x000095a0                ConnectionObjectGetOToTConnectionType
 .text.ConnectionObjectGetTToOConnectionType
                0x000095c4       0x24 OpENer/source/src/cip/cipconnectionobject.o
                0x000095c4                ConnectionObjectGetTToOConnectionType
 .text.ConnectionObjectGetTToOPriority
                0x000095e8       0x28 OpENer/source/src/cip/cipconnectionobject.o
                0x000095e8                ConnectionObjectGetTToOPriority
 .text.ConnectionObjectGetTToOConnectionSizeType
                0x00009610       0x18 OpENer/source/src/cip/cipconnectionobject.o
                0x00009610                ConnectionObjectGetTToOConnectionSizeType
 .text.ConnectionObjectGetOToTConnectionSize
                0x00009628       0x1c OpENer/source/src/cip/cipconnectionobject.o
                0x00009628                ConnectionObjectGetOToTConnectionSize
 .text.ConnectionObjectGetTToOConnectionSize
                0x00009644       0x1c OpENer/source/src/cip/cipconnectionobject.o
                0x00009644                ConnectionObjectGetTToOConnectionSize
 .text.ConnectionObjectDeepCopy
                0x00009660        0x8 OpENer/source/src/cip/cipconnectionobject.o
                0x00009660                ConnectionObjectDeepCopy
 .text.ConnectionObjectResetProductionInhibitTimer
                0x00009668        0xc OpENer/source/src/cip/cipconnectionobject.o
                0x00009668                ConnectionObjectResetProductionInhibitTimer
 .text.ConnectionObjectGeneralConfiguration
                0x00009674       0xa4 OpENer/source/src/cip/cipconnectionobject.o
                0x00009674                ConnectionObjectGeneralConfiguration
 .text.ConnectionObjectEqualOriginator
                0x00009718       0x24 OpENer/source/src/cip/cipconnectionobject.o
                0x00009718                ConnectionObjectEqualOriginator
 .text.EqualConnectionTriad
                0x0000973c       0x24 OpENer/source/src/cip/cipconnectionobject.o
                0x0000973c                EqualConnectionTriad
 .text.ElectronicKeyFormat4New
                0x00009760        0x8 OpENer/source/src/cip/cipelectronickey.o
                0x00009760                ElectronicKeyFormat4New
 .text.ElectronicKeyFormat4Delete
                0x00009768       0x10 OpENer/source/src/cip/cipelectronickey.o
                0x00009768                ElectronicKeyFormat4Delete
 .text.ElectronicKeyFormat4SetVendorId
                0x00009778        0x4 OpENer/source/src/cip/cipelectronickey.o
                0x00009778                ElectronicKeyFormat4SetVendorId
 .text.ElectronicKeyFormat4GetVendorId
                0x0000977c        0x4 OpENer/source/src/cip/cipelectronickey.o
                0x0000977c                ElectronicKeyFormat4GetVendorId
 .text.ElectronicKeyFormat4SetDeviceType
                0x00009780        0x4 OpENer/source/src/cip/cipelectronickey.o
                0x00009780                ElectronicKeyFormat4SetDeviceType
 .text.ElectronicKeyFormat4GetDeviceType
                0x00009784        0x4 OpENer/source/src/cip/cipelectronickey.o
                0x00009784                ElectronicKeyFormat4GetDeviceType
 .text.ElectronicKeyFormat4SetProductCode
                0x00009788        0x4 OpENer/source/src/cip/cipelectronickey.o
                0x00009788                ElectronicKeyFormat4SetProductCode
 .text.ElectronicKeyFormat4GetProductCode
                0x0000978c        0x4 OpENer/source/src/cip/cipelectronickey.o
                0x0000978c                ElectronicKeyFormat4GetProductCode
 .text.ElectronicKeyFormat4SetMajorRevisionCompatibility
                0x00009790        0x4 OpENer/source/src/cip/cipelectronickey.o
                0x00009790                ElectronicKeyFormat4SetMajorRevisionCompatibility
 .text.ElectronicKeyFormat4GetMajorRevision
                0x00009794        0x8 OpENer/source/src/cip/cipelectronickey.o
                0x00009794                ElectronicKeyFormat4GetMajorRevision
 .text.ElectronicKeyFormat4GetMajorRevisionCompatibility
                0x0000979c        0x8 OpENer/source/src/cip/cipelectronickey.o
                0x0000979c                ElectronicKeyFormat4GetMajorRevisionCompatibility
 .text.ElectronicKeyFormat4SetMinorRevision
                0x000097a4        0x4 OpENer/source/src/cip/cipelectronickey.o
                0x000097a4                ElectronicKeyFormat4SetMinorRevision
 .text.ElectronicKeyFormat4GetMinorRevision
                0x000097a8        0x4 OpENer/source/src/cip/cipelectronickey.o
                0x000097a8                ElectronicKeyFormat4GetMinorRevision
 .text.GetPathSegmentType
                0x000097ac       0x58 OpENer/source/src/cip/cipepath.o
                0x000097ac                GetPathSegmentType
 .text.GetPathLogicalSegmentLogicalType
                0x00009804       0x5c OpENer/source/src/cip/cipepath.o
                0x00009804                GetPathLogicalSegmentLogicalType
 .text.CipEpathGetLogicalValue
                0x00009860       0x54 OpENer/source/src/cip/cipepath.o
                0x00009860                CipEpathGetLogicalValue
 .text.GetPathLogicalSegmentSpecialTypeLogicalType
                0x000098b4       0x10 OpENer/source/src/cip/cipepath.o
                0x000098b4                GetPathLogicalSegmentSpecialTypeLogicalType
 .text.GetPathLogicalSegmentElectronicKeyFormat
                0x000098c4       0x10 OpENer/source/src/cip/cipepath.o
                0x000098c4                GetPathLogicalSegmentElectronicKeyFormat
 .text.GetElectronicKeyFormat4FromMessage
                0x000098d4       0x54 OpENer/source/src/cip/cipepath.o
                0x000098d4                GetElectronicKeyFormat4FromMessage
 .text.GetPathNetworkSegmentSubtype
                0x00009928       0x1c OpENer/source/src/cip/cipepath.o
                0x00009928                GetPathNetworkSegmentSubtype
 .text.GetPathDataSegmentSubtype
                0x00009944       0x18 OpENer/source/src/cip/cipepath.o
                0x00009944                GetPathDataSegmentSubtype
 .text.EncodeCipEthernetLinkMediaCounters
                0x0000995c       0x1c OpENer/source/src/cip/cipethernetlink.o
 .text.EncodeCipEthernetLinkInterfaceCounters
                0x00009978       0x1c OpENer/source/src/cip/cipethernetlink.o
 .text.EncodeCipEthernetLinkInterfaceCaps
                0x00009994      0x108 OpENer/source/src/cip/cipethernetlink.o
 .text.EncodeCipEthernetLinkInterfaceControl
                0x00009a9c       0x1c OpENer/source/src/cip/cipethernetlink.o
 .text.GetAndClearEthernetLink
                0x00009ab8       0x54 OpENer/source/src/cip/cipethernetlink.o
                0x00009ab8                GetAndClearEthernetLink
 .text.CipEthernetLinkInit
                0x00009b0c      0x1cc OpENer/source/src/cip/cipethernetlink.o
                0x00009b0c                CipEthernetLinkInit
 .text.CipEthernetLinkSetMac
                0x00009cd8       0x14 OpENer/source/src/cip/cipethernetlink.o
                0x00009cd8                CipEthernetLinkSetMac
 .text.InitializeCipIdentity
                0x00009cec       0xe4 OpENer/source/src/cip/cipidentity.o
                0x00009cec                InitializeCipIdentity
 .text.EncodeRevision
                0x00009dd0       0x18 OpENer/source/src/cip/cipidentity.o
                0x00009dd0                EncodeRevision
 .text.IdentityObjectPreResetCallback
                0x00009de8       0x3c OpENer/source/src/cip/cipidentity.o
                0x00009de8                IdentityObjectPreResetCallback
 .text.SetDeviceSerialNumber
                0x00009e24        0xc OpENer/source/src/cip/cipidentity.o
                0x00009e24                SetDeviceSerialNumber
 .text.CipIdentitySetExtendedDeviceStatus
                0x00009e30       0x20 OpENer/source/src/cip/cipidentity.o
                0x00009e30                CipIdentitySetExtendedDeviceStatus
 .text.CipIdentityInit
                0x00009e50      0x190 OpENer/source/src/cip/cipidentity.o
                0x00009e50                CipIdentityInit
 .text.HandleIoConnectionTimeOut
                0x00009fe0       0xdc OpENer/source/src/cip/cipioconnection.o
                0x00009fe0                HandleIoConnectionTimeOut
 .text.SendConnectedData
                0x0000a0bc      0x110 OpENer/source/src/cip/cipioconnection.o
                0x0000a0bc                SendConnectedData
 .text.HandleReceivedIoConnectionData
                0x0000a1cc       0xa0 OpENer/source/src/cip/cipioconnection.o
                0x0000a1cc                HandleReceivedIoConnectionData
 .text.CloseIoConnection
                0x0000a26c       0xb8 OpENer/source/src/cip/cipioconnection.o
                0x0000a26c                CloseIoConnection
 .text.CipRunIdleHeaderSetO2T
                0x0000a324        0xc OpENer/source/src/cip/cipioconnection.o
                0x0000a324                CipRunIdleHeaderSetO2T
 .text.CipRunIdleHeaderSetT2O
                0x0000a330        0xc OpENer/source/src/cip/cipioconnection.o
                0x0000a330                CipRunIdleHeaderSetT2O
 .text.SetupIoConnectionOriginatorToTargetConnectionPoint
                0x0000a33c       0xa0 OpENer/source/src/cip/cipioconnection.o
                0x0000a33c                SetupIoConnectionOriginatorToTargetConnectionPoint
 .text.SetupIoConnectionTargetToOriginatorConnectionPoint
                0x0000a3dc      0x158 OpENer/source/src/cip/cipioconnection.o
                0x0000a3dc                SetupIoConnectionTargetToOriginatorConnectionPoint
 .text.OpenConsumingPointToPointConnection
                0x0000a534       0xa4 OpENer/source/src/cip/cipioconnection.o
                0x0000a534                OpenConsumingPointToPointConnection
 .text.OpenMulticastConnection
                0x0000a5d8      0x1a4 OpENer/source/src/cip/cipioconnection.o
                0x0000a5d8                OpenMulticastConnection
 .text.OpenProducingMulticastConnection
                0x0000a77c       0xbc OpENer/source/src/cip/cipioconnection.o
                0x0000a77c                OpenProducingMulticastConnection
 .text.HandleConfigData
                0x0000a838       0x70 OpENer/source/src/cip/cipioconnection.o
                0x0000a838                HandleConfigData
 .text.OpenCommunicationChannels
                0x0000a8a8       0xdc OpENer/source/src/cip/cipioconnection.o
                0x0000a8a8                OpenCommunicationChannels
 .text.EstablishIoConnection
                0x0000a984      0x114 OpENer/source/src/cip/cipioconnection.o
                0x0000a984                EstablishIoConnection
 .text.InitializeCipMessageRouterClass
                0x0000aa98       0xec OpENer/source/src/cip/cipmessagerouter.o
                0x0000aa98                InitializeCipMessageRouterClass
 .text.CipMessageRouterInit
                0x0000ab84       0x50 OpENer/source/src/cip/cipmessagerouter.o
                0x0000ab84                CipMessageRouterInit
 .text.GetCipClass
                0x0000abd4       0x1c OpENer/source/src/cip/cipmessagerouter.o
                0x0000abd4                GetCipClass
 .text.GetCipInstance
                0x0000abf0       0x20 OpENer/source/src/cip/cipmessagerouter.o
                0x0000abf0                GetCipInstance
 .text.RegisterCipClass
                0x0000ac10       0x38 OpENer/source/src/cip/cipmessagerouter.o
                0x0000ac10                RegisterCipClass
 .text.NotifyMessageRouter
                0x0000ac48       0xd8 OpENer/source/src/cip/cipmessagerouter.o
                0x0000ac48                NotifyMessageRouter
 .text.DecodeCipQoSAttribute
                0x0000ad20       0x34 OpENer/source/src/cip/cipqos.o
                0x0000ad20                DecodeCipQoSAttribute
 .text.CipQosGetDscpPriority
                0x0000ad54       0x30 OpENer/source/src/cip/cipqos.o
                0x0000ad54                CipQosGetDscpPriority
 .text.CipQoSInit
                0x0000ad84      0x140 OpENer/source/src/cip/cipqos.o
                0x0000ad84                CipQoSInit
 .text.CipQosUpdateUsedSetQosValues
                0x0000aec4       0x1c OpENer/source/src/cip/cipqos.o
                0x0000aec4                CipQosUpdateUsedSetQosValues
 .text.CipQosResetAttributesToDefaultValues
                0x0000aee0       0x2c OpENer/source/src/cip/cipqos.o
                0x0000aee0                CipQosResetAttributesToDefaultValues
 .text.ClearCipString
                0x0000af0c       0x24 OpENer/source/src/cip/cipstring.o
                0x0000af0c                ClearCipString
 .text.SetCipStringByData
                0x0000af30       0x48 OpENer/source/src/cip/cipstring.o
                0x0000af30                SetCipStringByData
 .text.SetCipShortStringByCstr
                0x0000af78       0x4c OpENer/source/src/cip/cipstring.o
                0x0000af78                SetCipShortStringByCstr
 .text.EncodeCipTcpIpInterfaceConfiguration
                0x0000afc4       0x50 OpENer/source/src/cip/ciptcpipinterface.o
                0x0000afc4                EncodeCipTcpIpInterfaceConfiguration
 .text.EncodeCipTcpIpMulticastConfiguration
                0x0000b014       0x40 OpENer/source/src/cip/ciptcpipinterface.o
                0x0000b014                EncodeCipTcpIpMulticastConfiguration
 .text.EncodeSafetyNetworkNumber
                0x0000b054        0xc OpENer/source/src/cip/ciptcpipinterface.o
                0x0000b054                EncodeSafetyNetworkNumber
 .text.EncodeCipLastConflictDetected
                0x0000b060        0xc OpENer/source/src/cip/ciptcpipinterface.o
                0x0000b060                EncodeCipLastConflictDetected
 .text.DecodeTcpIpInterfaceConfigurationControl
                0x0000b06c       0x30 OpENer/source/src/cip/ciptcpipinterface.o
                0x0000b06c                DecodeTcpIpInterfaceConfigurationControl
 .text.DecodeCipTcpIpInterfaceEncapsulationInactivityTimeout
                0x0000b09c       0x28 OpENer/source/src/cip/ciptcpipinterface.o
                0x0000b09c                DecodeCipTcpIpInterfaceEncapsulationInactivityTimeout
 .text.DecodeCipTcpIpInterfaceHostName
                0x0000b0c4       0xb8 OpENer/source/src/cip/ciptcpipinterface.o
                0x0000b0c4                DecodeCipTcpIpInterfaceHostName
 .text.IsValidDomain
                0x0000b17c       0xbc OpENer/source/src/cip/ciptcpipinterface.o
 .text.DecodeCipTcpIpInterfaceConfiguration
                0x0000b238      0x248 OpENer/source/src/cip/ciptcpipinterface.o
                0x0000b238                DecodeCipTcpIpInterfaceConfiguration
 .text.CipTcpIpInterfaceInit
                0x0000b480      0x210 OpENer/source/src/cip/ciptcpipinterface.o
                0x0000b480                CipTcpIpInterfaceInit
 .text.CipTcpIpCalculateMulticastIp
                0x0000b690       0x30 OpENer/source/src/cip/ciptcpipinterface.o
                0x0000b690                CipTcpIpCalculateMulticastIp
 .text.GetCipDataTypeLength
                0x0000b6c0       0xb4 OpENer/source/src/cip/ciptypes.o
                0x0000b6c0                GetCipDataTypeLength
 .text.CreateCommonPacketFormatStructure
                0x0000b774      0x190 OpENer/source/src/enet_encap/cpf.o
                0x0000b774                CreateCommonPacketFormatStructure
 .text.AssembleLinearMessage
                0x0000b904      0x1ec OpENer/source/src/enet_encap/cpf.o
                0x0000b904                AssembleLinearMessage
 .text.NotifyCommonPacketFormat
                0x0000baf0       0xe8 OpENer/source/src/enet_encap/cpf.o
                0x0000baf0                NotifyCommonPacketFormat
 .text.NotifyConnectedCommonPacketFormat
                0x0000bbd8      0x138 OpENer/source/src/enet_encap/cpf.o
                0x0000bbd8                NotifyConnectedCommonPacketFormat
 .text.AssembleIOMessage
                0x0000bd10        0xc OpENer/source/src/enet_encap/cpf.o
                0x0000bd10                AssembleIOMessage
 .text.EncapsulationInit
                0x0000bd1c       0x60 OpENer/source/src/enet_encap/encap.o
                0x0000bd1c                EncapsulationInit
 .text.SkipEncapsulationHeader
                0x0000bd7c        0xc OpENer/source/src/enet_encap/encap.o
                0x0000bd7c                SkipEncapsulationHeader
 .text.GenerateEncapsulationHeader
                0x0000bd88       0x60 OpENer/source/src/enet_encap/encap.o
                0x0000bd88                GenerateEncapsulationHeader
 .text.HandleReceivedListServicesCommand
                0x0000bde8       0xb0 OpENer/source/src/enet_encap/encap.o
                0x0000bde8                HandleReceivedListServicesCommand
 .text.EncodeListIdentityCipIdentityItem
                0x0000be98       0xb4 OpENer/source/src/enet_encap/encap.o
                0x0000be98                EncodeListIdentityCipIdentityItem
 .text.HandleReceivedExplictUdpData
                0x0000bf4c      0x284 OpENer/source/src/enet_encap/encap.o
                0x0000bf4c                HandleReceivedExplictUdpData
 .text.HandleReceivedRegisterSessionCommand
                0x0000c1d0      0x114 OpENer/source/src/enet_encap/encap.o
                0x0000c1d0                HandleReceivedRegisterSessionCommand
 .text.HandleReceivedExplictTcpData
                0x0000c2e4      0x2f8 OpENer/source/src/enet_encap/encap.o
                0x0000c2e4                HandleReceivedExplictTcpData
 .text.CloseSessionBySessionHandle
                0x0000c5dc       0x20 OpENer/source/src/enet_encap/encap.o
                0x0000c5dc                CloseSessionBySessionHandle
 .text.RemoveSession
                0x0000c5fc       0x60 OpENer/source/src/enet_encap/encap.o
                0x0000c5fc                RemoveSession
 .text.ManageEncapsulationMessages
                0x0000c65c       0xfc OpENer/source/src/enet_encap/encap.o
                0x0000c65c                ManageEncapsulationMessages
 .text.CloseEncapsulationSessionBySockAddr
                0x0000c758       0xe0 OpENer/source/src/enet_encap/encap.o
                0x0000c758                CloseEncapsulationSessionBySockAddr
 .text.GetSessionFromSocket
                0x0000c838       0x1c OpENer/source/src/enet_encap/encap.o
                0x0000c838                GetSessionFromSocket
 .text.CloseClass3ConnectionBasedOnSession
                0x0000c854       0x38 OpENer/source/src/enet_encap/encap.o
                0x0000c854                CloseClass3ConnectionBasedOnSession
 .text.GetSintFromMessage
                0x0000c88c        0xc OpENer/source/src/enet_encap/endianconv.o
                0x0000c88c                GetSintFromMessage
 .text.GetByteFromMessage
                0x0000c898        0xc OpENer/source/src/enet_encap/endianconv.o
                0x0000c898                GetByteFromMessage
 .text.GetUsintFromMessage
                0x0000c8a4        0xc OpENer/source/src/enet_encap/endianconv.o
                0x0000c8a4                GetUsintFromMessage
 .text.GetIntFromMessage
                0x0000c8b0       0x14 OpENer/source/src/enet_encap/endianconv.o
                0x0000c8b0                GetIntFromMessage
 .text.GetUintFromMessage
                0x0000c8c4       0x14 OpENer/source/src/enet_encap/endianconv.o
                0x0000c8c4                GetUintFromMessage
 .text.GetWordFromMessage
                0x0000c8d8       0x14 OpENer/source/src/enet_encap/endianconv.o
                0x0000c8d8                GetWordFromMessage
 .text.GetDintFromMessage
                0x0000c8ec        0xc OpENer/source/src/enet_encap/endianconv.o
                0x0000c8ec                GetDintFromMessage
 .text.GetUdintFromMessage
                0x0000c8f8        0xc OpENer/source/src/enet_encap/endianconv.o
                0x0000c8f8                GetUdintFromMessage
 .text.GetDwordFromMessage
                0x0000c904        0xc OpENer/source/src/enet_encap/endianconv.o
                0x0000c904                GetDwordFromMessage
 .text.AddSintToMessage
                0x0000c910       0x1c OpENer/source/src/enet_encap/endianconv.o
                0x0000c910                AddSintToMessage
 .text.AddIntToMessage
                0x0000c92c       0x24 OpENer/source/src/enet_encap/endianconv.o
                0x0000c92c                AddIntToMessage
 .text.AddDintToMessage
                0x0000c950       0x34 OpENer/source/src/enet_encap/endianconv.o
                0x0000c950                AddDintToMessage
 .text.EncapsulateIpAddress
                0x0000c984      0x168 OpENer/source/src/enet_encap/endianconv.o
                0x0000c984                EncapsulateIpAddress
 .text.DetermineEndianess
                0x0000caec        0xc OpENer/source/src/enet_encap/endianconv.o
                0x0000caec                DetermineEndianess
 .text.MoveMessageNOctets
                0x0000caf8       0x18 OpENer/source/src/enet_encap/endianconv.o
                0x0000caf8                MoveMessageNOctets
 .text.FillNextNMessageOctetsWithValueAndMoveToNextPosition
                0x0000cb10       0x28 OpENer/source/src/enet_encap/endianconv.o
                0x0000cb10                FillNextNMessageOctetsWithValueAndMoveToNextPosition
 .text.udp_unicast_recv_callback.part.0
                0x0000cb38      0x11c OpENer/source/src/ports/generic_networkhandler.o
 .text.udp_unicast_recv_callback
                0x0000cc54       0x14 OpENer/source/src/ports/generic_networkhandler.o
 .text.udp_io_messaging_recv_callback.part.1
                0x0000cc68       0x80 OpENer/source/src/ports/generic_networkhandler.o
 .text.udp_io_messaging_recv_callback
                0x0000cce8       0x14 OpENer/source/src/ports/generic_networkhandler.o
 .text.NetworkHandlerInitialize
                0x0000ccfc      0x228 OpENer/source/src/ports/generic_networkhandler.o
                0x0000ccfc                NetworkHandlerInitialize
 .text.CloseUdpSocket
                0x0000cf24        0x8 OpENer/source/src/ports/generic_networkhandler.o
                0x0000cf24                CloseUdpSocket
 .text.CloseTcpSocket
                0x0000cf2c       0x50 OpENer/source/src/ports/generic_networkhandler.o
                0x0000cf2c                CloseTcpSocket
 .text.CheckAndHandleTcpListenerSocket
                0x0000cf7c      0x108 OpENer/source/src/ports/generic_networkhandler.o
                0x0000cf7c                CheckAndHandleTcpListenerSocket
 .text.SendUdpData
                0x0000d084       0x8c OpENer/source/src/ports/generic_networkhandler.o
                0x0000d084                SendUdpData
 .text.HandleDataOnTcpSocket
                0x0000d110      0x2b4 OpENer/source/src/ports/generic_networkhandler.o
                0x0000d110                HandleDataOnTcpSocket
 .text.NetworkHandlerProcessCyclic
                0x0000d3c4      0x22c OpENer/source/src/ports/generic_networkhandler.o
                0x0000d3c4                NetworkHandlerProcessCyclic
 .text.CreateUdpSocket
                0x0000d5f0       0x5c OpENer/source/src/ports/generic_networkhandler.o
                0x0000d5f0                CreateUdpSocket
 .text.SetQos   0x0000d64c        0x4 OpENer/source/src/ports/generic_networkhandler.o
                0x0000d64c                SetQos
 .text.SetSocketOptionsMulticastProduce
                0x0000d650        0x4 OpENer/source/src/ports/generic_networkhandler.o
                0x0000d650                SetSocketOptionsMulticastProduce
 .text.GetPeerAddress
                0x0000d654       0x4c OpENer/source/src/ports/generic_networkhandler.o
                0x0000d654                GetPeerAddress
 .text.SocketTimerSetSocket
                0x0000d6a0        0x4 OpENer/source/src/ports/socket_timer.o
                0x0000d6a0                SocketTimerSetSocket
 .text.SocketTimerSetLastUpdate
                0x0000d6a4        0x8 OpENer/source/src/ports/socket_timer.o
                0x0000d6a4                SocketTimerSetLastUpdate
 .text.SocketTimerGetLastUpdate
                0x0000d6ac        0x4 OpENer/source/src/ports/socket_timer.o
                0x0000d6ac                SocketTimerGetLastUpdate
 .text.SocketTimerClear
                0x0000d6b0        0xc OpENer/source/src/ports/socket_timer.o
                0x0000d6b0                SocketTimerClear
 .text.SocketTimerArrayInitialize
                0x0000d6bc       0x18 OpENer/source/src/ports/socket_timer.o
                0x0000d6bc                SocketTimerArrayInitialize
 .text.SocketTimerArrayGetSocketTimer
                0x0000d6d4       0x34 OpENer/source/src/ports/socket_timer.o
                0x0000d6d4                SocketTimerArrayGetSocketTimer
 .text.SocketTimerArrayGetEmptySocketTimer
                0x0000d708       0x34 OpENer/source/src/ports/socket_timer.o
                0x0000d708                SocketTimerArrayGetEmptySocketTimer
 .text.RecMkdir
                0x0000d73c      0x174 OpENer/source/src/ports/nvdata/conffile.o
 .text.ConfFileOpen
                0x0000d8b0      0x17c OpENer/source/src/ports/nvdata/conffile.o
                0x0000d8b0                ConfFileOpen
 .text.ConfFileClose
                0x0000da2c       0x18 OpENer/source/src/ports/nvdata/conffile.o
                0x0000da2c                ConfFileClose
 .text.NvdataLoad
                0x0000da44       0x38 OpENer/source/src/ports/nvdata/nvdata.o
                0x0000da44                NvdataLoad
 .text.NvTcpipSetCallback
                0x0000da7c       0x1c OpENer/source/src/ports/nvdata/nvdata.o
                0x0000da7c                NvTcpipSetCallback
 .text.NvQosLoad
                0x0000da98       0x80 OpENer/source/src/ports/nvdata/nvqos.o
                0x0000da98                NvQosLoad
 .text.NvQosStore
                0x0000db18       0x58 OpENer/source/src/ports/nvdata/nvqos.o
                0x0000db18                NvQosStore
 .text.NvTcpipLoad
                0x0000db70      0x18c OpENer/source/src/ports/nvdata/nvtcpip.o
                0x0000db70                NvTcpipLoad
 .text.NvTcpipStore
                0x0000dcfc      0x12c OpENer/source/src/ports/nvdata/nvtcpip.o
                0x0000dcfc                NvTcpipStore
 .text.IfaceGetMacAddress
                0x0000de28       0x10 OpENer/source/src/ports/ClearCore/networkconfig.o
                0x0000de28                IfaceGetMacAddress
 .text.IfaceGetConfiguration
                0x0000de38       0x38 OpENer/source/src/ports/ClearCore/networkconfig.o
                0x0000de38                IfaceGetConfiguration
 .text.GetHostName
                0x0000de70        0x8 OpENer/source/src/ports/ClearCore/networkconfig.o
                0x0000de70                GetHostName
 .text.GetMilliSeconds
                0x0000de78        0x4 OpENer/source/src/ports/ClearCore/networkhandler.o
                0x0000de78                GetMilliSeconds
 .text.NetworkHandlerInitializePlatform
                0x0000de7c        0x4 OpENer/source/src/ports/ClearCore/networkhandler.o
                0x0000de7c                NetworkHandlerInitializePlatform
 .text.ShutdownSocketPlatform
                0x0000de80       0x34 OpENer/source/src/ports/ClearCore/networkhandler.o
                0x0000de80                ShutdownSocketPlatform
 .text.CloseSocketPlatform
                0x0000deb4        0x4 OpENer/source/src/ports/ClearCore/networkhandler.o
                0x0000deb4                CloseSocketPlatform
 .text.SetSocketToNonBlocking
                0x0000deb8       0x1c OpENer/source/src/ports/ClearCore/networkhandler.o
                0x0000deb8                SetSocketToNonBlocking
 .text.SetQosOnSocket
                0x0000ded4       0x20 OpENer/source/src/ports/ClearCore/networkhandler.o
                0x0000ded4                SetQosOnSocket
 .text.GetMillis
                0x0000def4        0x4 OpENer/source/src/ports/ClearCore/clearcore_wrapper.o
                0x0000def4                GetMillis
 .text.ConnectorDI6_Initialize
                0x0000def8        0xc OpENer/source/src/ports/ClearCore/clearcore_wrapper.o
                0x0000def8                ConnectorDI6_Initialize
 .text.ConnectorDI7_Initialize
                0x0000df04        0xc OpENer/source/src/ports/ClearCore/clearcore_wrapper.o
                0x0000df04                ConnectorDI7_Initialize
 .text.ConnectorDI8_Initialize
                0x0000df10        0xc OpENer/source/src/ports/ClearCore/clearcore_wrapper.o
                0x0000df10                ConnectorDI8_Initialize
 .text.ToolChanger_IsMotorReady
                0x0000df1c       0x20 OpENer/source/src/ports/ClearCore/clearcore_wrapper.o
                0x0000df1c                ToolChanger_IsMotorReady
 .text.ToolChanger_GetMoveDirection
                0x0000df3c        0xc OpENer/source/src/ports/ClearCore/clearcore_wrapper.o
                0x0000df3c                ToolChanger_GetMoveDirection
 .text.ToolChanger_GetHlfbState
                0x0000df48       0x1c OpENer/source/src/ports/ClearCore/clearcore_wrapper.o
                0x0000df48                ToolChanger_GetHlfbState
 .text.ToolChanger_GetTorquePercent
                0x0000df64       0x14 OpENer/source/src/ports/ClearCore/clearcore_wrapper.o
                0x0000df64                ToolChanger_GetTorquePercent
 .text.ToolChanger_IsHomeComplete
                0x0000df78        0xc OpENer/source/src/ports/ClearCore/clearcore_wrapper.o
                0x0000df78                ToolChanger_IsHomeComplete
 .text.ToolChanger_GetState
                0x0000df84        0xc OpENer/source/src/ports/ClearCore/clearcore_wrapper.o
                0x0000df84                ToolChanger_GetState
 .text.EIP_IsScannerConnected
                0x0000df90        0xc OpENer/source/src/ports/ClearCore/clearcore_wrapper.o
                0x0000df90                EIP_IsScannerConnected
 .text.ToolChanger_GetCurrentTool
                0x0000df9c        0xc OpENer/source/src/ports/ClearCore/clearcore_wrapper.o
                0x0000df9c                ToolChanger_GetCurrentTool
 .text.ToolChanger_GetTargetTool
                0x0000dfa8        0xc OpENer/source/src/ports/ClearCore/clearcore_wrapper.o
                0x0000dfa8                ToolChanger_GetTargetTool
 .text.ToolChanger_GetPosition
                0x0000dfb4        0xc OpENer/source/src/ports/ClearCore/clearcore_wrapper.o
                0x0000dfb4                ToolChanger_GetPosition
 .text.ToolChanger_IsMoving
                0x0000dfc0       0x18 OpENer/source/src/ports/ClearCore/clearcore_wrapper.o
                0x0000dfc0                ToolChanger_IsMoving
 .text.ToolChanger_GetFaultCode
                0x0000dfd8        0xc OpENer/source/src/ports/ClearCore/clearcore_wrapper.o
                0x0000dfd8                ToolChanger_GetFaultCode
 .text.ToolChanger_GetInfoCode
                0x0000dfe4        0xc OpENer/source/src/ports/ClearCore/clearcore_wrapper.o
                0x0000dfe4                ToolChanger_GetInfoCode
 .text.ToolChanger_IsEstopActive
                0x0000dff0        0xc OpENer/source/src/ports/ClearCore/clearcore_wrapper.o
                0x0000dff0                ToolChanger_IsEstopActive
 .text.ToolChanger_SetToolEngageMode
                0x0000dffc       0x10 OpENer/source/src/ports/ClearCore/clearcore_wrapper.o
                0x0000dffc                ToolChanger_SetToolEngageMode
 .text.ToolChanger_GetToolEngageMode
                0x0000e00c        0xc OpENer/source/src/ports/ClearCore/clearcore_wrapper.o
                0x0000e00c                ToolChanger_GetToolEngageMode
 .text.ClearCoreEepromRead
                0x0000e018       0x2c OpENer/source/src/ports/ClearCore/clearcore_wrapper.o
                0x0000e018                ClearCoreEepromRead
 .text.ClearCoreEepromWrite
                0x0000e044       0x34 OpENer/source/src/ports/ClearCore/clearcore_wrapper.o
                0x0000e044                ClearCoreEepromWrite
 .text.ConnectorIO0_Initialize
                0x0000e078        0xc OpENer/source/src/ports/ClearCore/clearcore_wrapper.o
                0x0000e078                ConnectorIO0_Initialize
 .text.ConnectorIO0_SetState
                0x0000e084       0x10 OpENer/source/src/ports/ClearCore/clearcore_wrapper.o
                0x0000e084                ConnectorIO0_SetState
 .text.ConnectorIO1_Initialize
                0x0000e094        0xc OpENer/source/src/ports/ClearCore/clearcore_wrapper.o
                0x0000e094                ConnectorIO1_Initialize
 .text.ConnectorIO2_Initialize
                0x0000e0a0        0xc OpENer/source/src/ports/ClearCore/clearcore_wrapper.o
                0x0000e0a0                ConnectorIO2_Initialize
 .text.ConnectorIO3_Initialize
                0x0000e0ac        0xc OpENer/source/src/ports/ClearCore/clearcore_wrapper.o
                0x0000e0ac                ConnectorIO3_Initialize
 .text.ConnectorIO1_SetState
                0x0000e0b8       0x10 OpENer/source/src/ports/ClearCore/clearcore_wrapper.o
                0x0000e0b8                ConnectorIO1_SetState
 .text.ConnectorIO2_SetState
                0x0000e0c8       0x10 OpENer/source/src/ports/ClearCore/clearcore_wrapper.o
                0x0000e0c8                ConnectorIO2_SetState
 .text.ConnectorIO3_SetState
                0x0000e0d8       0x10 OpENer/source/src/ports/ClearCore/clearcore_wrapper.o
                0x0000e0d8                ConnectorIO3_SetState
 .text.ConnectorIO4_Initialize
                0x0000e0e8        0xc OpENer/source/src/ports/ClearCore/clearcore_wrapper.o
                0x0000e0e8                ConnectorIO4_Initialize
 .text.ConnectorIO5_Initialize
                0x0000e0f4        0xc OpENer/source/src/ports/ClearCore/clearcore_wrapper.o
                0x0000e0f4                ConnectorIO5_Initialize
 .text.ConnectorIO4_SetState
                0x0000e100       0x10 OpENer/source/src/ports/ClearCore/clearcore_wrapper.o
                0x0000e100                ConnectorIO4_SetState
 .text.ConnectorIO5_SetState
                0x0000e110       0x10 OpENer/source/src/ports/ClearCore/clearcore_wrapper.o
                0x0000e110                ConnectorIO5_SetState
 .text.ConnectorDI6_GetState
                0x0000e120       0x14 OpENer/source/src/ports/ClearCore/clearcore_wrapper.o
                0x0000e120                ConnectorDI6_GetState
 .text.ConnectorDI7_GetState
                0x0000e134       0x14 OpENer/source/src/ports/ClearCore/clearcore_wrapper.o
                0x0000e134                ConnectorDI7_GetState
 .text.ConnectorDI8_GetState
                0x0000e148       0x14 OpENer/source/src/ports/ClearCore/clearcore_wrapper.o
                0x0000e148                ConnectorDI8_GetState
 .text.ConnectorA9_Initialize
                0x0000e15c        0xc OpENer/source/src/ports/ClearCore/clearcore_wrapper.o
                0x0000e15c                ConnectorA9_Initialize
 .text.ConnectorA10_Initialize
                0x0000e168        0xc OpENer/source/src/ports/ClearCore/clearcore_wrapper.o
                0x0000e168                ConnectorA10_Initialize
 .text.ConnectorA11_Initialize
                0x0000e174        0xc OpENer/source/src/ports/ClearCore/clearcore_wrapper.o
                0x0000e174                ConnectorA11_Initialize
 .text.ConnectorA12_Initialize
                0x0000e180        0xc OpENer/source/src/ports/ClearCore/clearcore_wrapper.o
                0x0000e180                ConnectorA12_Initialize
 .text.ConnectorA9_GetState
                0x0000e18c       0x14 OpENer/source/src/ports/ClearCore/clearcore_wrapper.o
                0x0000e18c                ConnectorA9_GetState
 .text.ConnectorA10_GetState
                0x0000e1a0       0x14 OpENer/source/src/ports/ClearCore/clearcore_wrapper.o
                0x0000e1a0                ConnectorA10_GetState
 .text.ConnectorA11_GetState
                0x0000e1b4       0x14 OpENer/source/src/ports/ClearCore/clearcore_wrapper.o
                0x0000e1b4                ConnectorA11_GetState
 .text.ConnectorA12_GetState
                0x0000e1c8       0x14 OpENer/source/src/ports/ClearCore/clearcore_wrapper.o
                0x0000e1c8                ConnectorA12_GetState
 .text.ClearCoreRebootDevice
                0x0000e1dc       0x3c OpENer/source/src/ports/ClearCore/clearcore_wrapper.o
                0x0000e1dc                ClearCoreRebootDevice
 .text.ClearCoreTraceOutput
                0x0000e218       0xc0 OpENer/source/src/ports/ClearCore/clearcore_wrapper.o
                0x0000e218                ClearCoreTraceOutput
 .text.ToolChanger_Initialize
                0x0000e2d8       0x70 OpENer/source/src/ports/ClearCore/clearcore_wrapper.o
                0x0000e2d8                ToolChanger_Initialize
 .text.ToolChanger_ClearFaults
                0x0000e348      0x128 OpENer/source/src/ports/ClearCore/clearcore_wrapper.o
                0x0000e348                ToolChanger_ClearFaults
 .text.IfaceApplyConfiguration
                0x0000e470       0xac OpENer/source/src/ports/ClearCore/clearcore_wrapper.o
                0x0000e470                IfaceApplyConfiguration
 .text.ClearCoreClearNvram
                0x0000e51c       0x38 OpENer/source/src/ports/ClearCore/clearcore_wrapper.o
                0x0000e51c                ClearCoreClearNvram
 .text.ToolChanger_SelectTool
                0x0000e554      0x1ac OpENer/source/src/ports/ClearCore/clearcore_wrapper.o
                0x0000e554                ToolChanger_SelectTool
 .text.ToolChanger_HomeStart
                0x0000e700       0xac OpENer/source/src/ports/ClearCore/clearcore_wrapper.o
                0x0000e700                ToolChanger_HomeStart
 .text.ToolChanger_Cyclic
                0x0000e7ac      0x600 OpENer/source/src/ports/ClearCore/clearcore_wrapper.o
                0x0000e7ac                ToolChanger_Cyclic
 .text.opener_init
                0x0000edac       0xe4 OpENer/source/src/ports/ClearCore/opener.o
                0x0000edac                opener_init
 .text.opener_cyclic
                0x0000ee90       0x44 OpENer/source/src/ports/ClearCore/opener.o
                0x0000ee90                opener_cyclic
 .text.opener_get_status
                0x0000eed4        0xc OpENer/source/src/ports/ClearCore/opener.o
                0x0000eed4                opener_get_status
 .text.GetSocketErrorNumber
                0x0000eee0        0xc OpENer/source/src/ports/ClearCore/opener_error.o
                0x0000eee0                GetSocketErrorNumber
 .text.GetErrorMessage
                0x0000eeec       0x1c OpENer/source/src/ports/ClearCore/opener_error.o
                0x0000eeec                GetErrorMessage
 .text.FreeErrorMessage
                0x0000ef08        0x4 OpENer/source/src/ports/ClearCore/opener_error.o
                0x0000ef08                FreeErrorMessage
 .text.ClearCoreUpdateInStats
                0x0000ef0c       0x20 OpENer/source/src/ports/ClearCore/dx200_toolchanger/ethlinkcbs.o
                0x0000ef0c                ClearCoreUpdateInStats
 .text.ClearCoreUpdateOutStats
                0x0000ef2c       0x20 OpENer/source/src/ports/ClearCore/dx200_toolchanger/ethlinkcbs.o
                0x0000ef2c                ClearCoreUpdateOutStats
 .text.ClearCoreIncrementInErrors
                0x0000ef4c       0x10 OpENer/source/src/ports/ClearCore/dx200_toolchanger/ethlinkcbs.o
                0x0000ef4c                ClearCoreIncrementInErrors
 .text.ClearCoreIncrementOutErrors
                0x0000ef5c       0x10 OpENer/source/src/ports/ClearCore/dx200_toolchanger/ethlinkcbs.o
                0x0000ef5c                ClearCoreIncrementOutErrors
 .text.EthLnkPreGetCallback
                0x0000ef6c       0x78 OpENer/source/src/ports/ClearCore/dx200_toolchanger/ethlinkcbs.o
                0x0000ef6c                EthLnkPreGetCallback
 .text.EthLnkPostGetCallback
                0x0000efe4       0x54 OpENer/source/src/ports/ClearCore/dx200_toolchanger/ethlinkcbs.o
                0x0000efe4                EthLnkPostGetCallback
 .text.ApplicationInitialization
                0x0000f038       0xcc OpENer/source/src/ports/ClearCore/dx200_toolchanger/dx200_toolchanger.o
                0x0000f038                ApplicationInitialization
 .text.HandleApplication
                0x0000f104       0x88 OpENer/source/src/ports/ClearCore/dx200_toolchanger/dx200_toolchanger.o
                0x0000f104                HandleApplication
 .text.CheckIoConnectionEvent
                0x0000f18c       0x40 OpENer/source/src/ports/ClearCore/dx200_toolchanger/dx200_toolchanger.o
                0x0000f18c                CheckIoConnectionEvent
 .text.AfterAssemblyDataReceived
                0x0000f1cc       0x88 OpENer/source/src/ports/ClearCore/dx200_toolchanger/dx200_toolchanger.o
                0x0000f1cc                AfterAssemblyDataReceived
 .text.BeforeAssemblyDataSend
                0x0000f254      0x138 OpENer/source/src/ports/ClearCore/dx200_toolchanger/dx200_toolchanger.o
                0x0000f254                BeforeAssemblyDataSend
 .text.ResetDevice
                0x0000f38c       0x14 OpENer/source/src/ports/ClearCore/dx200_toolchanger/dx200_toolchanger.o
                0x0000f38c                ResetDevice
 .text.ResetDeviceToInitialConfiguration
                0x0000f3a0       0x20 OpENer/source/src/ports/ClearCore/dx200_toolchanger/dx200_toolchanger.o
                0x0000f3a0                ResetDeviceToInitialConfiguration
 .text.CipCalloc
                0x0000f3c0        0x4 OpENer/source/src/ports/ClearCore/dx200_toolchanger/dx200_toolchanger.o
                0x0000f3c0                CipCalloc
 .text.CipFree  0x0000f3c4        0x4 OpENer/source/src/ports/ClearCore/dx200_toolchanger/dx200_toolchanger.o
                0x0000f3c4                CipFree
 .text.RunIdleChanged
                0x0000f3c8       0x10 OpENer/source/src/ports/ClearCore/dx200_toolchanger/dx200_toolchanger.o
                0x0000f3c8                RunIdleChanged
 .text.DoublyLinkedListInitialize
                0x0000f3d8        0xc OpENer/source/src/utils/doublylinkedlist.o
                0x0000f3d8                DoublyLinkedListInitialize
 .text.DoublyLinkedListInsertAtHead
                0x0000f3e4       0x20 OpENer/source/src/utils/doublylinkedlist.o
                0x0000f3e4                DoublyLinkedListInsertAtHead
 .text.DoublyLinkedListRemoveNode
                0x0000f404       0x38 OpENer/source/src/utils/doublylinkedlist.o
                0x0000f404                DoublyLinkedListRemoveNode
 .text.InitializeENIPMessage
                0x0000f43c       0x14 OpENer/source/src/utils/enipmessage.o
                0x0000f43c                InitializeENIPMessage
 .text.lwip_selscan
                0x0000f450      0x158 Z:\Motoman_EnIP_ToolChanger\DX200_ToolChanger\..\LwIP\Release\libLwIP.a(sockets.o)
 .text.event_callback
                0x0000f5a8      0x21c Z:\Motoman_EnIP_ToolChanger\DX200_ToolChanger\..\LwIP\Release\libLwIP.a(sockets.o)
 .text.lwip_recv_tcp.isra.4
                0x0000f7c4      0x11c Z:\Motoman_EnIP_ToolChanger\DX200_ToolChanger\..\LwIP\Release\libLwIP.a(sockets.o)
 .text.lwip_recvfrom_udp_raw.isra.5
                0x0000f8e0      0x108 Z:\Motoman_EnIP_ToolChanger\DX200_ToolChanger\..\LwIP\Release\libLwIP.a(sockets.o)
 .text.lwip_accept
                0x0000f9e8      0x18c Z:\Motoman_EnIP_ToolChanger\DX200_ToolChanger\..\LwIP\Release\libLwIP.a(sockets.o)
                0x0000f9e8                lwip_accept
 .text.lwip_bind
                0x0000fb74       0x78 Z:\Motoman_EnIP_ToolChanger\DX200_ToolChanger\..\LwIP\Release\libLwIP.a(sockets.o)
                0x0000fb74                lwip_bind
 .text.lwip_close
                0x0000fbec       0x7c Z:\Motoman_EnIP_ToolChanger\DX200_ToolChanger\..\LwIP\Release\libLwIP.a(sockets.o)
                0x0000fbec                lwip_close
 .text.lwip_listen
                0x0000fc68       0x60 Z:\Motoman_EnIP_ToolChanger\DX200_ToolChanger\..\LwIP\Release\libLwIP.a(sockets.o)
                0x0000fc68                lwip_listen
 .text.lwip_recv
                0x0000fcc8       0x90 Z:\Motoman_EnIP_ToolChanger\DX200_ToolChanger\..\LwIP\Release\libLwIP.a(sockets.o)
                0x0000fcc8                lwip_recv
 .text.lwip_send
                0x0000fd58       0xe8 Z:\Motoman_EnIP_ToolChanger\DX200_ToolChanger\..\LwIP\Release\libLwIP.a(sockets.o)
                0x0000fd58                lwip_send
 .text.lwip_socket
                0x0000fe40       0xb4 Z:\Motoman_EnIP_ToolChanger\DX200_ToolChanger\..\LwIP\Release\libLwIP.a(sockets.o)
                0x0000fe40                lwip_socket
 .text.lwip_select
                0x0000fef4      0x7f8 Z:\Motoman_EnIP_ToolChanger\DX200_ToolChanger\..\LwIP\Release\libLwIP.a(sockets.o)
                0x0000fef4                lwip_select
 .text.lwip_shutdown
                0x000106ec       0x7c Z:\Motoman_EnIP_ToolChanger\DX200_ToolChanger\..\LwIP\Release\libLwIP.a(sockets.o)
                0x000106ec                lwip_shutdown
 .text.lwip_getpeername
                0x00010768       0x90 Z:\Motoman_EnIP_ToolChanger\DX200_ToolChanger\..\LwIP\Release\libLwIP.a(sockets.o)
                0x00010768                lwip_getpeername
 .text.lwip_setsockopt
                0x000107f8      0x288 Z:\Motoman_EnIP_ToolChanger\DX200_ToolChanger\..\LwIP\Release\libLwIP.a(sockets.o)
                0x000107f8                lwip_setsockopt
 .text.lwip_fcntl
                0x00010a80       0xa8 Z:\Motoman_EnIP_ToolChanger\DX200_ToolChanger\..\LwIP\Release\libLwIP.a(sockets.o)
                0x00010a80                lwip_fcntl
 .text.tcpip_thread_poll_one
                0x00010b28       0xac Z:\Motoman_EnIP_ToolChanger\DX200_ToolChanger\..\LwIP\Release\libLwIP.a(tcpip.o)
                0x00010b28                tcpip_thread_poll_one
 .text.tcpip_try_callback
                0x00010bd4       0x3c Z:\Motoman_EnIP_ToolChanger\DX200_ToolChanger\..\LwIP\Release\libLwIP.a(tcpip.o)
                0x00010bd4                tcpip_try_callback
 .text.tcpip_send_msg_wait_sem
                0x00010c10       0x24 Z:\Motoman_EnIP_ToolChanger\DX200_ToolChanger\..\LwIP\Release\libLwIP.a(tcpip.o)
                0x00010c10                tcpip_send_msg_wait_sem
 .text.lwip_htons
                0x00010c34        0x8 Z:\Motoman_EnIP_ToolChanger\DX200_ToolChanger\..\LwIP\Release\libLwIP.a(def.o)
                0x00010c34                lwip_htons
 .text.lwip_htonl
                0x00010c3c        0x4 Z:\Motoman_EnIP_ToolChanger\DX200_ToolChanger\..\LwIP\Release\libLwIP.a(def.o)
                0x00010c3c                lwip_htonl
 .text.lwip_init
                0x00010c40       0x28 Z:\Motoman_EnIP_ToolChanger\DX200_ToolChanger\..\LwIP\Release\libLwIP.a(init.o)
                0x00010c40                lwip_init
 .text.ip4_route
                0x00010c68       0x84 Z:\Motoman_EnIP_ToolChanger\DX200_ToolChanger\..\LwIP\Release\libLwIP.a(ip4.o)
                0x00010c68                ip4_route
 .text.ip4_input
                0x00010cec      0x23c Z:\Motoman_EnIP_ToolChanger\DX200_ToolChanger\..\LwIP\Release\libLwIP.a(ip4.o)
                0x00010cec                ip4_input
 .text.ip4_output_if
                0x00010f28      0x10c Z:\Motoman_EnIP_ToolChanger\DX200_ToolChanger\..\LwIP\Release\libLwIP.a(ip4.o)
                0x00010f28                ip4_output_if
 .text.ip4_output_if_src
                0x00011034       0xfc Z:\Motoman_EnIP_ToolChanger\DX200_ToolChanger\..\LwIP\Release\libLwIP.a(ip4.o)
                0x00011034                ip4_output_if_src
 .text.ip4_addr_isbroadcast_u32
                0x00011130       0x34 Z:\Motoman_EnIP_ToolChanger\DX200_ToolChanger\..\LwIP\Release\libLwIP.a(ip4_addr.o)
                0x00011130                ip4_addr_isbroadcast_u32
 .text.ipfrag_free_pbuf_custom
                0x00011164       0x18 Z:\Motoman_EnIP_ToolChanger\DX200_ToolChanger\..\LwIP\Release\libLwIP.a(ip4_frag.o)
 .text.ip_reass_remove_oldest_datagram
                0x0001117c      0x11c Z:\Motoman_EnIP_ToolChanger\DX200_ToolChanger\..\LwIP\Release\libLwIP.a(ip4_frag.o)
 .text.ip_reass_tmr
                0x00011298       0xcc Z:\Motoman_EnIP_ToolChanger\DX200_ToolChanger\..\LwIP\Release\libLwIP.a(ip4_frag.o)
                0x00011298                ip_reass_tmr
 .text.ip4_reass
                0x00011364      0x39c Z:\Motoman_EnIP_ToolChanger\DX200_ToolChanger\..\LwIP\Release\libLwIP.a(ip4_frag.o)
                0x00011364                ip4_reass
 .text.ip4_frag
                0x00011700      0x1b8 Z:\Motoman_EnIP_ToolChanger\DX200_ToolChanger\..\LwIP\Release\libLwIP.a(ip4_frag.o)
                0x00011700                ip4_frag
 .text.mem_init
                0x000118b8       0x3c Z:\Motoman_EnIP_ToolChanger\DX200_ToolChanger\..\LwIP\Release\libLwIP.a(mem.o)
                0x000118b8                mem_init
 .text.mem_free
                0x000118f4       0xf4 Z:\Motoman_EnIP_ToolChanger\DX200_ToolChanger\..\LwIP\Release\libLwIP.a(mem.o)
                0x000118f4                mem_free
 .text.mem_trim
                0x000119e8       0xe4 Z:\Motoman_EnIP_ToolChanger\DX200_ToolChanger\..\LwIP\Release\libLwIP.a(mem.o)
                0x000119e8                mem_trim
 .text.mem_malloc
                0x00011acc       0xf4 Z:\Motoman_EnIP_ToolChanger\DX200_ToolChanger\..\LwIP\Release\libLwIP.a(mem.o)
                0x00011acc                mem_malloc
 .text.mem_calloc
                0x00011bc0       0x28 Z:\Motoman_EnIP_ToolChanger\DX200_ToolChanger\..\LwIP\Release\libLwIP.a(mem.o)
                0x00011bc0                mem_calloc
 .text.memp_init
                0x00011be8       0x5c Z:\Motoman_EnIP_ToolChanger\DX200_ToolChanger\..\LwIP\Release\libLwIP.a(memp.o)
                0x00011be8                memp_init
 .text.memp_malloc
                0x00011c44       0x20 Z:\Motoman_EnIP_ToolChanger\DX200_ToolChanger\..\LwIP\Release\libLwIP.a(memp.o)
                0x00011c44                memp_malloc
 .text.memp_free
                0x00011c64       0x1c Z:\Motoman_EnIP_ToolChanger\DX200_ToolChanger\..\LwIP\Release\libLwIP.a(memp.o)
                0x00011c64                memp_free
 .text.netif_null_output_ip4
                0x00011c80        0x8 Z:\Motoman_EnIP_ToolChanger\DX200_ToolChanger\..\LwIP\Release\libLwIP.a(netif.o)
 .text.netif_init
                0x00011c88        0x4 Z:\Motoman_EnIP_ToolChanger\DX200_ToolChanger\..\LwIP\Release\libLwIP.a(netif.o)
                0x00011c88                netif_init
 .text.netif_add
                0x00011c8c      0x140 Z:\Motoman_EnIP_ToolChanger\DX200_ToolChanger\..\LwIP\Release\libLwIP.a(netif.o)
                0x00011c8c                netif_add
 .text.netif_set_addr
                0x00011dcc       0xfc Z:\Motoman_EnIP_ToolChanger\DX200_ToolChanger\..\LwIP\Release\libLwIP.a(netif.o)
                0x00011dcc                netif_set_addr
 .text.netif_set_default
                0x00011ec8        0xc Z:\Motoman_EnIP_ToolChanger\DX200_ToolChanger\..\LwIP\Release\libLwIP.a(netif.o)
                0x00011ec8                netif_set_default
 .text.netif_set_up
                0x00011ed4       0x44 Z:\Motoman_EnIP_ToolChanger\DX200_ToolChanger\..\LwIP\Release\libLwIP.a(netif.o)
                0x00011ed4                netif_set_up
 .text.netif_set_link_up
                0x00011f18       0x48 Z:\Motoman_EnIP_ToolChanger\DX200_ToolChanger\..\LwIP\Release\libLwIP.a(netif.o)
                0x00011f18                netif_set_link_up
 .text.netif_get_by_index
                0x00011f60       0x28 Z:\Motoman_EnIP_ToolChanger\DX200_ToolChanger\..\LwIP\Release\libLwIP.a(netif.o)
                0x00011f60                netif_get_by_index
 .text.netif_find
                0x00011f88       0x4c Z:\Motoman_EnIP_ToolChanger\DX200_ToolChanger\..\LwIP\Release\libLwIP.a(netif.o)
                0x00011f88                netif_find
 .text.pbuf_free_ooseq_callback
                0x00011fd4       0x28 Z:\Motoman_EnIP_ToolChanger\DX200_ToolChanger\..\LwIP\Release\libLwIP.a(pbuf.o)
 .text.pbuf_alloc
                0x00011ffc      0x194 Z:\Motoman_EnIP_ToolChanger\DX200_ToolChanger\..\LwIP\Release\libLwIP.a(pbuf.o)
                0x00011ffc                pbuf_alloc
 .text.pbuf_alloced_custom
                0x00012190       0x3c Z:\Motoman_EnIP_ToolChanger\DX200_ToolChanger\..\LwIP\Release\libLwIP.a(pbuf.o)
                0x00012190                pbuf_alloced_custom
 .text.pbuf_realloc
                0x000121cc       0xb0 Z:\Motoman_EnIP_ToolChanger\DX200_ToolChanger\..\LwIP\Release\libLwIP.a(pbuf.o)
                0x000121cc                pbuf_realloc
 .text.pbuf_add_header
                0x0001227c       0x48 Z:\Motoman_EnIP_ToolChanger\DX200_ToolChanger\..\LwIP\Release\libLwIP.a(pbuf.o)
                0x0001227c                pbuf_add_header
 .text.pbuf_remove_header
                0x000122c4       0x34 Z:\Motoman_EnIP_ToolChanger\DX200_ToolChanger\..\LwIP\Release\libLwIP.a(pbuf.o)
                0x000122c4                pbuf_remove_header
 .text.pbuf_header_force
                0x000122f8       0x68 Z:\Motoman_EnIP_ToolChanger\DX200_ToolChanger\..\LwIP\Release\libLwIP.a(pbuf.o)
                0x000122f8                pbuf_header_force
 .text.pbuf_free_header
                0x00012360       0x90 Z:\Motoman_EnIP_ToolChanger\DX200_ToolChanger\..\LwIP\Release\libLwIP.a(pbuf.o)
                0x00012360                pbuf_free_header
 .text.pbuf_free
                0x000123f0       0x6c Z:\Motoman_EnIP_ToolChanger\DX200_ToolChanger\..\LwIP\Release\libLwIP.a(pbuf.o)
                0x000123f0                pbuf_free
 .text.pbuf_clen
                0x0001245c       0x18 Z:\Motoman_EnIP_ToolChanger\DX200_ToolChanger\..\LwIP\Release\libLwIP.a(pbuf.o)
                0x0001245c                pbuf_clen
 .text.pbuf_ref
                0x00012474        0xc Z:\Motoman_EnIP_ToolChanger\DX200_ToolChanger\..\LwIP\Release\libLwIP.a(pbuf.o)
                0x00012474                pbuf_ref
 .text.pbuf_cat
                0x00012480       0x30 Z:\Motoman_EnIP_ToolChanger\DX200_ToolChanger\..\LwIP\Release\libLwIP.a(pbuf.o)
                0x00012480                pbuf_cat
 .text.pbuf_chain
                0x000124b0       0x44 Z:\Motoman_EnIP_ToolChanger\DX200_ToolChanger\..\LwIP\Release\libLwIP.a(pbuf.o)
                0x000124b0                pbuf_chain
 .text.pbuf_copy
                0x000124f4       0xa8 Z:\Motoman_EnIP_ToolChanger\DX200_ToolChanger\..\LwIP\Release\libLwIP.a(pbuf.o)
                0x000124f4                pbuf_copy
 .text.pbuf_copy_partial
                0x0001259c       0x70 Z:\Motoman_EnIP_ToolChanger\DX200_ToolChanger\..\LwIP\Release\libLwIP.a(pbuf.o)
                0x0001259c                pbuf_copy_partial
 .text.pbuf_take
                0x0001260c       0x50 Z:\Motoman_EnIP_ToolChanger\DX200_ToolChanger\..\LwIP\Release\libLwIP.a(pbuf.o)
                0x0001260c                pbuf_take
 .text.pbuf_take_at
                0x0001265c       0xa4 Z:\Motoman_EnIP_ToolChanger\DX200_ToolChanger\..\LwIP\Release\libLwIP.a(pbuf.o)
                0x0001265c                pbuf_take_at
 .text.pbuf_clone
                0x00012700      0x1c0 Z:\Motoman_EnIP_ToolChanger\DX200_ToolChanger\..\LwIP\Release\libLwIP.a(pbuf.o)
                0x00012700                pbuf_clone
 .text.pbuf_put_at
                0x000128c0       0x24 Z:\Motoman_EnIP_ToolChanger\DX200_ToolChanger\..\LwIP\Release\libLwIP.a(pbuf.o)
                0x000128c0                pbuf_put_at
 .text.raw_input
                0x000128e4      0x11c Z:\Motoman_EnIP_ToolChanger\DX200_ToolChanger\..\LwIP\Release\libLwIP.a(raw.o)
                0x000128e4                raw_input
 .text.raw_bind
                0x00012a00       0x14 Z:\Motoman_EnIP_ToolChanger\DX200_ToolChanger\..\LwIP\Release\libLwIP.a(raw.o)
                0x00012a00                raw_bind
 .text.raw_bind_netif
                0x00012a14       0x10 Z:\Motoman_EnIP_ToolChanger\DX200_ToolChanger\..\LwIP\Release\libLwIP.a(raw.o)
                0x00012a14                raw_bind_netif
 .text.raw_recv
                0x00012a24        0x8 Z:\Motoman_EnIP_ToolChanger\DX200_ToolChanger\..\LwIP\Release\libLwIP.a(raw.o)
                0x00012a24                raw_recv
 .text.raw_sendto
                0x00012a2c      0x138 Z:\Motoman_EnIP_ToolChanger\DX200_ToolChanger\..\LwIP\Release\libLwIP.a(raw.o)
                0x00012a2c                raw_sendto
 .text.raw_send
                0x00012b64      0x138 Z:\Motoman_EnIP_ToolChanger\DX200_ToolChanger\..\LwIP\Release\libLwIP.a(raw.o)
                0x00012b64                raw_send
 .text.raw_remove
                0x00012c9c       0x44 Z:\Motoman_EnIP_ToolChanger\DX200_ToolChanger\..\LwIP\Release\libLwIP.a(raw.o)
                0x00012c9c                raw_remove
 .text.raw_new_ip_type
                0x00012ce0       0x30 Z:\Motoman_EnIP_ToolChanger\DX200_ToolChanger\..\LwIP\Release\libLwIP.a(raw.o)
                0x00012ce0                raw_new_ip_type
 .text.raw_netif_ip_addr_changed
                0x00012d10       0x34 Z:\Motoman_EnIP_ToolChanger\DX200_ToolChanger\..\LwIP\Release\libLwIP.a(raw.o)
                0x00012d10                raw_netif_ip_addr_changed
 .text.tcp_pcb_purge.part.1
                0x00012d44       0x80 Z:\Motoman_EnIP_ToolChanger\DX200_ToolChanger\..\LwIP\Release\libLwIP.a(tcp.o)
 .text.tcp_close_shutdown
                0x00012dc4      0x21c Z:\Motoman_EnIP_ToolChanger\DX200_ToolChanger\..\LwIP\Release\libLwIP.a(tcp.o)
 .text.tcp_recv_null
                0x00012fe0       0x98 Z:\Motoman_EnIP_ToolChanger\DX200_ToolChanger\..\LwIP\Release\libLwIP.a(tcp.o)
                0x00012fe0                tcp_recv_null
 .text.tcp_init
                0x00013078       0x18 Z:\Motoman_EnIP_ToolChanger\DX200_ToolChanger\..\LwIP\Release\libLwIP.a(tcp.o)
                0x00013078                tcp_init
 .text.tcp_free
                0x00013090        0x8 Z:\Motoman_EnIP_ToolChanger\DX200_ToolChanger\..\LwIP\Release\libLwIP.a(tcp.o)
                0x00013090                tcp_free
 .text.tcp_close
                0x00013098      0x238 Z:\Motoman_EnIP_ToolChanger\DX200_ToolChanger\..\LwIP\Release\libLwIP.a(tcp.o)
                0x00013098                tcp_close
 .text.tcp_shutdown
                0x000132d0       0x60 Z:\Motoman_EnIP_ToolChanger\DX200_ToolChanger\..\LwIP\Release\libLwIP.a(tcp.o)
                0x000132d0                tcp_shutdown
 .text.tcp_abandon
                0x00013330      0x1bc Z:\Motoman_EnIP_ToolChanger\DX200_ToolChanger\..\LwIP\Release\libLwIP.a(tcp.o)
                0x00013330                tcp_abandon
 .text.tcp_accept_null
                0x000134ec       0x10 Z:\Motoman_EnIP_ToolChanger\DX200_ToolChanger\..\LwIP\Release\libLwIP.a(tcp.o)
 .text.tcp_abort
                0x000134fc        0x8 Z:\Motoman_EnIP_ToolChanger\DX200_ToolChanger\..\LwIP\Release\libLwIP.a(tcp.o)
                0x000134fc                tcp_abort
 .text.tcp_bind
                0x00013504      0x114 Z:\Motoman_EnIP_ToolChanger\DX200_ToolChanger\..\LwIP\Release\libLwIP.a(tcp.o)
                0x00013504                tcp_bind
 .text.tcp_bind_netif
                0x00013618       0x10 Z:\Motoman_EnIP_ToolChanger\DX200_ToolChanger\..\LwIP\Release\libLwIP.a(tcp.o)
                0x00013618                tcp_bind_netif
 .text.tcp_listen_with_backlog_and_err
                0x00013628       0xdc Z:\Motoman_EnIP_ToolChanger\DX200_ToolChanger\..\LwIP\Release\libLwIP.a(tcp.o)
                0x00013628                tcp_listen_with_backlog_and_err
 .text.tcp_update_rcv_ann_wnd
                0x00013704       0x44 Z:\Motoman_EnIP_ToolChanger\DX200_ToolChanger\..\LwIP\Release\libLwIP.a(tcp.o)
                0x00013704                tcp_update_rcv_ann_wnd
 .text.tcp_recved
                0x00013748       0x64 Z:\Motoman_EnIP_ToolChanger\DX200_ToolChanger\..\LwIP\Release\libLwIP.a(tcp.o)
                0x00013748                tcp_recved
 .text.tcp_slowtmr
                0x000137ac      0x408 Z:\Motoman_EnIP_ToolChanger\DX200_ToolChanger\..\LwIP\Release\libLwIP.a(tcp.o)
                0x000137ac                tcp_slowtmr
 .text.tcp_fasttmr
                0x00013bb4      0x184 Z:\Motoman_EnIP_ToolChanger\DX200_ToolChanger\..\LwIP\Release\libLwIP.a(tcp.o)
                0x00013bb4                tcp_fasttmr
 .text.tcp_tmr  0x00013d38       0x24 Z:\Motoman_EnIP_ToolChanger\DX200_ToolChanger\..\LwIP\Release\libLwIP.a(tcp.o)
                0x00013d38                tcp_tmr
 .text.tcp_process_refused_data
                0x00013d5c       0xcc Z:\Motoman_EnIP_ToolChanger\DX200_ToolChanger\..\LwIP\Release\libLwIP.a(tcp.o)
                0x00013d5c                tcp_process_refused_data
 .text.tcp_segs_free
                0x00013e28       0x24 Z:\Motoman_EnIP_ToolChanger\DX200_ToolChanger\..\LwIP\Release\libLwIP.a(tcp.o)
                0x00013e28                tcp_segs_free
 .text.tcp_seg_free
                0x00013e4c       0x1c Z:\Motoman_EnIP_ToolChanger\DX200_ToolChanger\..\LwIP\Release\libLwIP.a(tcp.o)
                0x00013e4c                tcp_seg_free
 .text.tcp_seg_copy
                0x00013e68       0x28 Z:\Motoman_EnIP_ToolChanger\DX200_ToolChanger\..\LwIP\Release\libLwIP.a(tcp.o)
                0x00013e68                tcp_seg_copy
 .text.tcp_alloc
                0x00013e90      0x1e8 Z:\Motoman_EnIP_ToolChanger\DX200_ToolChanger\..\LwIP\Release\libLwIP.a(tcp.o)
                0x00013e90                tcp_alloc
 .text.tcp_new_ip_type
                0x00014078        0x8 Z:\Motoman_EnIP_ToolChanger\DX200_ToolChanger\..\LwIP\Release\libLwIP.a(tcp.o)
                0x00014078                tcp_new_ip_type
 .text.tcp_arg  0x00014080        0x8 Z:\Motoman_EnIP_ToolChanger\DX200_ToolChanger\..\LwIP\Release\libLwIP.a(tcp.o)
                0x00014080                tcp_arg
 .text.tcp_recv
                0x00014088        0x8 Z:\Motoman_EnIP_ToolChanger\DX200_ToolChanger\..\LwIP\Release\libLwIP.a(tcp.o)
                0x00014088                tcp_recv
 .text.tcp_sent