Archive member included to satisfy reference by file (symbol)

D:\Motoman_EnIP_ToolChanger\DX200_ToolChanger\..\LwIP\Release\libLwIP.a(sockets.o)
                              OpENer/source/src/ports/generic_networkhandler.o (lwip_accept)
D:\Motoman_EnIP_ToolChanger\DX200_ToolChanger\..\LwIP\Release\libLwIP.a(tcpip.o)
                              D:\Motoman_EnIP_ToolChanger\DX200_ToolChanger\..\LwIP\Release\libLwIP.a(sockets.o) (lock_tcpip_core)
D:\Motoman_EnIP_ToolChanger\DX200_ToolChanger\..\LwIP\Release\libLwIP.a(def.o)
                              OpENer/source/src/cip/cipioconnection.o (lwip_htons)
D:\Motoman_EnIP_ToolChanger\DX200_ToolChanger\..\LwIP\Release\libLwIP.a(init.o)
                              D:\Motoman_EnIP_ToolChanger\DX200_ToolChanger\..\LwIP\Release\libLwIP.a(tcpip.o) (lwip_init)
D:\Motoman_EnIP_ToolChanger\DX200_ToolChanger\..\LwIP\Release\libLwIP.a(ip4.o)
                              D:\Motoman_EnIP_ToolChanger\DX200_ToolChanger\..\LwIP\Release\libLwIP.a(tcpip.o) (ip4_input)
D:\Motoman_EnIP_ToolChanger\DX200_ToolChanger\..\LwIP\Release\libLwIP.a(ip4_addr.o)
                              D:\Motoman_EnIP_ToolChanger\DX200_ToolChanger\..\LwIP\Release\libLwIP.a(ip4.o) (ip4_addr_isbroadcast_u32)
D:\Motoman_EnIP_ToolChanger\DX200_ToolChanger\..\LwIP\Release\libLwIP.a(ip4_frag.o)
                              D:\Motoman_EnIP_ToolChanger\DX200_ToolChanger\..\LwIP\Release\libLwIP.a(ip4.o) (ip4_reass)
D:\Motoman_EnIP_ToolChanger\DX200_ToolChanger\..\LwIP\Release\libLwIP.a(mem.o)
                              D:\Motoman_EnIP_ToolChanger\DX200_ToolChanger\..\LwIP\Release\libLwIP.a(init.o) (mem_init)
D:\Motoman_EnIP_ToolChanger\DX200_ToolChanger\..\LwIP\Release\libLwIP.a(memp.o)
                              D:\Motoman_EnIP_ToolChanger\DX200_ToolChanger\..\LwIP\Release\libLwIP.a(init.o) (memp_init)
D:\Motoman_EnIP_ToolChanger\DX200_ToolChanger\..\LwIP\Release\libLwIP.a(netif.o)
                              D:\Motoman_EnIP_ToolChanger\DX200_ToolChanger\..\LwIP\Release\libLwIP.a(init.o) (netif_init)
D:\Motoman_EnIP_ToolChanger\DX200_ToolChanger\..\LwIP\Release\libLwIP.a(pbuf.o)
                              OpENer/source/src/enet_encap/encap.o (pbuf_alloc)
D:\Motoman_EnIP_ToolChanger\DX200_ToolChanger\..\LwIP\Release\libLwIP.a(raw.o)
                              D:\Motoman_EnIP_ToolChanger\DX200_ToolChanger\..\LwIP\Release\libLwIP.a(ip4.o) (raw_input)
D:\Motoman_EnIP_ToolChanger\DX200_ToolChanger\..\LwIP\Release\libLwIP.a(tcp.o)
                              D:\Motoman_EnIP_ToolChanger\DX200_ToolChanger\..\LwIP\Release\libLwIP.a(pbuf.o) (tcp_active_pcbs)
D:\Motoman_EnIP_ToolChanger\DX200_ToolChanger\..\LwIP\Release\libLwIP.a(tcp_in.o)
                              D:\Motoman_EnIP_ToolChanger\DX200_ToolChanger\..\LwIP\Release\libLwIP.a(ip4.o) (tcp_input)
D:\Motoman_EnIP_ToolChanger\DX200_ToolChanger\..\LwIP\Release\libLwIP.a(tcp_out.o)
                              D:\Motoman_EnIP_ToolChanger\DX200_ToolChanger\..\LwIP\Release\libLwIP.a(tcp.o) (tcp_split_unsent_seg)
D:\Motoman_EnIP_ToolChanger\DX200_ToolChanger\..\LwIP\Release\libLwIP.a(timeouts.o)
                              D:\Motoman_EnIP_ToolChanger\DX200_ToolChanger\..\LwIP\Release\libLwIP.a(tcp.o) (tcp_timer_needed)
D:\Motoman_EnIP_ToolChanger\DX200_ToolChanger\..\LwIP\Release\libLwIP.a(udp.o)
                              D:\Motoman_EnIP_ToolChanger\DX200_ToolChanger\..\LwIP\Release\libLwIP.a(init.o) (udp_init)
D:\Motoman_EnIP_ToolChanger\DX200_ToolChanger\..\LwIP\Release\libLwIP.a(ethernet.o)
                              D:\Motoman_EnIP_ToolChanger\DX200_ToolChanger\..\LwIP\Release\libLwIP.a(tcpip.o) (ethernet_input)
D:\Motoman_EnIP_ToolChanger\DX200_ToolChanger\..\LwIP\Release\libLwIP.a(sys_arch.o)
                              D:\Motoman_EnIP_ToolChanger\DX200_ToolChanger\..\LwIP\Release\libLwIP.a(init.o) (sys_init)
D:\Motoman_EnIP_ToolChanger\DX200_ToolChanger\..\LwIP\Release\libLwIP.a(api_lib.o)
                              D:\Motoman_EnIP_ToolChanger\DX200_ToolChanger\..\LwIP\Release\libLwIP.a(sockets.o) (netconn_new_with_proto_and_callback)
D:\Motoman_EnIP_ToolChanger\DX200_ToolChanger\..\LwIP\Release\libLwIP.a(api_msg.o)
                              D:\Motoman_EnIP_ToolChanger\DX200_ToolChanger\..\LwIP\Release\libLwIP.a(api_lib.o) (lwip_netconn_is_err_msg)
D:\Motoman_EnIP_ToolChanger\DX200_ToolChanger\..\LwIP\Release\libLwIP.a(err.o)
                              D:\Motoman_EnIP_ToolChanger\DX200_ToolChanger\..\LwIP\Release\libLwIP.a(sockets.o) (err_to_errno)
D:\Motoman_EnIP_ToolChanger\DX200_ToolChanger\..\LwIP\Release\libLwIP.a(netbuf.o)
                              D:\Motoman_EnIP_ToolChanger\DX200_ToolChanger\..\LwIP\Release\libLwIP.a(sockets.o) (netbuf_delete)
D:\Motoman_EnIP_ToolChanger\DX200_ToolChanger\..\LwIP\Release\libLwIP.a(dns.o)
                              D:\Motoman_EnIP_ToolChanger\DX200_ToolChanger\..\LwIP\Release\libLwIP.a(init.o) (dns_init)
[...]
Memory Configuration

Name             Origin             Length             Attributes
FLASH            0x00004000         0x0007c000         xr
RAM              0x20000000         0x00030000         xrw
*default*        0x00000000         0xffffffff

Linker script and memory map

LOAD c:/program files (x86)/atmel/studio/7.0/toolchain/arm/arm-gnu-toolchain/bin/../lib/gcc/arm-none-eabi/6.3.1/thumb/v7e-m/fpv4-sp/hard/crti.o
LOAD c:/program files (x86)/atmel/studio/7.0/toolchain/arm/arm-gnu-toolchain/bin/../lib/gcc/arm-none-eabi/6.3.1/thumb/v7e-m/fpv4-sp/hard/crtbegin.o
LOAD c:/program files (x86)/atmel/studio/7.0/toolchain/arm/arm-gnu-toolchain/bin/../lib/gcc/arm-none-eabi/6.3.1/../../../../arm-none-eabi/lib/thumb/v7e-m/fpv4-sp/hard/rdimon-crt0.o
LOAD Device_Startup/startup_same53.o
LOAD main.o
LOAD max7219_display.o
LOAD OpENer/source/src/cip/appcontype.o
LOAD OpENer/source/src/cip/cipassembly.o
LOAD OpENer/source/src/cip/cipclass3connection.o
LOAD OpENer/source/src/cip/cipcommon.o
LOAD OpENer/source/src/cip/cipconnectionmanager.o
LOAD OpENer/source/src/cip/cipconnectionobject.o
LOAD OpENer/source/src/cip/cipdlr.o
LOAD OpENer/source/src/cip/cipelectronickey.o
LOAD OpENer/source/src/cip/cipepath.o
LOAD OpENer/source/src/cip/cipethernetlink.o
LOAD OpENer/source/src/cip/cipidentity.o
LOAD OpENer/source/src/cip/cipioconnection.o
LOAD OpENer/source/src/cip/cipmessagerouter.o
LOAD OpENer/source/src/cip/cipqos.o
LOAD OpENer/source/src/cip/cipstring.o
LOAD OpENer/source/src/cip/cipstringi.o
LOAD OpENer/source/src/cip/ciptcpipinterface.o
LOAD OpENer/source/src/cip/ciptypes.o
LOAD OpENer/source/src/enet_encap/cpf.o
LOAD OpENer/source/src/enet_encap/encap.o
LOAD OpENer/source/src/enet_encap/endianconv.o
LOAD OpENer/source/src/ports/generic_networkhandler.o
LOAD OpENer/source/src/ports/socket_timer.o
LOAD OpENer/source/src/ports/nvdata/conffile.o
LOAD OpENer/source/src/ports/nvdata/nvdata.o
LOAD OpENer/source/src/ports/nvdata/nvqos.o
LOAD OpENer/source/src/ports/nvdata/nvtcpip.o
LOAD OpENer/source/src/ports/ClearCore/networkconfig.o
LOAD OpENer/source/src/ports/ClearCore/networkhandler.o
LOAD OpENer/source/src/ports/ClearCore/clearcore_wrapper.o
LOAD OpENer/source/src/ports/ClearCore/opener.o
LOAD OpENer/source/src/ports/ClearCore/opener_error.o
LOAD OpENer/source/src/ports/ClearCore/dx200_toolchanger/ethlinkcbs.o
LOAD OpENer/source/src/ports/ClearCore/dx200_toolchanger/dx200_toolchanger.o
LOAD OpENer/source/src/utils/doublylinkedlist.o
LOAD OpENer/source/src/utils/enipmessage.o
LOAD OpENer/source/src/utils/random.o
LOAD OpENer/source/src/utils/xorshiftrandom.o
START GROUP
LOAD C:\Program Files (x86)\Atmel\Studio\7.0\Packs\arm\CMSIS\4.5.0\CMSIS\Lib\GCC\libarm_cortexM4lf_math.a
LOAD D:\Motoman_EnIP_ToolChanger\DX200_ToolChanger\..\LwIP\Release\libLwIP.a
LOAD D:\Motoman_EnIP_ToolChanger\libClearCore\Release\libClearCore.a
LOAD D:\Motoman_EnIP_ToolChanger\DX200_ToolChanger\..\LwIP\Release\libLwIP.a
END GROUP
LOAD c:/program files (x86)/atmel/studio/7.0/toolchain/arm/arm-gnu-toolchain/bin/../lib/gcc/arm-none-eabi/6.3.1/../../../../arm-none-eabi/lib/thumb/v7e-m/fpv4-sp/hard\libstdc++.a
LOAD c:/program files (x86)/atmel/studio/7.0/toolchain/arm/arm-gnu-toolchain/bin/../lib/gcc/arm-none-eabi/6.3.1/../../../../arm-none-eabi/lib/thumb/v7e-m/fpv4-sp/hard\libm.a
START GROUP
LOAD c:/program files (x86)/atmel/studio/7.0/toolchain/arm/arm-gnu-toolchain/bin/../lib/gcc/arm-none-eabi/6.3.1/thumb/v7e-m/fpv4-sp/hard\libgcc.a
LOAD c:/program files (x86)/atmel/studio/7.0/toolchain/arm/arm-gnu-toolchain/bin/../lib/gcc/arm-none-eabi/6.3.1/../../../../arm-none-eabi/lib/thumb/v7e-m/fpv4-sp/hard\libc.a
END GROUP
START GROUP
LOAD c:/program files (x86)/atmel/studio/7.0/toolchain/arm/arm-gnu-toolchain/bin/../lib/gcc/arm-none-eabi/6.3.1/thumb/v7e-m/fpv4-sp/hard\libgcc.a
LOAD c:/program files (x86)/atmel/studio/7.0/toolchain/arm/arm-gnu-toolchain/bin/../lib/gcc/arm-none-eabi/6.3.1/../../../../arm-none-eabi/lib/thumb/v7e-m/fpv4-sp/hard\libc.a
LOAD c:/program files (x86)/atmel/studio/7.0/toolchain/arm/arm-gnu-toolchain/bin/../lib/gcc/arm-none-eabi/6.3.1/../../../../arm-none-eabi/lib/thumb/v7e-m/fpv4-sp/hard\librdimon.a
END GROUP
LOAD c:/program files (x86)/atmel/studio/7.0/toolchain/arm/arm-gnu-toolchain/bin/../lib/gcc/arm-none-eabi/6.3.1/thumb/v7e-m/fpv4-sp/hard/crtend.o
LOAD c:/program files (x86)/atmel/studio/7.0/toolchain/arm/arm-gnu-toolchain/bin/../lib/gcc/arm-none-eabi/6.3.1/thumb/v7e-m/fpv4-sp/hard/crtn.o

.text           0x00004000    0x3ff5c
                0x00004000                __text_start__ = .
 *(.sketch_boot)
                0x00004000                . = ALIGN (0x4000)
 *(.vectors)
 .vectors       0x00004000      0x264 Device_Startup/startup_same53.o
                0x00004000                exception_table
 *(.text*)
 .text          0x00004264       0x6c c:/program files (x86)/atmel/studio/7.0/toolchain/arm/arm-gnu-toolchain/bin/../lib/gcc/arm-none-eabi/6.3.1/thumb/v7e-m/fpv4-sp/hard/crtbegin.o
 .text.Dummy_Handler
                0x000042d0        0x4 Device_Startup/startup_same53.o
                0x000042d0                SVCall_Handler
                0x000042d0                EVSYS_0_Handler
                0x000042d0                TCC1_3_Handler
                0x000042d0                DAC_3_Handler
                0x000042d0                TRNG_Handler
                0x000042d0                HardFault_Handler
                0x000042d0                TC2_Handler
                0x000042d0                PDEC_2_Handler
                0x000042d0                AC_Handler
                0x000042d0                SERCOM3_1_Handler
                0x000042d0                TCC2_3_Handler
                0x000042d0                SERCOM3_2_Handler
                0x000042d0                PendSV_Handler
                0x000042d0                TC7_Handler
                0x000042d0                ADC1_1_Handler
                0x000042d0                EVSYS_3_Handler
                0x000042d0                PDEC_0_Handler
                0x000042d0                QSPI_Handler
                0x000042d0                NonMaskableInt_Handler
                0x000042d0                MemManagement_Handler
                0x000042d0                DAC_2_Handler
                0x000042d0                RTC_Handler
                0x000042d0                UsageFault_Handler
                0x000042d0                SERCOM4_0_Handler
                0x000042d0                OSC32KCTRL_Handler
                0x000042d0                TCC2_1_Handler
                0x000042d0                SUPC_1_Handler
                0x000042d0                TCC0_5_Handler
                0x000042d0                TCC0_6_Handler
                0x000042d0                SERCOM6_2_Handler
                0x000042d0                EVSYS_1_Handler
                0x000042d0                TCC1_4_Handler
                0x000042d0                TC6_Handler
                0x000042d0                DMAC_0_Handler
                0x000042d0                WDT_Handler
                0x000042d0                SERCOM6_0_Handler
                0x000042d0                SERCOM5_0_Handler
                0x000042d0                TC4_Handler
                0x000042d0                TC1_Handler
                0x000042d0                OSCCTRL_4_Handler
                0x000042d0                SERCOM4_3_Handler
                0x000042d0                DMAC_4_Handler
                0x000042d0                TCC4_2_Handler
                0x000042d0                PAC_Handler
                0x000042d0                TCC1_0_Handler
                0x000042d0                OSCCTRL_0_Handler
                0x000042d0                OSCCTRL_3_Handler
                0x000042d0                SERCOM4_1_Handler
                0x000042d0                TC3_Handler
                0x000042d0                Dummy_Handler
                0x000042d0                TCC2_2_Handler
                0x000042d0                SERCOM5_1_Handler
                0x000042d0                TCC1_1_Handler
                0x000042d0                DMAC_2_Handler
                0x000042d0                ADC0_0_Handler
                0x000042d0                SERCOM0_1_Handler
                0x000042d0                OSCCTRL_2_Handler
                0x000042d0                ADC1_0_Handler
                0x000042d0                TCC1_2_Handler
                0x000042d0                SERCOM7_1_Handler
                0x000042d0                PM_Handler
                0x000042d0                SERCOM6_3_Handler
                0x000042d0                DAC_4_Handler
                0x000042d0                TCC3_2_Handler
                0x000042d0                TCC0_2_Handler
                0x000042d0                DMAC_1_Handler
                0x000042d0                SDHC1_Handler
                0x000042d0                TCC2_0_Handler
                0x000042d0                PDEC_1_Handler
                0x000042d0                TCC4_1_Handler
                0x000042d0                SERCOM5_3_Handler
                0x000042d0                SERCOM6_1_Handler
                0x000042d0                SDHC0_Handler
                0x000042d0                SERCOM1_1_Handler
                0x000042d0                I2S_Handler
                0x000042d0                PCC_Handler
                0x000042d0                DAC_0_Handler
                0x000042d0                TCC0_1_Handler
                0x000042d0                SERCOM1_3_Handler
                0x000042d0                OSCCTRL_1_Handler
                0x000042d0                SERCOM1_0_Handler
                0x000042d0                PUKCC_Handler
                0x000042d0                SERCOM2_1_Handler
                0x000042d0                SERCOM1_2_Handler
                0x000042d0                SERCOM3_0_Handler
                0x000042d0                SERCOM4_2_Handler
                0x000042d0                EVSYS_4_Handler
                0x000042d0                NVMCTRL_1_Handler
                0x000042d0                SERCOM5_2_Handler
                0x000042d0                SERCOM3_3_Handler
                0x000042d0                ADC0_1_Handler
                0x000042d0                TCC3_1_Handler
                0x000042d0                DAC_1_Handler
                0x000042d0                NVMCTRL_0_Handler
                0x000042d0                MCLK_Handler
                0x000042d0                EVSYS_2_Handler
                0x000042d0                SUPC_0_Handler
                0x000042d0                BusFault_Handler
                0x000042d0                FREQM_Handler
                0x000042d0                TC0_Handler
                0x000042d0                TCC0_3_Handler
                0x000042d0                DMAC_3_Handler
                0x000042d0                DebugMonitor_Handler
                0x000042d0                TCC0_4_Handler
                0x000042d0                RAMECC_Handler
                0x000042d0                TC5_Handler
                0x000042d0                AES_Handler
                0x000042d0                ICM_Handler
 .text._ZN9ClearCore7ISerial8SendLineEPKc.constprop.2
                0x000042d4       0x44 main.o
 .text.startup.main
                0x00004318      0x448 main.o
                0x00004318                main
 .text.ConfigureExclusiveOwnerConnectionPoint
                0x00004760       0x10 OpENer/source/src/cip/appcontype.o
                0x00004760                ConfigureExclusiveOwnerConnectionPoint
 .text.GetListenOnlyConnection
                0x00004770       0xfc OpENer/source/src/cip/appcontype.o
                0x00004770                GetListenOnlyConnection
 .text.GetIoConnectionForConnectionData
                0x0000486c      0x160 OpENer/source/src/cip/appcontype.o
                0x0000486c                GetIoConnectionForConnectionData
 .text.GetExistingProducerIoConnection
                0x000049cc       0x80 OpENer/source/src/cip/appcontype.o
                0x000049cc                GetExistingProducerIoConnection
 .text.GetNextNonControlMasterConnection
                0x00004a4c       0x4c OpENer/source/src/cip/appcontype.o
                0x00004a4c                GetNextNonControlMasterConnection
 .text.CloseAllConnectionsForInputWithSameType
                0x00004a98       0x44 OpENer/source/src/cip/appcontype.o
                0x00004a98                CloseAllConnectionsForInputWithSameType
 .text.CloseAllConnections
                0x00004adc       0x1c OpENer/source/src/cip/appcontype.o
                0x00004adc                CloseAllConnections
 .text.ConnectionWithSameConfigPointExists
                0x00004af8       0x30 OpENer/source/src/cip/appcontype.o
                0x00004af8                ConnectionWithSameConfigPointExists
 .text.InitializeIoConnectionData
                0x00004b28       0x38 OpENer/source/src/cip/appcontype.o
                0x00004b28                InitializeIoConnectionData
 .text.AssemblyPostSetCallback
                0x00004b60        0x4 OpENer/source/src/cip/cipassembly.o
 .text.AssemblyPreGetCallback
                0x00004b64        0xc OpENer/source/src/cip/cipassembly.o
 .text.DecodeCipAssemblyAttribute3
                0x00004b70       0x50 OpENer/source/src/cip/cipassembly.o
                0x00004b70                DecodeCipAssemblyAttribute3
 .text.CipAssemblyInitialize
                0x00004bc0       0x94 OpENer/source/src/cip/cipassembly.o
                0x00004bc0                CipAssemblyInitialize
 .text.CreateAssemblyObject
                0x00004c54       0xf8 OpENer/source/src/cip/cipassembly.o
                0x00004c54                CreateAssemblyObject
 .text.NotifyAssemblyConnectedDataReceived
                0x00004d4c       0x34 OpENer/source/src/cip/cipassembly.o
                0x00004d4c                NotifyAssemblyConnectedDataReceived
 .text.Class3ConnectionTimeoutHandler
                0x00004d80       0x18 OpENer/source/src/cip/cipclass3connection.o
                0x00004d80                Class3ConnectionTimeoutHandler
 .text.EstablishClass3Connection
                0x00004d98       0x74 OpENer/source/src/cip/cipclass3connection.o
                0x00004d98                EstablishClass3Connection
 .text.InitializeClass3ConnectionData
                0x00004e0c       0x10 OpENer/source/src/cip/cipclass3connection.o
                0x00004e0c                InitializeClass3ConnectionData
 .text.GetAttributeSingle
                0x00004e1c       0xc4 OpENer/source/src/cip/cipcommon.o
                0x00004e1c                GetAttributeSingle
 .text.GetAttributeAll
                0x00004ee0       0xdc OpENer/source/src/cip/cipcommon.o
                0x00004ee0                GetAttributeAll
 .text.AddCipInstances.constprop.1
                0x00004fbc       0xb4 OpENer/source/src/cip/cipcommon.o
 .text.EncodeCipUint
                0x00005070        0x8 OpENer/source/src/cip/cipcommon.o
                0x00005070                EncodeCipUint
 .text.CipStackInit
                0x00005078       0x2c OpENer/source/src/cip/cipcommon.o
                0x00005078                CipStackInit
 .text.NotifyClass
                0x000050a4       0x7c OpENer/source/src/cip/cipcommon.o
                0x000050a4                NotifyClass
 .text.AddCipInstances
                0x00005120      0x108 OpENer/source/src/cip/cipcommon.o
                0x00005120                AddCipInstances
 .text.AddCipInstance
                0x00005228       0x34 OpENer/source/src/cip/cipcommon.o
                0x00005228                AddCipInstance
 .text.CreateCipClass
                0x0000525c      0x484 OpENer/source/src/cip/cipcommon.o
                0x0000525c                CreateCipClass
 .text.InsertAttribute
                0x000056e0       0x98 OpENer/source/src/cip/cipcommon.o
                0x000056e0                InsertAttribute
 .text.InsertService
                0x00005778       0x38 OpENer/source/src/cip/cipcommon.o
                0x00005778                InsertService
 .text.InsertGetSetCallback
                0x000057b0       0x1c OpENer/source/src/cip/cipcommon.o
                0x000057b0                InsertGetSetCallback
 .text.GetCipAttribute
                0x000057cc       0x30 OpENer/source/src/cip/cipcommon.o
                0x000057cc                GetCipAttribute
 .text.EncodeCipBool
                0x000057fc        0x8 OpENer/source/src/cip/cipcommon.o
                0x000057fc                EncodeCipBool
 .text.EncodeCipWord
                0x00005804        0x8 OpENer/source/src/cip/cipcommon.o
                0x00005804                EncodeCipWord
 .text.EncodeCipDword
                0x0000580c        0x8 OpENer/source/src/cip/cipcommon.o
                0x0000580c                EncodeCipDword
 .text.EncodeCipUsint
                0x00005814        0x8 OpENer/source/src/cip/cipcommon.o
                0x00005814                EncodeCipUsint
 .text.EncodeCipUdint
                0x0000581c        0x8 OpENer/source/src/cip/cipcommon.o
                0x0000581c                EncodeCipUdint
 .text.EncodeCipShortString
                0x00005824       0x30 OpENer/source/src/cip/cipcommon.o
                0x00005824                EncodeCipShortString
 .text.EncodeCipString
                0x00005854       0x44 OpENer/source/src/cip/cipcommon.o
                0x00005854                EncodeCipString
 .text.EncodeCipByteArray
                0x00005898       0x2c OpENer/source/src/cip/cipcommon.o
                0x00005898                EncodeCipByteArray
 .text.EncodeCipEPath
                0x000058c4       0xac OpENer/source/src/cip/cipcommon.o
                0x000058c4                EncodeCipEPath
 .text.EncodeCipEthernetLinkPhyisicalAddress
                0x00005970       0x24 OpENer/source/src/cip/cipcommon.o
                0x00005970                EncodeCipEthernetLinkPhyisicalAddress
 .text.SetAttributeSingle
                0x00005994       0xd4 OpENer/source/src/cip/cipcommon.o
                0x00005994                SetAttributeSingle
 .text.GetAttributeList
                0x00005a68      0x198 OpENer/source/src/cip/cipcommon.o
                0x00005a68                GetAttributeList
 .text.SetAttributeList
                0x00005c00      0x1c4 OpENer/source/src/cip/cipcommon.o
                0x00005c00                SetAttributeList
 .text.DecodePaddedEPath
                0x00005dc4       0xf4 OpENer/source/src/cip/cipcommon.o
                0x00005dc4                DecodePaddedEPath
 .text.CipResetService
                0x00005eb8       0x4c OpENer/source/src/cip/cipcommon.o
                0x00005eb8                CipResetService
 .text.GetConnectionOwner
                0x00005f04        0x4 OpENer/source/src/cip/cipconnectionmanager.o
                0x00005f04                GetConnectionOwner
 .text.InitializeConnectionManager
                0x00005f08       0xdc OpENer/source/src/cip/cipconnectionmanager.o
                0x00005f08                InitializeConnectionManager
 .text.EncodeConnectionEntryList
                0x00005fe4       0x88 OpENer/source/src/cip/cipconnectionmanager.o
 .text.HandleNullMatchingForwardOpenRequest
                0x0000606c       0x8c OpENer/source/src/cip/cipconnectionmanager.o
                0x0000606c                HandleNullMatchingForwardOpenRequest
 .text.HandleNullNonMatchingForwardOpenRequest
                0x000060f8       0x8c OpENer/source/src/cip/cipconnectionmanager.o
                0x000060f8                HandleNullNonMatchingForwardOpenRequest
 .text.HandleNonNullMatchingForwardOpenRequest
                0x00006184       0x8c OpENer/source/src/cip/cipconnectionmanager.o
                0x00006184                HandleNonNullMatchingForwardOpenRequest
 .text.GetConnectionId
                0x00006210       0x1c OpENer/source/src/cip/cipconnectionmanager.o
                0x00006210                GetConnectionId
 .text.ConnectionManagerInit
                0x0000622c      0x2d8 OpENer/source/src/cip/cipconnectionmanager.o
                0x0000622c                ConnectionManagerInit
 .text.HandleReceivedConnectedData
                0x00006504       0xac OpENer/source/src/cip/cipconnectionmanager.o
                0x00006504                HandleReceivedConnectedData
 .text.ForwardOpenRoutine
                0x000065b0      0x210 OpENer/source/src/cip/cipconnectionmanager.o
                0x000065b0                ForwardOpenRoutine
 .text.LargeForwardOpen
                0x000067c0       0x14 OpENer/source/src/cip/cipconnectionmanager.o
                0x000067c0                LargeForwardOpen
 .text.ForwardOpen
                0x000067d4       0x14 OpENer/source/src/cip/cipconnectionmanager.o
                0x000067d4                ForwardOpen
 .text.AssembleConnectionDataResponseMessage
                0x000067e8       0xd8 OpENer/source/src/cip/cipconnectionmanager.o
                0x000067e8                AssembleConnectionDataResponseMessage
 .text.GetConnectionData
                0x000068c0       0x4c OpENer/source/src/cip/cipconnectionmanager.o
                0x000068c0                GetConnectionData
 .text.SearchConnectionData
                0x0000690c       0x64 OpENer/source/src/cip/cipconnectionmanager.o
                0x0000690c                SearchConnectionData
 .text.ManageConnections
                0x00006970      0x128 OpENer/source/src/cip/cipconnectionmanager.o
                0x00006970                ManageConnections
 .text.AssembleForwardOpenResponse
                0x00006a98      0x16c OpENer/source/src/cip/cipconnectionmanager.o
                0x00006a98                AssembleForwardOpenResponse
 .text.AssembleForwardCloseResponse
                0x00006c04       0xe0 OpENer/source/src/cip/cipconnectionmanager.o
                0x00006c04                AssembleForwardCloseResponse
 .text.ForwardClose
                0x00006ce4       0xb4 OpENer/source/src/cip/cipconnectionmanager.o
                0x00006ce4                ForwardClose
 .text.GetConnectedObject
                0x00006d98       0x30 OpENer/source/src/cip/cipconnectionmanager.o
                0x00006d98                GetConnectedObject
 .text.GetConnectedOutputAssembly
                0x00006dc8       0x40 OpENer/source/src/cip/cipconnectionmanager.o
                0x00006dc8                GetConnectedOutputAssembly
 .text.CheckElectronicKeyData
                0x00006e08       0xec OpENer/source/src/cip/cipconnectionmanager.o
                0x00006e08                CheckElectronicKeyData
 .text.ParseConnectionPath
                0x00006ef4      0x398 OpENer/source/src/cip/cipconnectionmanager.o
                0x00006ef4                ParseConnectionPath
 .text.HandleNonNullNonMatchingForwardOpenRequest
                0x0000728c      0x1cc OpENer/source/src/cip/cipconnectionmanager.o
                0x0000728c                HandleNonNullNonMatchingForwardOpenRequest
 .text.CloseConnection
                0x00007458       0x74 OpENer/source/src/cip/cipconnectionmanager.o
                0x00007458                CloseConnection
 .text.AddNewActiveConnection
                0x000074cc       0x1c OpENer/source/src/cip/cipconnectionmanager.o
                0x000074cc                AddNewActiveConnection
 .text.RemoveFromActiveConnections
                0x000074e8       0x44 OpENer/source/src/cip/cipconnectionmanager.o
                0x000074e8                RemoveFromActiveConnections
 .text.CheckForTimedOutConnectionsAndCloseTCPConnections
                0x0000752c       0x40 OpENer/source/src/cip/cipconnectionmanager.o
                0x0000752c                CheckForTimedOutConnectionsAndCloseTCPConnections
 .text.CipConnectionObjectListArrayAllocator
                0x0000756c       0xd4 OpENer/source/src/cip/cipconnectionobject.o
                0x0000756c                CipConnectionObjectListArrayAllocator
 .text.CipConnectionObjectListArrayFree
                0x00007640       0x28 OpENer/source/src/cip/cipconnectionobject.o
                0x00007640                CipConnectionObjectListArrayFree
 .text.ConnectionObjectInitializeEmpty
                0x00007668       0x20 OpENer/source/src/cip/cipconnectionobject.o
                0x00007668                ConnectionObjectInitializeEmpty
 .text.ConnectionObjectGetState
                0x00007688       0x14 OpENer/source/src/cip/cipconnectionobject.o
                0x00007688                ConnectionObjectGetState
 .text.ConnectionObjectSetState
                0x0000769c       0x3c OpENer/source/src/cip/cipconnectionobject.o
                0x0000769c                ConnectionObjectSetState
 .text.ConnectionObjectGetInstanceType
                0x000076d8        0x4 OpENer/source/src/cip/cipconnectionobject.o
                0x000076d8                ConnectionObjectGetInstanceType
 .text.ConnectionObjectSetInstanceType
                0x000076dc        0x4 OpENer/source/src/cip/cipconnectionobject.o
                0x000076dc                ConnectionObjectSetInstanceType
 .text.ConnectionObjectIsTypeNonLOIOConnection
                0x000076e0       0x10 OpENer/source/src/cip/cipconnectionobject.o
                0x000076e0                ConnectionObjectIsTypeNonLOIOConnection
 .text.ConnectionObjectIsTypeIOConnection
                0x000076f0       0x10 OpENer/source/src/cip/cipconnectionobject.o
                0x000076f0                ConnectionObjectIsTypeIOConnection
 .text.ConnectionObjectGetTransportClassTriggerDirection
                0x00007700        0x8 OpENer/source/src/cip/cipconnectionobject.o
                0x00007700                ConnectionObjectGetTransportClassTriggerDirection
 .text.ConnectionObjectGetTransportClassTriggerProductionTrigger
                0x00007708       0x24 OpENer/source/src/cip/cipconnectionobject.o
                0x00007708                ConnectionObjectGetTransportClassTriggerProductionTrigger
 .text.ConnectionObjectGetTransportClassTriggerTransportClass
                0x0000772c       0x18 OpENer/source/src/cip/cipconnectionobject.o
                0x0000772c                ConnectionObjectGetTransportClassTriggerTransportClass
 .text.ConnectionObjectGetExpectedPacketRate
                0x00007744        0x4 OpENer/source/src/cip/cipconnectionobject.o
                0x00007744                ConnectionObjectGetExpectedPacketRate
 .text.ConnectionObjectGetRequestedPacketInterval
                0x00007748       0x40 OpENer/source/src/cip/cipconnectionobject.o
                0x00007748                ConnectionObjectGetRequestedPacketInterval
 .text.ConnectionObjectGetCipConsumedConnectionID
                0x00007788        0x4 OpENer/source/src/cip/cipconnectionobject.o
                0x00007788                ConnectionObjectGetCipConsumedConnectionID
 .text.ConnectionObjectGetProductionInhibitTime
                0x0000778c        0x4 OpENer/source/src/cip/cipconnectionobject.o
                0x0000778c                ConnectionObjectGetProductionInhibitTime
 .text.ConnectionObjectSetProductionInhibitTime
                0x00007790        0x4 OpENer/source/src/cip/cipconnectionobject.o
                0x00007790                ConnectionObjectSetProductionInhibitTime
 .text.ConnectionObjectResetInactivityWatchdogTimerValue
                0x00007794       0x34 OpENer/source/src/cip/cipconnectionobject.o
                0x00007794                ConnectionObjectResetInactivityWatchdogTimerValue
 .text.ConnectionObjectResetLastPackageInactivityTimerValue
                0x000077c8       0x34 OpENer/source/src/cip/cipconnectionobject.o
                0x000077c8                ConnectionObjectResetLastPackageInactivityTimerValue
 .text.GenerateRandomConnectionNumber
                0x000077fc      0x15c OpENer/source/src/cip/cipconnectionobject.o
                0x000077fc                GenerateRandomConnectionNumber
 .text.ConnectionObjectInitializeFromMessage
                0x00007958      0x16c OpENer/source/src/cip/cipconnectionobject.o
                0x00007958                ConnectionObjectInitializeFromMessage
 .text.ConnectionObjectGetTToORequestedPacketInterval
                0x00007ac4        0x8 OpENer/source/src/cip/cipconnectionobject.o
                0x00007ac4                ConnectionObjectGetTToORequestedPacketInterval
 .text.ConnectionObjectGetOToTConnectionType
                0x00007acc       0x24 OpENer/source/src/cip/cipconnectionobject.o
                0x00007acc                ConnectionObjectGetOToTConnectionType
 .text.ConnectionObjectGetTToOConnectionType
                0x00007af0       0x24 OpENer/source/src/cip/cipconnectionobject.o
                0x00007af0                ConnectionObjectGetTToOConnectionType
 .text.ConnectionObjectGetTToOPriority
                0x00007b14       0x28 OpENer/source/src/cip/cipconnectionobject.o
                0x00007b14                ConnectionObjectGetTToOPriority
 .text.ConnectionObjectGetTToOConnectionSizeType
                0x00007b3c       0x18 OpENer/source/src/cip/cipconnectionobject.o
                0x00007b3c                ConnectionObjectGetTToOConnectionSizeType
 .text.ConnectionObjectGetOToTConnectionSize
                0x00007b54       0x1c OpENer/source/src/cip/cipconnectionobject.o
                0x00007b54                ConnectionObjectGetOToTConnectionSize
 .text.ConnectionObjectGetTToOConnectionSize
                0x00007b70       0x1c OpENer/source/src/cip/cipconnectionobject.o
                0x00007b70                ConnectionObjectGetTToOConnectionSize
 .text.ConnectionObjectDeepCopy
                0x00007b8c        0x8 OpENer/source/src/cip/cipconnectionobject.o
                0x00007b8c                ConnectionObjectDeepCopy
 .text.ConnectionObjectResetProductionInhibitTimer
                0x00007b94        0xc OpENer/source/src/cip/cipconnectionobject.o
                0x00007b94                ConnectionObjectResetProductionInhibitTimer
 .text.ConnectionObjectGeneralConfiguration
                0x00007ba0       0xa4 OpENer/source/src/cip/cipconnectionobject.o
                0x00007ba0                ConnectionObjectGeneralConfiguration
 .text.ConnectionObjectEqualOriginator
                0x00007c44       0x24 OpENer/source/src/cip/cipconnectionobject.o
                0x00007c44                ConnectionObjectEqualOriginator
 .text.EqualConnectionTriad
                0x00007c68       0x24 OpENer/source/src/cip/cipconnectionobject.o
                0x00007c68                EqualConnectionTriad
 .text.ElectronicKeyFormat4New
                0x00007c8c        0x8 OpENer/source/src/cip/cipelectronickey.o
                0x00007c8c                ElectronicKeyFormat4New
 .text.ElectronicKeyFormat4Delete
                0x00007c94       0x10 OpENer/source/src/cip/cipelectronickey.o
                0x00007c94                ElectronicKeyFormat4Delete
 .text.ElectronicKeyFormat4SetVendorId
                0x00007ca4        0x4 OpENer/source/src/cip/cipelectronickey.o
                0x00007ca4                ElectronicKeyFormat4SetVendorId
 .text.ElectronicKeyFormat4GetVendorId
                0x00007ca8        0x4 OpENer/source/src/cip/cipelectronickey.o
                0x00007ca8                ElectronicKeyFormat4GetVendorId
 .text.ElectronicKeyFormat4SetDeviceType
                0x00007cac        0x4 OpENer/source/src/cip/cipelectronickey.o
                0x00007cac                ElectronicKeyFormat4SetDeviceType
 .text.ElectronicKeyFormat4GetDeviceType
                0x00007cb0        0x4 OpENer/source/src/cip/cipelectronickey.o
                0x00007cb0                ElectronicKeyFormat4GetDeviceType
 .text.ElectronicKeyFormat4SetProductCode
                0x00007cb4        0x4 OpENer/source/src/cip/cipelectronickey.o
                0x00007cb4                ElectronicKeyFormat4SetProductCode
 .text.ElectronicKeyFormat4GetProductCode
                0x00007cb8        0x4 OpENer/source/src/cip/cipelectronickey.o
                0x00007cb8                ElectronicKeyFormat4GetProductCode
 .text.ElectronicKeyFormat4SetMajorRevisionCompatibility
                0x00007cbc        0x4 OpENer/source/src/cip/cipelectronickey.o
                0x00007cbc                ElectronicKeyFormat4SetMajorRevisionCompatibility
 .text.ElectronicKeyFormat4GetMajorRevision
                0x00007cc0        0x8 OpENer/source/src/cip/cipelectronickey.o
                0x00007cc0                ElectronicKeyFormat4GetMajorRevision
 .text.ElectronicKeyFormat4GetMajorRevisionCompatibility
                0x00007cc8        0x8 OpENer/source/src/cip/cipelectronickey.o
                0x00007cc8                ElectronicKeyFormat4GetMajorRevisionCompatibility
 .text.ElectronicKeyFormat4SetMinorRevision
                0x00007cd0        0x4 OpENer/source/src/cip/cipelectronickey.o
                0x00007cd0                ElectronicKeyFormat4SetMinorRevision
 .text.ElectronicKeyFormat4GetMinorRevision
                0x00007cd4        0x4 OpENer/source/src/cip/cipelectronickey.o
                0x00007cd4                ElectronicKeyFormat4GetMinorRevision
 .text.GetPathSegmentType
                0x00007cd8       0x58 OpENer/source/src/cip/cipepath.o
                0x00007cd8                GetPathSegmentType
 .text.GetPathLogicalSegmentLogicalType
                0x00007d30       0x5c OpENer/source/src/cip/cipepath.o
                0x00007d30                GetPathLogicalSegmentLogicalType
 .text.CipEpathGetLogicalValue
                0x00007d8c       0x54 OpENer/source/src/cip/cipepath.o
                0x00007d8c                CipEpathGetLogicalValue
 .text.GetPathLogicalSegmentSpecialTypeLogicalType
                0x00007de0       0x10 OpENer/source/src/cip/cipepath.o
                0x00007de0                GetPathLogicalSegmentSpecialTypeLogicalType
 .text.GetPathLogicalSegmentElectronicKeyFormat
                0x00007df0       0x10 OpENer/source/src/cip/cipepath.o
                0x00007df0                GetPathLogicalSegmentElectronicKeyFormat
 .text.GetElectronicKeyFormat4FromMessage
                0x00007e00       0x54 OpENer/source/src/cip/cipepath.o
                0x00007e00                GetElectronicKeyFormat4FromMessage
 .text.GetPathNetworkSegmentSubtype
                0x00007e54       0x1c OpENer/source/src/cip/cipepath.o
                0x00007e54                GetPathNetworkSegmentSubtype
 .text.GetPathDataSegmentSubtype
                0x00007e70       0x18 OpENer/source/src/cip/cipepath.o
                0x00007e70                GetPathDataSegmentSubtype
 .text.EncodeCipEthernetLinkMediaCounters
                0x00007e88       0x1c OpENer/source/src/cip/cipethernetlink.o
 .text.EncodeCipEthernetLinkInterfaceCounters
                0x00007ea4       0x1c OpENer/source/src/cip/cipethernetlink.o
 .text.EncodeCipEthernetLinkInterfaceCaps
                0x00007ec0      0x108 OpENer/source/src/cip/cipethernetlink.o
 .text.EncodeCipEthernetLinkInterfaceControl
                0x00007fc8       0x1c OpENer/source/src/cip/cipethernetlink.o
 .text.GetAndClearEthernetLink
                0x00007fe4       0x54 OpENer/source/src/cip/cipethernetlink.o
                0x00007fe4                GetAndClearEthernetLink
 .text.CipEthernetLinkInit
                0x00008038      0x1cc OpENer/source/src/cip/cipethernetlink.o
                0x00008038                CipEthernetLinkInit
 .text.CipEthernetLinkSetMac
                0x00008204       0x14 OpENer/source/src/cip/cipethernetlink.o
                0x00008204                CipEthernetLinkSetMac
 .text.InitializeCipIdentity
                0x00008218       0xe4 OpENer/source/src/cip/cipidentity.o
                0x00008218                InitializeCipIdentity
 .text.EncodeRevision
                0x000082fc       0x18 OpENer/source/src/cip/cipidentity.o
                0x000082fc                EncodeRevision
 .text.IdentityObjectPreResetCallback
                0x00008314       0x3c OpENer/source/src/cip/cipidentity.o
                0x00008314                IdentityObjectPreResetCallback
 .text.SetDeviceSerialNumber
                0x00008350        0xc OpENer/source/src/cip/cipidentity.o
                0x00008350                SetDeviceSerialNumber
 .text.CipIdentitySetExtendedDeviceStatus
                0x0000835c       0x20 OpENer/source/src/cip/cipidentity.o
                0x0000835c                CipIdentitySetExtendedDeviceStatus
 .text.CipIdentityInit
                0x0000837c      0x190 OpENer/source/src/cip/cipidentity.o
                0x0000837c                CipIdentityInit
 .text.HandleIoConnectionTimeOut
                0x0000850c       0xdc OpENer/source/src/cip/cipioconnection.o
                0x0000850c                HandleIoConnectionTimeOut
 .text.SendConnectedData
                0x000085e8      0x110 OpENer/source/src/cip/cipioconnection.o
                0x000085e8                SendConnectedData
 .text.HandleReceivedIoConnectionData
                0x000086f8       0xa0 OpENer/source/src/cip/cipioconnection.o
                0x000086f8                HandleReceivedIoConnectionData
 .text.CloseIoConnection
                0x00008798       0xb8 OpENer/source/src/cip/cipioconnection.o
                0x00008798                CloseIoConnection
 .text.CipRunIdleHeaderSetO2T
                0x00008850        0xc OpENer/source/src/cip/cipioconnection.o
                0x00008850                CipRunIdleHeaderSetO2T
 .text.CipRunIdleHeaderSetT2O
                0x0000885c        0xc OpENer/source/src/cip/cipioconnection.o
                0x0000885c                CipRunIdleHeaderSetT2O
 .text.SetupIoConnectionOriginatorToTargetConnectionPoint
                0x00008868       0xa0 OpENer/source/src/cip/cipioconnection.o
                0x00008868                SetupIoConnectionOriginatorToTargetConnectionPoint
 .text.SetupIoConnectionTargetToOriginatorConnectionPoint
                0x00008908      0x158 OpENer/source/src/cip/cipioconnection.o
                0x00008908                SetupIoConnectionTargetToOriginatorConnectionPoint
 .text.OpenConsumingPointToPointConnection
                0x00008a60       0xa4 OpENer/source/src/cip/cipioconnection.o
                0x00008a60                OpenConsumingPointToPointConnection
 .text.OpenMulticastConnection
                0x00008b04      0x1a4 OpENer/source/src/cip/cipioconnection.o
                0x00008b04                OpenMulticastConnection
 .text.OpenProducingMulticastConnection
                0x00008ca8       0xbc OpENer/source/src/cip/cipioconnection.o
                0x00008ca8                OpenProducingMulticastConnection
 .text.HandleConfigData
                0x00008d64       0x70 OpENer/source/src/cip/cipioconnection.o
                0x00008d64                HandleConfigData
 .text.OpenCommunicationChannels
                0x00008dd4       0xdc OpENer/source/src/cip/cipioconnection.o
                0x00008dd4                OpenCommunicationChannels
 .text.EstablishIoConnection
                0x00008eb0      0x114 OpENer/source/src/cip/cipioconnection.o
                0x00008eb0                EstablishIoConnection
 .text.InitializeCipMessageRouterClass
                0x00008fc4       0xec OpENer/source/src/cip/cipmessagerouter.o
                0x00008fc4                InitializeCipMessageRouterClass
 .text.CipMessageRouterInit
                0x000090b0       0x50 OpENer/source/src/cip/cipmessagerouter.o
                0x000090b0                CipMessageRouterInit
 .text.GetCipClass
                0x00009100       0x1c OpENer/source/src/cip/cipmessagerouter.o
                0x00009100                GetCipClass
 .text.GetCipInstance
                0x0000911c       0x20 OpENer/source/src/cip/cipmessagerouter.o
                0x0000911c                GetCipInstance
 .text.RegisterCipClass
                0x0000913c       0x38 OpENer/source/src/cip/cipmessagerouter.o
                0x0000913c                RegisterCipClass
 .text.NotifyMessageRouter
                0x00009174       0xd8 OpENer/source/src/cip/cipmessagerouter.o
                0x00009174                NotifyMessageRouter
 .text.DecodeCipQoSAttribute
                0x0000924c       0x34 OpENer/source/src/cip/cipqos.o
                0x0000924c                DecodeCipQoSAttribute
 .text.CipQosGetDscpPriority
                0x00009280       0x30 OpENer/source/src/cip/cipqos.o
                0x00009280                CipQosGetDscpPriority
 .text.CipQoSInit
                0x000092b0      0x140 OpENer/source/src/cip/cipqos.o
                0x000092b0                CipQoSInit
 .text.CipQosUpdateUsedSetQosValues
                0x000093f0       0x1c OpENer/source/src/cip/cipqos.o
                0x000093f0                CipQosUpdateUsedSetQosValues
 .text.CipQosResetAttributesToDefaultValues
                0x0000940c       0x2c OpENer/source/src/cip/cipqos.o
                0x0000940c                CipQosResetAttributesToDefaultValues
 .text.ClearCipString
                0x00009438       0x24 OpENer/source/src/cip/cipstring.o
                0x00009438                ClearCipString
 .text.SetCipStringByData
                0x0000945c       0x48 OpENer/source/src/cip/cipstring.o
                0x0000945c                SetCipStringByData
 .text.SetCipShortStringByCstr
                0x000094a4       0x4c OpENer/source/src/cip/cipstring.o
                0x000094a4                SetCipShortStringByCstr
 .text.EncodeCipTcpIpInterfaceConfiguration
                0x000094f0       0x50 OpENer/source/src/cip/ciptcpipinterface.o
                0x000094f0                EncodeCipTcpIpInterfaceConfiguration
 .text.EncodeCipTcpIpMulticastConfiguration
                0x00009540       0x40 OpENer/source/src/cip/ciptcpipinterface.o
                0x00009540                EncodeCipTcpIpMulticastConfiguration
 .text.EncodeSafetyNetworkNumber
                0x00009580        0xc OpENer/source/src/cip/ciptcpipinterface.o
                0x00009580                EncodeSafetyNetworkNumber
 .text.EncodeCipLastConflictDetected
                0x0000958c        0xc OpENer/source/src/cip/ciptcpipinterface.o
                0x0000958c                EncodeCipLastConflictDetected
 .text.DecodeTcpIpInterfaceConfigurationControl
                0x00009598       0x30 OpENer/source/src/cip/ciptcpipinterface.o
                0x00009598                DecodeTcpIpInterfaceConfigurationControl
 .text.DecodeCipTcpIpInterfaceEncapsulationInactivityTimeout
                0x000095c8       0x28 OpENer/source/src/cip/ciptcpipinterface.o
                0x000095c8                DecodeCipTcpIpInterfaceEncapsulationInactivityTimeout
 .text.DecodeCipTcpIpInterfaceHostName
                0x000095f0       0xb8 OpENer/source/src/cip/ciptcpipinterface.o
                0x000095f0                DecodeCipTcpIpInterfaceHostName
 .text.IsValidDomain
                0x000096a8       0xbc OpENer/source/src/cip/ciptcpipinterface.o
 .text.DecodeCipTcpIpInterfaceConfiguration
                0x00009764      0x248 OpENer/source/src/cip/ciptcpipinterface.o
                0x00009764                DecodeCipTcpIpInterfaceConfiguration
 .text.CipTcpIpInterfaceInit
                0x000099ac      0x210 OpENer/source/src/cip/ciptcpipinterface.o
                0x000099ac                CipTcpIpInterfaceInit
 .text.CipTcpIpCalculateMulticastIp
                0x00009bbc       0x30 OpENer/source/src/cip/ciptcpipinterface.o
                0x00009bbc                CipTcpIpCalculateMulticastIp
 .text.GetCipDataTypeLength
                0x00009bec       0xb4 OpENer/source/src/cip/ciptypes.o
                0x00009bec                GetCipDataTypeLength
 .text.CreateCommonPacketFormatStructure
                0x00009ca0      0x190 OpENer/source/src/enet_encap/cpf.o
                0x00009ca0                CreateCommonPacketFormatStructure
 .text.AssembleLinearMessage
                0x00009e30      0x1ec OpENer/source/src/enet_encap/cpf.o
                0x00009e30                AssembleLinearMessage
 .text.NotifyCommonPacketFormat
                0x0000a01c       0xe8 OpENer/source/src/enet_encap/cpf.o
                0x0000a01c                NotifyCommonPacketFormat
 .text.NotifyConnectedCommonPacketFormat
                0x0000a104      0x138 OpENer/source/src/enet_encap/cpf.o
                0x0000a104                NotifyConnectedCommonPacketFormat
 .text.AssembleIOMessage
                0x0000a23c        0xc OpENer/source/src/enet_encap/cpf.o
                0x0000a23c                AssembleIOMessage
 .text.EncapsulationInit
                0x0000a248       0x60 OpENer/source/src/enet_encap/encap.o
                0x0000a248                EncapsulationInit
 .text.SkipEncapsulationHeader
                0x0000a2a8        0xc OpENer/source/src/enet_encap/encap.o
                0x0000a2a8                SkipEncapsulationHeader
 .text.GenerateEncapsulationHeader
                0x0000a2b4       0x60 OpENer/source/src/enet_encap/encap.o
                0x0000a2b4                GenerateEncapsulationHeader
 .text.HandleReceivedListServicesCommand
                0x0000a314       0xb0 OpENer/source/src/enet_encap/encap.o
                0x0000a314                HandleReceivedListServicesCommand
 .text.EncodeListIdentityCipIdentityItem
                0x0000a3c4       0xb4 OpENer/source/src/enet_encap/encap.o
                0x0000a3c4                EncodeListIdentityCipIdentityItem
 .text.HandleReceivedExplictUdpData
                0x0000a478      0x284 OpENer/source/src/enet_encap/encap.o
                0x0000a478                HandleReceivedExplictUdpData
 .text.HandleReceivedRegisterSessionCommand
                0x0000a6fc      0x114 OpENer/source/src/enet_encap/encap.o
                0x0000a6fc                HandleReceivedRegisterSessionCommand
 .text.HandleReceivedExplictTcpData
                0x0000a810      0x2f8 OpENer/source/src/enet_encap/encap.o
                0x0000a810                HandleReceivedExplictTcpData
 .text.CloseSessionBySessionHandle
                0x0000ab08       0x20 OpENer/source/src/enet_encap/encap.o
                0x0000ab08                CloseSessionBySessionHandle
 .text.RemoveSession
                0x0000ab28       0x60 OpENer/source/src/enet_encap/encap.o
                0x0000ab28                RemoveSession
 .text.ManageEncapsulationMessages
                0x0000ab88       0xfc OpENer/source/src/enet_encap/encap.o
                0x0000ab88                ManageEncapsulationMessages
 .text.CloseEncapsulationSessionBySockAddr
                0x0000ac84       0xe0 OpENer/source/src/enet_encap/encap.o
                0x0000ac84                CloseEncapsulationSessionBySockAddr
 .text.GetSessionFromSocket
                0x0000ad64       0x1c OpENer/source/src/enet_encap/encap.o
                0x0000ad64                GetSessionFromSocket
 .text.CloseClass3ConnectionBasedOnSession
                0x0000ad80       0x38 OpENer/source/src/enet_encap/encap.o
                0x0000ad80                CloseClass3ConnectionBasedOnSession
 .text.GetSintFromMessage
                0x0000adb8        0xc OpENer/source/src/enet_encap/endianconv.o
                0x0000adb8                GetSintFromMessage
 .text.GetByteFromMessage
                0x0000adc4        0xc OpENer/source/src/enet_encap/endianconv.o
                0x0000adc4                GetByteFromMessage
 .text.GetUsintFromMessage
                0x0000add0        0xc OpENer/source/src/enet_encap/endianconv.o
                0x0000add0                GetUsintFromMessage
 .text.GetIntFromMessage
                0x0000addc       0x14 OpENer/source/src/enet_encap/endianconv.o
                0x0000addc                GetIntFromMessage
 .text.GetUintFromMessage
                0x0000adf0       0x14 OpENer/source/src/enet_encap/endianconv.o
                0x0000adf0                GetUintFromMessage
 .text.GetWordFromMessage
                0x0000ae04       0x14 OpENer/source/src/enet_encap/endianconv.o
                0x0000ae04                GetWordFromMessage
 .text.GetDintFromMessage
                0x0000ae18        0xc OpENer/source/src/enet_encap/endianconv.o
                0x0000ae18                GetDintFromMessage
 .text.GetUdintFromMessage
                0x0000ae24        0xc OpENer/source/src/enet_encap/endianconv.o
                0x0000ae24                GetUdintFromMessage
 .text.GetDwordFromMessage
                0x0000ae30        0xc OpENer/source/src/enet_encap/endianconv.o
                0x0000ae30                GetDwordFromMessage
 .text.AddSintToMessage
                0x0000ae3c       0x1c OpENer/source/src/enet_encap/endianconv.o
                0x0000ae3c                AddSintToMessage
 .text.AddIntToMessage
                0x0000ae58       0x24 OpENer/source/src/enet_encap/endianconv.o
                0x0000ae58                AddIntToMessage
 .text.AddDintToMessage
                0x0000ae7c       0x34 OpENer/source/src/enet_encap/endianconv.o
                0x0000ae7c                AddDintToMessage
 .text.EncapsulateIpAddress
                0x0000aeb0      0x168 OpENer/source/src/enet_encap/endianconv.o
                0x0000aeb0                EncapsulateIpAddress
 .text.DetermineEndianess
                0x0000b018        0xc OpENer/source/src/enet_encap/endianconv.o
                0x0000b018                DetermineEndianess
 .text.MoveMessageNOctets
                0x0000b024       0x18 OpENer/source/src/enet_encap/endianconv.o
                0x0000b024                MoveMessageNOctets
 .text.FillNextNMessageOctetsWithValueAndMoveToNextPosition
                0x0000b03c       0x28 OpENer/source/src/enet_encap/endianconv.o
                0x0000b03c                FillNextNMessageOctetsWithValueAndMoveToNextPosition
 .text.udp_unicast_recv_callback.part.0
                0x0000b064      0x11c OpENer/source/src/ports/generic_networkhandler.o
 .text.udp_unicast_recv_callback
                0x0000b180       0x14 OpENer/source/src/ports/generic_networkhandler.o
 .text.udp_io_messaging_recv_callback.part.1
                0x0000b194       0x80 OpENer/source/src/ports/generic_networkhandler.o
 .text.udp_io_messaging_recv_callback
                0x0000b214       0x14 OpENer/source/src/ports/generic_networkhandler.o
 .text.NetworkHandlerInitialize
                0x0000b228      0x228 OpENer/source/src/ports/generic_networkhandler.o
                0x0000b228                NetworkHandlerInitialize
 .text.CloseUdpSocket
                0x0000b450        0x8 OpENer/source/src/ports/generic_networkhandler.o
                0x0000b450                CloseUdpSocket
 .text.CloseTcpSocket
                0x0000b458       0x50 OpENer/source/src/ports/generic_networkhandler.o
                0x0000b458                CloseTcpSocket
 .text.CheckAndHandleTcpListenerSocket
                0x0000b4a8      0x108 OpENer/source/src/ports/generic_networkhandler.o
                0x0000b4a8                CheckAndHandleTcpListenerSocket
 .text.SendUdpData
                0x0000b5b0       0x8c OpENer/source/src/ports/generic_networkhandler.o
                0x0000b5b0                SendUdpData
 .text.HandleDataOnTcpSocket
                0x0000b63c      0x2b4 OpENer/source/src/ports/generic_networkhandler.o
                0x0000b63c                HandleDataOnTcpSocket
 .text.NetworkHandlerProcessCyclic
                0x0000b8f0      0x22c OpENer/source/src/ports/generic_networkhandler.o
                0x0000b8f0                NetworkHandlerProcessCyclic
 .text.CreateUdpSocket
                0x0000bb1c       0x5c OpENer/source/src/ports/generic_networkhandler.o
                0x0000bb1c                CreateUdpSocket
 .text.SetQos   0x0000bb78        0x4 OpENer/source/src/ports/generic_networkhandler.o
                0x0000bb78                SetQos
 .text.SetSocketOptionsMulticastProduce
                0x0000bb7c        0x4 OpENer/source/src/ports/generic_networkhandler.o
                0x0000bb7c                SetSocketOptionsMulticastProduce
 .text.GetPeerAddress
                0x0000bb80       0x4c OpENer/source/src/ports/generic_networkhandler.o
                0x0000bb80                GetPeerAddress
 .text.SocketTimerSetSocket
                0x0000bbcc        0x4 OpENer/source/src/ports/socket_timer.o
                0x0000bbcc                SocketTimerSetSocket
 .text.SocketTimerSetLastUpdate
                0x0000bbd0        0x8 OpENer/source/src/ports/socket_timer.o
                0x0000bbd0                SocketTimerSetLastUpdate
 .text.SocketTimerGetLastUpdate
                0x0000bbd8        0x4 OpENer/source/src/ports/socket_timer.o
                0x0000bbd8                SocketTimerGetLastUpdate
 .text.SocketTimerClear
                0x0000bbdc        0xc OpENer/source/src/ports/socket_timer.o
                0x0000bbdc                SocketTimerClear
 .text.SocketTimerArrayInitialize
                0x0000bbe8       0x18 OpENer/source/src/ports/socket_timer.o
                0x0000bbe8                SocketTimerArrayInitialize
 .text.SocketTimerArrayGetSocketTimer
                0x0000bc00       0x34 OpENer/source/src/ports/socket_timer.o
                0x0000bc00                SocketTimerArrayGetSocketTimer
 .text.SocketTimerArrayGetEmptySocketTimer
                0x0000bc34       0x34 OpENer/source/src/ports/socket_timer.o
                0x0000bc34                SocketTimerArrayGetEmptySocketTimer
 .text.RecMkdir
                0x0000bc68      0x174 OpENer/source/src/ports/nvdata/conffile.o
 .text.ConfFileOpen
                0x0000bddc      0x17c OpENer/source/src/ports/nvdata/conffile.o
                0x0000bddc                ConfFileOpen
 .text.ConfFileClose
                0x0000bf58       0x18 OpENer/source/src/ports/nvdata/conffile.o
                0x0000bf58                ConfFileClose
 .text.NvdataLoad
                0x0000bf70       0x38 OpENer/source/src/ports/nvdata/nvdata.o
                0x0000bf70                NvdataLoad
 .text.NvTcpipSetCallback
                0x0000bfa8       0x1c OpENer/source/src/ports/nvdata/nvdata.o
                0x0000bfa8                NvTcpipSetCallback
 .text.NvQosLoad
                0x0000bfc4       0x80 OpENer/source/src/ports/nvdata/nvqos.o
                0x0000bfc4                NvQosLoad
 .text.NvQosStore
                0x0000c044       0x58 OpENer/source/src/ports/nvdata/nvqos.o
                0x0000c044                NvQosStore
 .text.NvTcpipLoad
                0x0000c09c      0x18c OpENer/source/src/ports/nvdata/nvtcpip.o
                0x0000c09c                NvTcpipLoad
 .text.NvTcpipStore
                0x0000c228      0x12c OpENer/source/src/ports/nvdata/nvtcpip.o
                0x0000c228                NvTcpipStore
 .text.IfaceGetMacAddress
                0x0000c354       0x10 OpENer/source/src/ports/ClearCore/networkconfig.o
                0x0000c354                IfaceGetMacAddress
 .text.IfaceGetConfiguration
                0x0000c364       0x38 OpENer/source/src/ports/ClearCore/networkconfig.o
                0x0000c364                IfaceGetConfiguration
 .text.GetHostName
                0x0000c39c        0x8 OpENer/source/src/ports/ClearCore/networkconfig.o
                0x0000c39c                GetHostName
 .text.GetMilliSeconds
                0x0000c3a4        0x4 OpENer/source/src/ports/ClearCore/networkhandler.o
                0x0000c3a4                GetMilliSeconds
 .text.NetworkHandlerInitializePlatform
                0x0000c3a8        0x4 OpENer/source/src/ports/ClearCore/networkhandler.o
                0x0000c3a8                NetworkHandlerInitializePlatform
 .text.ShutdownSocketPlatform
                0x0000c3ac       0x34 OpENer/source/src/ports/ClearCore/networkhandler.o
                0x0000c3ac                ShutdownSocketPlatform
 .text.CloseSocketPlatform
                0x0000c3e0        0x4 OpENer/source/src/ports/ClearCore/networkhandler.o
                0x0000c3e0                CloseSocketPlatform
 .text.SetSocketToNonBlocking
                0x0000c3e4       0x1c OpENer/source/src/ports/ClearCore/networkhandler.o
                0x0000c3e4                SetSocketToNonBlocking
 .text.SetQosOnSocket
                0x0000c400       0x20 OpENer/source/src/ports/ClearCore/networkhandler.o
                0x0000c400                SetQosOnSocket
 .text.GetMillis
                0x0000c420        0x4 OpENer/source/src/ports/ClearCore/clearcore_wrapper.o
                0x0000c420                GetMillis
 .text.ConnectorDI6_Initialize
                0x0000c424        0xc OpENer/source/src/ports/ClearCore/clearcore_wrapper.o
                0x0000c424                ConnectorDI6_Initialize
 .text.ConnectorDI7_Initialize
                0x0000c430        0xc OpENer/source/src/ports/ClearCore/clearcore_wrapper.o
                0x0000c430                ConnectorDI7_Initialize
 .text.ConnectorDI8_Initialize
                0x0000c43c        0xc OpENer/source/src/ports/ClearCore/clearcore_wrapper.o
                0x0000c43c                ConnectorDI8_Initialize
 .text.ToolChanger_IsMotorReady
                0x0000c448       0x20 OpENer/source/src/ports/ClearCore/clearcore_wrapper.o
                0x0000c448                ToolChanger_IsMotorReady
 .text.ToolChanger_IsHomeComplete
                0x0000c468        0xc OpENer/source/src/ports/ClearCore/clearcore_wrapper.o
                0x0000c468                ToolChanger_IsHomeComplete
 .text.ToolChanger_GetState
                0x0000c474        0xc OpENer/source/src/ports/ClearCore/clearcore_wrapper.o
                0x0000c474                ToolChanger_GetState
 .text.ToolChanger_GetCurrentTool
                0x0000c480        0xc OpENer/source/src/ports/ClearCore/clearcore_wrapper.o
                0x0000c480                ToolChanger_GetCurrentTool
 .text.ToolChanger_GetPosition
                0x0000c48c        0xc OpENer/source/src/ports/ClearCore/clearcore_wrapper.o
                0x0000c48c                ToolChanger_GetPosition
 .text.ToolChanger_IsMoving
                0x0000c498       0x18 OpENer/source/src/ports/ClearCore/clearcore_wrapper.o
                0x0000c498                ToolChanger_IsMoving
 .text.ToolChanger_GetFaultCode
                0x0000c4b0        0xc OpENer/source/src/ports/ClearCore/clearcore_wrapper.o
                0x0000c4b0                ToolChanger_GetFaultCode
 .text.ToolChanger_GetInfoCode
                0x0000c4bc        0xc OpENer/source/src/ports/ClearCore/clearcore_wrapper.o
                0x0000c4bc                ToolChanger_GetInfoCode
 .text.ToolChanger_IsEstopActive
                0x0000c4c8        0xc OpENer/source/src/ports/ClearCore/clearcore_wrapper.o
                0x0000c4c8                ToolChanger_IsEstopActive
 .text.ClearCoreEepromRead
                0x0000c4d4       0x2c OpENer/source/src/ports/ClearCore/clearcore_wrapper.o
                0x0000c4d4                ClearCoreEepromRead
 .text.ClearCoreEepromWrite
                0x0000c500       0x34 OpENer/source/src/ports/ClearCore/clearcore_wrapper.o
                0x0000c500                ClearCoreEepromWrite
 .text.ConnectorIO0_Initialize
                0x0000c534        0xc OpENer/source/src/ports/ClearCore/clearcore_wrapper.o
                0x0000c534                ConnectorIO0_Initialize
 .text.ConnectorIO0_SetState
                0x0000c540       0x10 OpENer/source/src/ports/ClearCore/clearcore_wrapper.o
                0x0000c540                ConnectorIO0_SetState
 .text.ConnectorIO1_Initialize
                0x0000c550        0xc OpENer/source/src/ports/ClearCore/clearcore_wrapper.o
                0x0000c550                ConnectorIO1_Initialize
 .text.ConnectorIO2_Initialize
                0x0000c55c        0xc OpENer/source/src/ports/ClearCore/clearcore_wrapper.o
                0x0000c55c                ConnectorIO2_Initialize
 .text.ConnectorIO3_Initialize
                0x0000c568        0xc OpENer/source/src/ports/ClearCore/clearcore_wrapper.o
                0x0000c568                ConnectorIO3_Initialize
 .text.ConnectorIO1_SetState
                0x0000c574       0x10 OpENer/source/src/ports/ClearCore/clearcore_wrapper.o
                0x0000c574                ConnectorIO1_SetState
 .text.ConnectorIO2_SetState
                0x0000c584       0x10 OpENer/source/src/ports/ClearCore/clearcore_wrapper.o
                0x0000c584                ConnectorIO2_SetState
 .text.ConnectorIO3_SetState
                0x0000c594       0x10 OpENer/source/src/ports/ClearCore/clearcore_wrapper.o
                0x0000c594                ConnectorIO3_SetState
 .text.ConnectorIO4_Initialize
                0x0000c5a4        0xc OpENer/source/src/ports/ClearCore/clearcore_wrapper.o
                0x0000c5a4                ConnectorIO4_Initialize
 .text.ConnectorIO5_Initialize
                0x0000c5b0        0xc OpENer/source/src/ports/ClearCore/clearcore_wrapper.o
                0x0000c5b0                ConnectorIO5_Initialize
 .text.ConnectorIO4_SetState
                0x0000c5bc       0x10 OpENer/source/src/ports/ClearCore/clearcore_wrapper.o
                0x0000c5bc                ConnectorIO4_SetState
 .text.ConnectorIO5_SetState
                0x0000c5cc       0x10 OpENer/source/src/ports/ClearCore/clearcore_wrapper.o
                0x0000c5cc                ConnectorIO5_SetState
 .text.ConnectorDI6_GetState
                0x0000c5dc       0x14 OpENer/source/src/ports/ClearCore/clearcore_wrapper.o
                0x0000c5dc                ConnectorDI6_GetState
 .text.ConnectorDI7_GetState
                0x0000c5f0       0x14 OpENer/source/src/ports/ClearCore/clearcore_wrapper.o
                0x0000c5f0                ConnectorDI7_GetState
 .text.ConnectorDI8_GetState
                0x0000c604       0x14 OpENer/source/src/ports/ClearCore/clearcore_wrapper.o
                0x0000c604                ConnectorDI8_GetState
 .text.ConnectorA9_Initialize
                0x0000c618        0xc OpENer/source/src/ports/ClearCore/clearcore_wrapper.o
                0x0000c618                ConnectorA9_Initialize
 .text.ConnectorA10_Initialize
                0x0000c624        0xc OpENer/source/src/ports/ClearCore/clearcore_wrapper.o
                0x0000c624                ConnectorA10_Initialize
 .text.ConnectorA11_Initialize
                0x0000c630        0xc OpENer/source/src/ports/ClearCore/clearcore_wrapper.o
                0x0000c630                ConnectorA11_Initialize
 .text.ConnectorA12_Initialize
                0x0000c63c        0xc OpENer/source/src/ports/ClearCore/clearcore_wrapper.o
                0x0000c63c                ConnectorA12_Initialize
 .text.ConnectorA9_GetState
                0x0000c648       0x14 OpENer/source/src/ports/ClearCore/clearcore_wrapper.o
                0x0000c648                ConnectorA9_GetState
 .text.ConnectorA10_GetState
                0x0000c65c       0x14 OpENer/source/src/ports/ClearCore/clearcore_wrapper.o
                0x0000c65c                ConnectorA10_GetState
 .text.ConnectorA11_GetState
                0x0000c670       0x14 OpENer/source/src/ports/ClearCore/clearcore_wrapper.o
                0x0000c670                ConnectorA11_GetState
 .text.ConnectorA12_GetState
                0x0000c684       0x14 OpENer/source/src/ports/ClearCore/clearcore_wrapper.o
                0x0000c684                ConnectorA12_GetState
 .text.ClearCoreRebootDevice
                0x0000c698       0x3c OpENer/source/src/ports/ClearCore/clearcore_wrapper.o
                0x0000c698                ClearCoreRebootDevice
 .text.ClearCoreTraceOutput
                0x0000c6d4       0xc0 OpENer/source/src/ports/ClearCore/clearcore_wrapper.o
                0x0000c6d4                ClearCoreTraceOutput
 .text.ToolChanger_Initialize
                0x0000c794       0x74 OpENer/source/src/ports/ClearCore/clearcore_wrapper.o
                0x0000c794                ToolChanger_Initialize
 .text.ToolChanger_ClearFaults
                0x0000c808      0x124 OpENer/source/src/ports/ClearCore/clearcore_wrapper.o
                0x0000c808                ToolChanger_ClearFaults
 .text.IfaceApplyConfiguration
                0x0000c92c       0xac OpENer/source/src/ports/ClearCore/clearcore_wrapper.o
                0x0000c92c                IfaceApplyConfiguration
 .text.ClearCoreClearNvram
                0x0000c9d8       0x38 OpENer/source/src/ports/ClearCore/clearcore_wrapper.o
                0x0000c9d8                ClearCoreClearNvram
 .text.ToolChanger_SelectTool
                0x0000ca10      0x1b4 OpENer/source/src/ports/ClearCore/clearcore_wrapper.o
                0x0000ca10                ToolChanger_SelectTool
 .text.ToolChanger_HomeStart
                0x0000cbc4       0xac OpENer/source/src/ports/ClearCore/clearcore_wrapper.o
                0x0000cbc4                ToolChanger_HomeStart
 .text.ToolChanger_Cyclic
                0x0000cc70      0x5e8 OpENer/source/src/ports/ClearCore/clearcore_wrapper.o
                0x0000cc70                ToolChanger_Cyclic
 .text.ToolChanger_EnableMotor
                0x0000d258       0x7c OpENer/source/src/ports/ClearCore/clearcore_wrapper.o
                0x0000d258                ToolChanger_EnableMotor
 .text.opener_init
                0x0000d2d4       0xe4 OpENer/source/src/ports/ClearCore/opener.o
                0x0000d2d4                opener_init
 .text.opener_cyclic
                0x0000d3b8       0x44 OpENer/source/src/ports/ClearCore/opener.o
                0x0000d3b8                opener_cyclic
 .text.opener_get_status
                0x0000d3fc        0xc OpENer/source/src/ports/ClearCore/opener.o
                0x0000d3fc                opener_get_status
 .text.GetSocketErrorNumber
                0x0000d408        0xc OpENer/source/src/ports/ClearCore/opener_error.o
                0x0000d408                GetSocketErrorNumber
 .text.GetErrorMessage
                0x0000d414       0x1c OpENer/source/src/ports/ClearCore/opener_error.o
                0x0000d414                GetErrorMessage
 .text.FreeErrorMessage
                0x0000d430        0x4 OpENer/source/src/ports/ClearCore/opener_error.o
                0x0000d430                FreeErrorMessage
 .text.ClearCoreUpdateInStats
                0x0000d434       0x20 OpENer/source/src/ports/ClearCore/dx200_toolchanger/ethlinkcbs.o
                0x0000d434                ClearCoreUpdateInStats
 .text.ClearCoreUpdateOutStats
                0x0000d454       0x20 OpENer/source/src/ports/ClearCore/dx200_toolchanger/ethlinkcbs.o
                0x0000d454                ClearCoreUpdateOutStats
 .text.ClearCoreIncrementInErrors
                0x0000d474       0x10 OpENer/source/src/ports/ClearCore/dx200_toolchanger/ethlinkcbs.o
                0x0000d474                ClearCoreIncrementInErrors
 .text.ClearCoreIncrementOutErrors
                0x0000d484       0x10 OpENer/source/src/ports/ClearCore/dx200_toolchanger/ethlinkcbs.o
                0x0000d484                ClearCoreIncrementOutErrors
 .text.EthLnkPreGetCallback
                0x0000d494       0x78 OpENer/source/src/ports/ClearCore/dx200_toolchanger/ethlinkcbs.o
                0x0000d494                EthLnkPreGetCallback
 .text.EthLnkPostGetCallback
                0x0000d50c       0x54 OpENer/source/src/ports/ClearCore/dx200_toolchanger/ethlinkcbs.o
                0x0000d50c                EthLnkPostGetCallback
 .text.ApplicationInitialization
                0x0000d560       0xcc OpENer/source/src/ports/ClearCore/dx200_toolchanger/dx200_toolchanger.o
                0x0000d560                ApplicationInitialization
 .text.HandleApplication
                0x0000d62c       0x88 OpENer/source/src/ports/ClearCore/dx200_toolchanger/dx200_toolchanger.o
                0x0000d62c                HandleApplication
 .text.CheckIoConnectionEvent
                0x0000d6b4       0x30 OpENer/source/src/ports/ClearCore/dx200_toolchanger/dx200_toolchanger.o
                0x0000d6b4                CheckIoConnectionEvent
 .text.AfterAssemblyDataReceived
                0x0000d6e4       0x7c OpENer/source/src/ports/ClearCore/dx200_toolchanger/dx200_toolchanger.o
                0x0000d6e4                AfterAssemblyDataReceived
 .text.BeforeAssemblyDataSend
                0x0000d760      0x128 OpENer/source/src/ports/ClearCore/dx200_toolchanger/dx200_toolchanger.o
                0x0000d760                BeforeAssemblyDataSend
 .text.ResetDevice
                0x0000d888       0x14 OpENer/source/src/ports/ClearCore/dx200_toolchanger/dx200_toolchanger.o
                0x0000d888                ResetDevice
 .text.ResetDeviceToInitialConfiguration
                0x0000d89c       0x20 OpENer/source/src/ports/ClearCore/dx200_toolchanger/dx200_toolchanger.o
                0x0000d89c                ResetDeviceToInitialConfiguration
 .text.CipCalloc
                0x0000d8bc        0x4 OpENer/source/src/ports/ClearCore/dx200_toolchanger/dx200_toolchanger.o
                0x0000d8bc                CipCalloc
 .text.CipFree  0x0000d8c0        0x4 OpENer/source/src/ports/ClearCore/dx200_toolchanger/dx200_toolchanger.o
                0x0000d8c0                CipFree
 .text.RunIdleChanged
                0x0000d8c4       0x10 OpENer/source/src/ports/ClearCore/dx200_toolchanger/dx200_toolchanger.o
                0x0000d8c4                RunIdleChanged
 .text.DoublyLinkedListInitialize
                0x0000d8d4        0xc OpENer/source/src/utils/doublylinkedlist.o
                0x0000d8d4                DoublyLinkedListInitialize
 .text.DoublyLinkedListInsertAtHead
                0x0000d8e0       0x20 OpENer/source/src/utils/doublylinkedlist.o
                0x0000d8e0                DoublyLinkedListInsertAtHead
 .text.DoublyLinkedListRemoveNode
                0x0000d900       0x38 OpENer/source/src/utils/doublylinkedlist.o
                0x0000d900                DoublyLinkedListRemoveNode
 .text.InitializeENIPMessage
                0x0000d938       0x14 OpENer/source/src/utils/enipmessage.o
                0x0000d938                InitializeENIPMessage
 .text.lwip_selscan
                0x0000d94c      0x158 D:\Motoman_EnIP_ToolChanger\DX200_ToolChanger\..\LwIP\Release\libLwIP.a(sockets.o)
 .text.event_callback
                0x0000daa4      0x21c D:\Motoman_EnIP_ToolChanger\DX200_ToolChanger\..\LwIP\Release\libLwIP.a(sockets.o)
 .text.lwip_recv_tcp.isra.4
                0x0000dcc0      0x11c D:\Motoman_EnIP_ToolChanger\DX200_ToolChanger\..\LwIP\Release\libLwIP.a(sockets.o)
 .text.lwip_recvfrom_udp_raw.isra.5
                0x0000dddc      0x108 D:\Motoman_EnIP_ToolChanger\DX200_ToolChanger\..\LwIP\Release\libLwIP.a(sockets.o)
 .text.lwip_accept
                0x0000dee4      0x18c D:\Motoman_EnIP_ToolChanger\DX200_ToolChanger\..\LwIP\Release\libLwIP.a(sockets.o)
                0x0000dee4                lwip_accept
 .text.lwip_bind
                0x0000e070       0x78 D:\Motoman_EnIP_ToolChanger\DX200_ToolChanger\..\LwIP\Release\libLwIP.a(sockets.o)
                0x0000e070                lwip_bind
 .text.lwip_close
                0x0000e0e8       0x7c D:\Motoman_EnIP_ToolChanger\DX200_ToolChanger\..\LwIP\Release\libLwIP.a(sockets.o)
                0x0000e0e8                lwip_close
 .text.lwip_listen
                0x0000e164       0x60 D:\Motoman_EnIP_ToolChanger\DX200_ToolChanger\..\LwIP\Release\libLwIP.a(sockets.o)
                0x0000e164                lwip_listen
 .text.lwip_recv
                0x0000e1c4       0x90 D:\Motoman_EnIP_ToolChanger\DX200_ToolChanger\..\LwIP\Release\libLwIP.a(sockets.o)
                0x0000e1c4                lwip_recv
 .text.lwip_send
                0x0000e254       0xe8 D:\Motoman_EnIP_ToolChanger\DX200_ToolChanger\..\LwIP\Release\libLwIP.a(sockets.o)
                0x0000e254                lwip_send
 .text.lwip_socket
                0x0000e33c       0xb4 D:\Motoman_EnIP_ToolChanger\DX200_ToolChanger\..\LwIP\Release\libLwIP.a(sockets.o)
                0x0000e33c                lwip_socket
 .text.lwip_select
                0x0000e3f0      0x7f8 D:\Motoman_EnIP_ToolChanger\DX200_ToolChanger\..\LwIP\Release\libLwIP.a(sockets.o)
                0x0000e3f0                lwip_select
 .text.lwip_shutdown
                0x0000ebe8       0x7c D:\Motoman_EnIP_ToolChanger\DX200_ToolChanger\..\LwIP\Release\libLwIP.a(sockets.o)
                0x0000ebe8                lwip_shutdown
 .text.lwip_getpeername
                0x0000ec64       0x90 D:\Motoman_EnIP_ToolChanger\DX200_ToolChanger\..\LwIP\Release\libLwIP.a(sockets.o)
                0x0000ec64                lwip_getpeername
 .text.lwip_setsockopt
                0x0000ecf4      0x288 D:\Motoman_EnIP_ToolChanger\DX200_ToolChanger\..\LwIP\Release\libLwIP.a(sockets.o)
                0x0000ecf4                lwip_setsockopt
 .text.lwip_fcntl
                0x0000ef7c       0xa8 D:\Motoman_EnIP_ToolChanger\DX200_ToolChanger\..\LwIP\Release\libLwIP.a(sockets.o)
                0x0000ef7c                lwip_fcntl
 .text.tcpip_thread_poll_one
                0x0000f024       0xac D:\Motoman_EnIP_ToolChanger\DX200_ToolChanger\..\LwIP\Release\libLwIP.a(tcpip.o)
                0x0000f024                tcpip_thread_poll_one
 .text.tcpip_try_callback
                0x0000f0d0       0x3c D:\Motoman_EnIP_ToolChanger\DX200_ToolChanger\..\LwIP\Release\libLwIP.a(tcpip.o)
                0x0000f0d0                tcpip_try_callback
 .text.tcpip_send_msg_wait_sem
                0x0000f10c       0x24 D:\Motoman_EnIP_ToolChanger\DX200_ToolChanger\..\LwIP\Release\libLwIP.a(tcpip.o)
                0x0000f10c                tcpip_send_msg_wait_sem
 .text.lwip_htons
                0x0000f130        0x8 D:\Motoman_EnIP_ToolChanger\DX200_ToolChanger\..\LwIP\Release\libLwIP.a(def.o)
                0x0000f130                lwip_htons
 .text.lwip_htonl
                0x0000f138        0x4 D:\Motoman_EnIP_ToolChanger\DX200_ToolChanger\..\LwIP\Release\libLwIP.a(def.o)
                0x0000f138                lwip_htonl
 .text.lwip_init
                0x0000f13c       0x28 D:\Motoman_EnIP_ToolChanger\DX200_ToolChanger\..\LwIP\Release\libLwIP.a(init.o)
                0x0000f13c                lwip_init
 .text.ip4_route
                0x0000f164       0x84 D:\Motoman_EnIP_ToolChanger\DX200_ToolChanger\..\LwIP\Release\libLwIP.a(ip4.o)
                0x0000f164                ip4_route
 .text.ip4_input
                0x0000f1e8      0x23c D:\Motoman_EnIP_ToolChanger\DX200_ToolChanger\..\LwIP\Release\libLwIP.a(ip4.o)
                0x0000f1e8                ip4_input
 .text.ip4_output_if
                0x0000f424      0x10c D:\Motoman_EnIP_ToolChanger\DX200_ToolChanger\..\LwIP\Release\libLwIP.a(ip4.o)
                0x0000f424                ip4_output_if
 .text.ip4_output_if_src
                0x0000f530       0xfc D:\Motoman_EnIP_ToolChanger\DX200_ToolChanger\..\LwIP\Release\libLwIP.a(ip4.o)
                0x0000f530                ip4_output_if_src
 .text.ip4_addr_isbroadcast_u32
                0x0000f62c       0x34 D:\Motoman_EnIP_ToolChanger\DX200_ToolChanger\..\LwIP\Release\libLwIP.a(ip4_addr.o)
                0x0000f62c                ip4_addr_isbroadcast_u32
 .text.ipfrag_free_pbuf_custom
                0x0000f660       0x18 D:\Motoman_EnIP_ToolChanger\DX200_ToolChanger\..\LwIP\Release\libLwIP.a(ip4_frag.o)
 .text.ip_reass_remove_oldest_datagram
                0x0000f678      0x11c D:\Motoman_EnIP_ToolChanger\DX200_ToolChanger\..\LwIP\Release\libLwIP.a(ip4_frag.o)
 .text.ip_reass_tmr
                0x0000f794       0xcc D:\Motoman_EnIP_ToolChanger\DX200_ToolChanger\..\LwIP\Release\libLwIP.a(ip4_frag.o)
                0x0000f794                ip_reass_tmr
 .text.ip4_reass
                0x0000f860      0x39c D:\Motoman_EnIP_ToolChanger\DX200_ToolChanger\..\LwIP\Release\libLwIP.a(ip4_frag.o)
                0x0000f860                ip4_reass
 .text.ip4_frag
                0x0000fbfc      0x1b8 D:\Motoman_EnIP_ToolChanger\DX200_ToolChanger\..\LwIP\Release\libLwIP.a(ip4_frag.o)
                0x0000fbfc                ip4_frag
 .text.mem_init
                0x0000fdb4       0x3c D:\Motoman_EnIP_ToolChanger\DX200_ToolChanger\..\LwIP\Release\libLwIP.a(mem.o)
                0x0000fdb4                mem_init
 .text.mem_free
                0x0000fdf0       0xf4 D:\Motoman_EnIP_ToolChanger\DX200_ToolChanger\..\LwIP\Release\libLwIP.a(mem.o)
                0x0000fdf0                mem_free
 .text.mem_trim
                0x0000fee4       0xe4 D:\Motoman_EnIP_ToolChanger\DX200_ToolChanger\..\LwIP\Release\libLwIP.a(mem.o)
                0x0000fee4                mem_trim
 .text.mem_malloc
                0x0000ffc8       0xf4 D:\Motoman_EnIP_ToolChanger\DX200_ToolChanger\..\LwIP\Release\libLwIP.a(mem.o)
                0x0000ffc8                mem_malloc
 .text.mem_calloc
                0x000100bc       0x28 D:\Motoman_EnIP_ToolChanger\DX200_ToolChanger\..\LwIP\Release\libLwIP.a(mem.o)
                0x000100bc                mem_calloc
 .text.memp_init
                0x000100e4       0x5c D:\Motoman_EnIP_ToolChanger\DX200_ToolChanger\..\LwIP\Release\libLwIP.a(memp.o)
                0x000100e4                memp_init
 .text.memp_malloc
                0x00010140       0x20 D:\Motoman_EnIP_ToolChanger\DX200_ToolChanger\..\LwIP\Release\libLwIP.a(memp.o)
                0x00010140                memp_malloc
 .text.memp_free
                0x00010160       0x1c D:\Motoman_EnIP_ToolChanger\DX200_ToolChanger\..\LwIP\Release\libLwIP.a(memp.o)
                0x00010160                memp_free
 .text.netif_null_output_ip4
                0x0001017c        0x8 D:\Motoman_EnIP_ToolChanger\DX200_ToolChanger\..\LwIP\Release\libLwIP.a(netif.o)
 .text.netif_init
                0x00010184        0x4 D:\Motoman_EnIP_ToolChanger\DX200_ToolChanger\..\LwIP\Release\libLwIP.a(netif.o)
                0x00010184                netif_init
 .text.netif_add
                0x00010188      0x140 D:\Motoman_EnIP_ToolChanger\DX200_ToolChanger\..\LwIP\Release\libLwIP.a(netif.o)
                0x00010188                netif_add
 .text.netif_set_addr
                0x000102c8       0xfc D:\Motoman_EnIP_ToolChanger\DX200_ToolChanger\..\LwIP\Release\libLwIP.a(netif.o)
                0x000102c8                netif_set_addr
 .text.netif_set_default
                0x000103c4        0xc D:\Motoman_EnIP_ToolChanger\DX200_ToolChanger\..\LwIP\Release\libLwIP.a(netif.o)
                0x000103c4                netif_set_default
 .text.netif_set_up
                0x000103d0       0x44 D:\Motoman_EnIP_ToolChanger\DX200_ToolChanger\..\LwIP\Release\libLwIP.a(netif.o)
                0x000103d0                netif_set_up
 .text.netif_set_link_up
                0x00010414       0x48 D:\Motoman_EnIP_ToolChanger\DX200_ToolChanger\..\LwIP\Release\libLwIP.a(netif.o)
                0x00010414                netif_set_link_up
 .text.netif_get_by_index
                0x0001045c       0x28 D:\Motoman_EnIP_ToolChanger\DX200_ToolChanger\..\LwIP\Release\libLwIP.a(netif.o)
                0x0001045c                netif_get_by_index
 .text.netif_find
                0x00010484       0x4c D:\Motoman_EnIP_ToolChanger\DX200_ToolChanger\..\LwIP\Release\libLwIP.a(netif.o)
                0x00010484                netif_find
 .text.pbuf_free_ooseq_callback
                0x000104d0       0x28 D:\Motoman_EnIP_ToolChanger\DX200_ToolChanger\..\LwIP\Release\libLwIP.a(pbuf.o)
 .text.pbuf_alloc
                0x000104f8      0x194 D:\Motoman_EnIP_ToolChanger\DX200_ToolChanger\..\LwIP\Release\libLwIP.a(pbuf.o)
                0x000104f8                pbuf_alloc
 .text.pbuf_alloced_custom
                0x0001068c       0x3c D:\Motoman_EnIP_ToolChanger\DX200_ToolChanger\..\LwIP\Release\libLwIP.a(pbuf.o)
                0x0001068c                pbuf_alloced_custom
 .text.pbuf_realloc
                0x000106c8       0xb0 D:\Motoman_EnIP_ToolChanger\DX200_ToolChanger\..\LwIP\Release\libLwIP.a(pbuf.o)
                0x000106c8                pbuf_realloc
 .text.pbuf_add_header
                0x00010778       0x48 D:\Motoman_EnIP_ToolChanger\DX200_ToolChanger\..\LwIP\Release\libLwIP.a(pbuf.o)
                0x00010778                pbuf_add_header
 .text.pbuf_remove_header
                0x000107c0       0x34 D:\Motoman_EnIP_ToolChanger\DX200_ToolChanger\..\LwIP\Release\libLwIP.a(pbuf.o)
                0x000107c0                pbuf_remove_header
 .text.pbuf_header_force
                0x000107f4       0x68 D:\Motoman_EnIP_ToolChanger\DX200_ToolChanger\..\LwIP\Release\libLwIP.a(pbuf.o)
                0x000107f4                pbuf_header_force
 .text.pbuf_free_header
                0x0001085c       0x90 D:\Motoman_EnIP_ToolChanger\DX200_ToolChanger\..\LwIP\Release\libLwIP.a(pbuf.o)
                0x0001085c                pbuf_free_header
 .text.pbuf_free
                0x000108ec       0x6c D:\Motoman_EnIP_ToolChanger\DX200_ToolChanger\..\LwIP\Release\libLwIP.a(pbuf.o)
                0x000108ec                pbuf_free
 .text.pbuf_clen
                0x00010958       0x18 D:\Motoman_EnIP_ToolChanger\DX200_ToolChanger\..\LwIP\Release\libLwIP.a(pbuf.o)
                0x00010958                pbuf_clen
 .text.pbuf_ref
                0x00010970        0xc D:\Motoman_EnIP_ToolChanger\DX200_ToolChanger\..\LwIP\Release\libLwIP.a(pbuf.o)
                0x00010970                pbuf_ref
 .text.pbuf_cat
                0x0001097c       0x30 D:\Motoman_EnIP_ToolChanger\DX200_ToolChanger\..\LwIP\Release\libLwIP.a(pbuf.o)
                0x0001097c                pbuf_cat
 .text.pbuf_chain
                0x000109ac       0x44 D:\Motoman_EnIP_ToolChanger\DX200_ToolChanger\..\LwIP\Release\libLwIP.a(pbuf.o)
                0x000109ac                pbuf_chain
 .text.pbuf_copy
                0x000109f0       0xa8 D:\Motoman_EnIP_ToolChanger\DX200_ToolChanger\..\LwIP\Release\libLwIP.a(pbuf.o)
                0x000109f0                pbuf_copy
 .text.pbuf_copy_partial
                0x00010a98       0x70 D:\Motoman_EnIP_ToolChanger\DX200_ToolChanger\..\LwIP\Release\libLwIP.a(pbuf.o)
                0x00010a98                pbuf_copy_partial
 .text.pbuf_take
                0x00010b08       0x50 D:\Motoman_EnIP_ToolChanger\DX200_ToolChanger\..\LwIP\Release\libLwIP.a(pbuf.o)
                0x00010b08                pbuf_take
 .text.pbuf_take_at
                0x00010b58       0xa4 D:\Motoman_EnIP_ToolChanger\DX200_ToolChanger\..\LwIP\Release\libLwIP.a(pbuf.o)
                0x00010b58                pbuf_take_at
 .text.pbuf_clone
                0x00010bfc      0x1c0 D:\Motoman_EnIP_ToolChanger\DX200_ToolChanger\..\LwIP\Release\libLwIP.a(pbuf.o)
                0x00010bfc                pbuf_clone
 .text.pbuf_put_at
                0x00010dbc       0x24 D:\Motoman_EnIP_ToolChanger\DX200_ToolChanger\..\LwIP\Release\libLwIP.a(pbuf.o)
                0x00010dbc                pbuf_put_at
 .text.raw_input
                0x00010de0      0x11c D:\Motoman_EnIP_ToolChanger\DX200_ToolChanger\..\LwIP\Release\libLwIP.a(raw.o)
                0x00010de0                raw_input
 .text.raw_bind
                0x00010efc       0x14 D:\Motoman_EnIP_ToolChanger\DX200_ToolChanger\..\LwIP\Release\libLwIP.a(raw.o)
                0x00010efc                raw_bind
 .text.raw_bind_netif
                0x00010f10       0x10 D:\Motoman_EnIP_ToolChanger\DX200_ToolChanger\..\LwIP\Release\libLwIP.a(raw.o)
                0x00010f10                raw_bind_netif
 .text.raw_recv
                0x00010f20        0x8 D:\Motoman_EnIP_ToolChanger\DX200_ToolChanger\..\LwIP\Release\libLwIP.a(raw.o)
                0x00010f20                raw_recv
 .text.raw_sendto
                0x00010f28      0x138 D:\Motoman_EnIP_ToolChanger\DX200_ToolChanger\..\LwIP\Release\libLwIP.a(raw.o)
                0x00010f28                raw_sendto
 .text.raw_send
                0x00011060      0x138 D:\Motoman_EnIP_ToolChanger\DX200_ToolChanger\..\LwIP\Release\libLwIP.a(raw.o)
                0x00011060                raw_send
 .text.raw_remove
                0x00011198       0x44 D:\Motoman_EnIP_ToolChanger\DX200_ToolChanger\..\LwIP\Release\libLwIP.a(raw.o)
                0x00011198                raw_remove
 .text.raw_new_ip_type
                0x000111dc       0x30 D:\Motoman_EnIP_ToolChanger\DX200_ToolChanger\..\LwIP\Release\libLwIP.a(raw.o)
                0x000111dc                raw_new_ip_type
 .text.raw_netif_ip_addr_changed
                0x0001120c       0x34 D:\Motoman_EnIP_ToolChanger\DX200_ToolChanger\..\LwIP\Release\libLwIP.a(raw.o)
                0x0001120c                raw_netif_ip_addr_changed
 .text.tcp_pcb_purge.part.1
                0x00011240       0x80 D:\Motoman_EnIP_ToolChanger\DX200_ToolChanger\..\LwIP\Release\libLwIP.a(tcp.o)
 .text.tcp_close_shutdown
                0x000112c0      0x21c D:\Motoman_EnIP_ToolChanger\DX200_ToolChanger\..\LwIP\Release\libLwIP.a(tcp.o)
 .text.tcp_recv_null
                0x000114dc       0x98 D:\Motoman_EnIP_ToolChanger\DX200_ToolChanger\..\LwIP\Release\libLwIP.a(tcp.o)
                0x000114dc                tcp_recv_null
 .text.tcp_init
                0x00011574       0x18 D:\Motoman_EnIP_ToolChanger\DX200_ToolChanger\..\LwIP\Release\libLwIP.a(tcp.o)
                0x00011574                tcp_init
 .text.tcp_free
                0x0001158c        0x8 D:\Motoman_EnIP_ToolChanger\DX200_ToolChanger\..\LwIP\Release\libLwIP.a(tcp.o)
                0x0001158c                tcp_free
 .text.tcp_close
                0x00011594      0x238 D:\Motoman_EnIP_ToolChanger\DX200_ToolChanger\..\LwIP\Release\libLwIP.a(tcp.o)
                0x00011594                tcp_close
 .text.tcp_shutdown
                0x000117cc       0x60 D:\Motoman_EnIP_ToolChanger\DX200_ToolChanger\..\LwIP\Release\libLwIP.a(tcp.o)
                0x000117cc                tcp_shutdown
 .text.tcp_abandon
                0x0001182c      0x1bc D:\Motoman_EnIP_ToolChanger\DX200_ToolChanger\..\LwIP\Release\libLwIP.a(tcp.o)
                0x0001182c                tcp_abandon
 .text.tcp_accept_null
                0x000119e8       0x10 D:\Motoman_EnIP_ToolChanger\DX200_ToolChanger\..\LwIP\Release\libLwIP.a(tcp.o)
 .text.tcp_abort
                0x000119f8        0x8 D:\Motoman_EnIP_ToolChanger\DX200_ToolChanger\..\LwIP\Release\libLwIP.a(tcp.o)
                0x000119f8                tcp_abort
 .text.tcp_bind
                0x00011a00      0x114 D:\Motoman_EnIP_ToolChanger\DX200_ToolChanger\..\LwIP\Release\libLwIP.a(tcp.o)
                0x00011a00                tcp_bind
 .text.tcp_bind_netif
                0x00011b14       0x10 D:\Motoman_EnIP_ToolChanger\DX200_ToolChanger\..\LwIP\Release\libLwIP.a(tcp.o)
                0x00011b14                tcp_bind_netif
 .text.tcp_listen_with_backlog_and_err
                0x00011b24       0xdc D:\Motoman_EnIP_ToolChanger\DX200_ToolChanger\..\LwIP\Release\libLwIP.a(tcp.o)
                0x00011b24                tcp_listen_with_backlog_and_err
 .text.tcp_update_rcv_ann_wnd
                0x00011c00       0x44 D:\Motoman_EnIP_ToolChanger\DX200_ToolChanger\..\LwIP\Release\libLwIP.a(tcp.o)
                0x00011c00                tcp_update_rcv_ann_wnd
 .text.tcp_recved
                0x00011c44       0x64 D:\Motoman_EnIP_ToolChanger\DX200_ToolChanger\..\LwIP\Release\libLwIP.a(tcp.o)
                0x00011c44                tcp_recved
 .text.tcp_slowtmr
                0x00011ca8      0x408 D:\Motoman_EnIP_ToolChanger\DX200_ToolChanger\..\LwIP\Release\libLwIP.a(tcp.o)
                0x00011ca8                tcp_slowtmr
 .text.tcp_fasttmr
                0x000120b0      0x184 D:\Motoman_EnIP_ToolChanger\DX200_ToolChanger\..\LwIP\Release\libLwIP.a(tcp.o)
                0x000120b0                tcp_fasttmr
 .text.tcp_tmr  0x00012234       0x24 D:\Motoman_EnIP_ToolChanger\DX200_ToolChanger\..\LwIP\Release\libLwIP.a(tcp.o)
                0x00012234                tcp_tmr
 .text.tcp_process_refused_data
                0x00012258       0xcc D:\Motoman_EnIP_ToolChanger\DX200_ToolChanger\..\LwIP\Release\libLwIP.a(tcp.o)
                0x00012258                tcp_process_refused_data
 .text.tcp_segs_free
                0x00012324       0x24 D:\Motoman_EnIP_ToolChanger\DX200_ToolChanger\..\LwIP\Release\libLwIP.a(tcp.o)
                0x00012324                tcp_segs_free
 .text.tcp_seg_free
                0x00012348       0x1c D:\Motoman_EnIP_ToolChanger\DX200_ToolChanger\..\LwIP\Release\libLwIP.a(tcp.o)
                0x00012348                tcp_seg_free
 .text.tcp_seg_copy
                0x00012364       0x28 D:\Motoman_EnIP_ToolChanger\DX200_ToolChanger\..\LwIP\Release\libLwIP.a(tcp.o)
                0x00012364                tcp_seg_copy
 .text.tcp_alloc
                0x0001238c      0x1e8 D:\Motoman_EnIP_ToolChanger\DX200_ToolChanger\..\LwIP\Release\libLwIP.a(tcp.o)
                0x0001238c                tcp_alloc
 .text.tcp_new_ip_type
                0x00012574        0x8 D:\Motoman_EnIP_ToolChanger\DX200_ToolChanger\..\LwIP\Release\libLwIP.a(tcp.o)
                0x00012574                tcp_new_ip_type
 .text.tcp_arg  0x0001257c        0x8 D:\Motoman_EnIP_ToolChanger\DX200_ToolChanger\..\LwIP\Release\libLwIP.a(tcp.o)
                0x0001257c                tcp_arg
 .text.tcp_recv
                0x00012584        0x8 D:\Motoman_EnIP_ToolChanger\DX200_ToolChanger\..\LwIP\Release\libLwIP.a(tcp.o)
                0x00012584                tcp_recv
 .text.tcp_sent
                0x0001258c        0x8 D:\Motoman_EnIP_ToolChanger\DX200_ToolChanger\..\LwIP\Release\libLwIP.a(tcp.o)
                0x0001258c                tcp_sent
 .text.tcp_err  0x00012594        0x8 D:\Motoman_EnIP_ToolChanger\DX200_ToolChanger\..\LwIP\Release\libLwIP.a(tcp.o)
                0x00012594                tcp_err
 .text.tcp_accept
                0x0001259c        0xc D:\Motoman_EnIP_ToolChanger\DX200_ToolChanger\..\LwIP\Release\libLwIP.a(tcp.o)
                0x0001259c                tcp_accept
 .text.tcp_poll
                0x000125a8        0xc D:\Motoman_EnIP_ToolChanger\DX200_ToolChanger\..\LwIP\Release\libLwIP.a(tcp.o)
                0x000125a8                tcp_poll
 .text.tcp_pcb_purge
                0x000125b4       0x14 D:\Motoman_EnIP_ToolChanger\DX200_ToolChanger\..\LwIP\Release\libLwIP.a(tcp.o)
                0x000125b4                tcp_pcb_purge
 .text.tcp_pcb_remove
                0x000125c8       0x70 D:\Motoman_EnIP_ToolChanger\DX200_ToolChanger\..\LwIP\Release\libLwIP.a(tcp.o)
                0x000125c8                tcp_pcb_remove
 .text.tcp_next_iss
                0x00012638       0x18 D:\Motoman_EnIP_ToolChanger\DX200_ToolChanger\..\LwIP\Release\libLwIP.a(tcp.o)
                0x00012638                tcp_next_iss
 .text.tcp_eff_send_mss_netif
                0x00012650       0x1c D:\Motoman_EnIP_ToolChanger\DX200_ToolChanger\..\LwIP\Release\libLwIP.a(tcp.o)
                0x00012650                tcp_eff_send_mss_netif
 .text.tcp_netif_ip_addr_changed
                0x0001266c       0xa0 D:\Motoman_EnIP_ToolChanger\DX200_ToolChanger\..\LwIP\Release\libLwIP.a(tcp.o)
                0x0001266c                tcp_netif_ip_addr_changed
 .text.tcp_free_ooseq
                0x0001270c       0x28 D:\Motoman_EnIP_ToolChanger\DX200_ToolChanger\..\LwIP\Release\libLwIP.a(tcp.o)
                0x0001270c                tcp_free_ooseq
 .text.tcp_oos_insert_segment
                0x00012734       0xb4 D:\Motoman_EnIP_ToolChanger\DX200_ToolChanger\..\LwIP\Release\libLwIP.a(tcp_in.o)
 .text.tcp_parseopt.isra.0
                0x000127e8      0x140 D:\Motoman_EnIP_ToolChanger\DX200_ToolChanger\..\LwIP\Release\libLwIP.a(tcp_in.o)
 .text.unlikely.tcp_input_delayed_close.part.1
                0x00012928       0x30 D:\Motoman_EnIP_ToolChanger\DX200_ToolChanger\..\LwIP\Release\libLwIP.a(tcp_in.o)
 .text.tcp_receive
                0x00012958      0x818 D:\Motoman_EnIP_ToolChanger\DX200_ToolChanger\..\LwIP\Release\libLwIP.a(tcp_in.o)
 .text.tcp_input
                0x00013170      0xa1c D:\Motoman_EnIP_ToolChanger\DX200_ToolChanger\..\LwIP\Release\libLwIP.a(tcp_in.o)
                0x00013170                tcp_input
 .text.tcp_trigger_input_pcb_close
                0x00013b8c       0x14 D:\Motoman_EnIP_ToolChanger\DX200_ToolChanger\..\LwIP\Release\libLwIP.a(tcp_in.o)
                0x00013b8c                tcp_trigger_input_pcb_close
 .text.tcp_create_segment.isra.2
                0x00013ba0       0xb4 D:\Motoman_EnIP_ToolChanger\DX200_ToolChanger\..\LwIP\Release\libLwIP.a(tcp_out.o)
 .text.tcp_write
                0x00013c54      0x538 D:\Motoman_EnIP_ToolChanger\DX200_ToolChanger\..\LwIP\Release\libLwIP.a(tcp_out.o)
                0x00013c54                tcp_write
 .text.tcp_split_unsent_seg
                0x0001418c      0x134 D:\Motoman_EnIP_ToolChanger\DX200_ToolChanger\..\LwIP\Release\libLwIP.a(tcp_out.o)
                0x0001418c                tcp_split_unsent_seg
 .text.tcp_send_fin
                0x000142c0       0xb4 D:\Motoman_EnIP_ToolChanger\DX200_ToolChanger\..\LwIP\Release\libLwIP.a(tcp_out.o)
                0x000142c0                tcp_send_fin
 .text.tcp_enqueue_flags
                0x00014374       0x94 D:\Motoman_EnIP_ToolChanger\DX200_ToolChanger\..\LwIP\Release\libLwIP.a(tcp_out.o)
                0x00014374                tcp_enqueue_flags
 .text.tcp_rexmit_rto_prepare
                0x00014408       0x60 D:\Motoman_EnIP_ToolChanger\DX200_ToolChanger\..\LwIP\Release\libLwIP.a(tcp_out.o)
                0x00014408                tcp_rexmit_rto_prepare
 .text.tcp_rexmit
                0x00014468       0x6c D:\Motoman_EnIP_ToolChanger\DX200_ToolChanger\..\LwIP\Release\libLwIP.a(tcp_out.o)
                0x00014468                tcp_rexmit
 .text.tcp_rexmit_fast
                0x000144d4       0xa8 D:\Motoman_EnIP_ToolChanger\DX200_ToolChanger\..\LwIP\Release\libLwIP.a(tcp_out.o)
                0x000144d4                tcp_rexmit_fast
 .text.tcp_rst  0x0001457c       0xec D:\Motoman_EnIP_ToolChanger\DX200_ToolChanger\..\LwIP\Release\libLwIP.a(tcp_out.o)
                0x0001457c                tcp_rst
 .text.tcp_send_empty_ack
                0x00014668       0xfc D:\Motoman_EnIP_ToolChanger\DX200_ToolChanger\..\LwIP\Release\libLwIP.a(tcp_out.o)
                0x00014668                tcp_send_empty_ack
 .text.tcp_output